[2025-09-23 09:44:45.176 +08:00 ERR Failed executing DbCommand (20ms) [Parameters=[], CommandType='"Text"', CommandTimeout='30']
SELECT "MigrationId", "ProductVersion"
FROM "__EFMigrationsHistory"
ORDER BY "MigrationId"; {"EventId":{"Id":20102,"Name":"Microsoft.EntityFrameworkCore.Database.Command.CommandError"},"SourceContext":"Microsoft.EntityFrameworkCore.Database.Command"}
][2025-09-23 09:48:26.597 +08:00 INF Starting up FinanceService {}
][2025-09-23 09:48:27.008 +08:00 INF Configured endpoint DESKTOPHUMQD41_FinanceService_endpoint_ub8oyybzsrcong89bdq9wo4ky7, Consumer: FinanceService.OrderEvents.Consumers.OrderConfirmedConsumer {"SourceContext":"MassTransit"}
][2025-09-23 09:48:27.015 +08:00 INF Configured endpoint DESKTOPHUMQD41_FinanceService_endpoint_ub8oyybzsrcong89bdq9wo4ky7, Consumer: FinanceService.Consumers.UserEvents.UserCreatedConsumer {"SourceContext":"MassTransit"}
][2025-09-23 09:48:27.250 +08:00 INF Now listening on: http://localhost:5062 {"EventId":{"Id":14,"Name":"ListeningOnAddress"},"SourceContext":"Microsoft.Hosting.Lifetime"}
][2025-09-23 09:48:27.254 +08:00 INF Application started. Press Ctrl+C to shut down. {"SourceContext":"Microsoft.Hosting.Lifetime"}
][2025-09-23 09:48:27.255 +08:00 INF Hosting environment: Development {"SourceContext":"Microsoft.Hosting.Lifetime"}
][2025-09-23 09:48:27.257 +08:00 INF Content root path: C:\Users\jeffr\Documents\Programming\Chomp\FinanceService {"SourceContext":"Microsoft.Hosting.Lifetime"}
][2025-09-23 09:48:27.373 +08:00 INF Bus started: "rabbitmq://localhost/" {"SourceContext":"MassTransit"}
][2025-09-23 09:48:51.108 +08:00 WRN Failed to determine the https port for redirect. {"EventId":{"Id":3,"Name":"FailedToDeterminePort"},"SourceContext":"Microsoft.AspNetCore.HttpsPolicy.HttpsRedirectionMiddleware","RequestId":"0HNFQ8DC6ORSR:00000001","RequestPath":"/","ConnectionId":"0HNFQ8DC6ORSR"}
][2025-09-23 09:52:22.830 +08:00 INF Creating a wallet for user with ID "2db05cb6-5b5b-4266-b9fb-59b8e0d2cd0b" {"SourceContext":"FinanceService.Consumers.UserEvents.UserCreatedConsumer"}
][2025-09-23 09:52:22.947 +08:00 INF Successfully created a wallet for user with ID "2db05cb6-5b5b-4266-b9fb-59b8e0d2cd0b" - wallet ID "2d07afd1-1cd3-4450-80a4-87d7ab00ffe9" {"SourceContext":"FinanceService.Consumers.UserEvents.UserCreatedConsumer"}
][2025-09-23 09:53:27.405 +08:00 INF Usage Telemetry: {"id":"984f0000-37b1-1901-1d04-08ddfa434a1c","created":"2025-09-23T09:48:26.9588947\u002B08:00","host":{"framework_version":"8.0.17","mass_transit_version":"8.5.2.0","operating_system_version":"Microsoft Windows NT 10.0.26100.0","time_zone_info":"(UTC\u002B08:00) Kuala Lumpur, Singapore","commit_hash":"96adb565f7cc311488d1df104549f924203be760"},"bus":[{"created":"2025-09-23T09:48:26.9606872\u002B08:00","configured":"2025-09-23T09:48:27.0951270\u002B08:00","started":"2025-09-23T09:48:27.3723071\u002B08:00","name":"IBus","endpoints":[{"name":"DESKTOPHUMQD41_FinanceService_endpoint_ub8oyybzsrcong89bdq9wo4ky7","type":"RabbitMQ","prefetch_count":16,"consumer_count":2,"message_count":2},{"name":"_bus_","type":"RabbitMQ","prefetch_count":16}]}]} {"SourceContext":"MassTransit"}
][2025-09-23 09:59:31.947 +08:00 ERR System.Exception: User with ID 2db05cb6-5b5b-4266-b9fb-59b8e0d2cd0b does not have a wallet
   at FinanceService.Services.ChompWalletService.ChompWalletDebit(OrderConfirmedEvent message) in C:\Users\jeffr\Documents\Programming\Chomp\FinanceService\Services\ChompWalletService.cs:line 32
   at FinanceService.Services.ChompWalletService.ChompWalletDebit(OrderConfirmedEvent message) in C:\Users\jeffr\Documents\Programming\Chomp\FinanceService\Services\ChompWalletService.cs:line 103
   at FinanceService.Services.ChompWalletService.ChompWalletDebit(OrderConfirmedEvent message) in C:\Users\jeffr\Documents\Programming\Chomp\FinanceService\Services\ChompWalletService.cs:line 104
   at FinanceService.OrderEvents.Consumers.OrderConfirmedConsumer.Consume(ConsumeContext`1 context) in C:\Users\jeffr\Documents\Programming\Chomp\FinanceService\Consumers\OrderEvents\OrderConfirmedConsumer.cs:line 42 {"SourceContext":"FinanceService.OrderEvents.Consumers.OrderConfirmedConsumer"}
][2025-09-23 10:00:30.878 +08:00 INF Application is shutting down... {"SourceContext":"Microsoft.Hosting.Lifetime"}
][2025-09-23 10:00:30.934 +08:00 INF Bus stopped: "rabbitmq://localhost/" {"SourceContext":"MassTransit"}
][2025-09-23 10:00:38.488 +08:00 INF Starting up FinanceService {}
][2025-09-23 10:00:38.627 +08:00 INF Configured endpoint DESKTOPHUMQD41_FinanceService_endpoint_tyaoyybzsrcodenxbdq9wt86b1, Consumer: FinanceService.OrderEvents.Consumers.OrderConfirmedConsumer {"SourceContext":"MassTransit"}
][2025-09-23 10:00:38.634 +08:00 INF Configured endpoint DESKTOPHUMQD41_FinanceService_endpoint_tyaoyybzsrcodenxbdq9wt86b1, Consumer: FinanceService.Consumers.UserEvents.UserCreatedConsumer {"SourceContext":"MassTransit"}
][2025-09-23 10:00:38.810 +08:00 INF Now listening on: http://localhost:5062 {"EventId":{"Id":14,"Name":"ListeningOnAddress"},"SourceContext":"Microsoft.Hosting.Lifetime"}
][2025-09-23 10:00:38.814 +08:00 INF Application started. Press Ctrl+C to shut down. {"SourceContext":"Microsoft.Hosting.Lifetime"}
][2025-09-23 10:00:38.815 +08:00 INF Hosting environment: Development {"SourceContext":"Microsoft.Hosting.Lifetime"}
][2025-09-23 10:00:38.817 +08:00 INF Content root path: C:\Users\jeffr\Documents\Programming\Chomp\FinanceService {"SourceContext":"Microsoft.Hosting.Lifetime"}
][2025-09-23 10:00:38.935 +08:00 INF Bus started: "rabbitmq://localhost/" {"SourceContext":"MassTransit"}
][2025-09-23 10:01:54.256 +08:00 INF Application is shutting down... {"SourceContext":"Microsoft.Hosting.Lifetime"}
][2025-09-23 10:01:54.314 +08:00 INF Bus stopped: "rabbitmq://localhost/" {"SourceContext":"MassTransit"}
][2025-09-23 10:01:58.904 +08:00 INF Starting up FinanceService {}
][2025-09-23 10:01:59.036 +08:00 INF Configured endpoint DESKTOPHUMQD41_FinanceService_endpoint_jbnyyybzsrconpojbdq9wtjqbb, Consumer: FinanceService.OrderEvents.Consumers.OrderConfirmedConsumer {"SourceContext":"MassTransit"}
][2025-09-23 10:01:59.042 +08:00 INF Configured endpoint DESKTOPHUMQD41_FinanceService_endpoint_jbnyyybzsrconpojbdq9wtjqbb, Consumer: FinanceService.Consumers.UserEvents.UserCreatedConsumer {"SourceContext":"MassTransit"}
][2025-09-23 10:01:59.182 +08:00 INF Now listening on: http://localhost:5062 {"EventId":{"Id":14,"Name":"ListeningOnAddress"},"SourceContext":"Microsoft.Hosting.Lifetime"}
][2025-09-23 10:01:59.185 +08:00 INF Application started. Press Ctrl+C to shut down. {"SourceContext":"Microsoft.Hosting.Lifetime"}
][2025-09-23 10:01:59.186 +08:00 INF Hosting environment: Development {"SourceContext":"Microsoft.Hosting.Lifetime"}
][2025-09-23 10:01:59.187 +08:00 INF Content root path: C:\Users\jeffr\Documents\Programming\Chomp\FinanceService {"SourceContext":"Microsoft.Hosting.Lifetime"}
][2025-09-23 10:01:59.384 +08:00 INF Bus started: "rabbitmq://localhost/" {"SourceContext":"MassTransit"}
][2025-09-23 10:03:37.154 +08:00 INF Payment succeeded for user "2db05cb6-5b5b-4266-b9fb-59b8e0d2cd0b", order "e3cd478c-8ab2-4657-8438-af4158b658e8", new balance 43.03 {"SourceContext":"FinanceService.Services.ChompWalletService"}
][2025-09-23 10:05:54.175 +08:00 WRN Failed to determine the https port for redirect. {"EventId":{"Id":3,"Name":"FailedToDeterminePort"},"SourceContext":"Microsoft.AspNetCore.HttpsPolicy.HttpsRedirectionMiddleware","RequestId":"0HNFQ8MT3ND9S:00000001","RequestPath":"/api/wallet/topup","ConnectionId":"0HNFQ8MT3ND9S"}
][2025-09-23 10:05:54.203 +08:00 ERR Unhandled exception occurred while processing /api/wallet/topup {"RequestId":"0HNFQ8MT3ND9S:00000001","RequestPath":"/api/wallet/topup","ConnectionId":"0HNFQ8MT3ND9S"}
System.InvalidOperationException: Unable to resolve service for type 'FinanceService.Services.WalletService' while attempting to activate 'FinanceService.Controllers.WalletController'.
   at Microsoft.Extensions.DependencyInjection.ActivatorUtilities.ThrowHelperUnableToResolveService(Type type, Type requiredBy)
   at lambda_method216(Closure, IServiceProvider, Object[])
   at Microsoft.AspNetCore.Mvc.Controllers.ControllerFactoryProvider.<>c__DisplayClass6_0.<CreateControllerFactory>g__CreateController|0(ControllerContext controllerContext)
   at Microsoft.AspNetCore.Mvc.Infrastructure.ControllerActionInvoker.Next(State& next, Scope& scope, Object& state, Boolean& isCompleted)
   at Microsoft.AspNetCore.Mvc.Infrastructure.ControllerActionInvoker.InvokeInnerFilterAsync()
--- End of stack trace from previous location ---
   at Microsoft.AspNetCore.Mvc.Infrastructure.ResourceInvoker.<InvokeFilterPipelineAsync>g__Awaited|20_0(ResourceInvoker invoker, Task lastTask, State next, Scope scope, Object state, Boolean isCompleted)
   at Microsoft.AspNetCore.Mvc.Infrastructure.ResourceInvoker.<InvokeAsync>g__Awaited|17_0(ResourceInvoker invoker, Task task, IDisposable scope)
   at Microsoft.AspNetCore.Mvc.Infrastructure.ResourceInvoker.<InvokeAsync>g__Awaited|17_0(ResourceInvoker invoker, Task task, IDisposable scope)
   at Swashbuckle.AspNetCore.SwaggerUI.SwaggerUIMiddleware.Invoke(HttpContext httpContext)
   at Swashbuckle.AspNetCore.Swagger.SwaggerMiddleware.Invoke(HttpContext httpContext, ISwaggerProvider swaggerProvider)
   at Microsoft.AspNetCore.Authorization.AuthorizationMiddleware.Invoke(HttpContext context)
   at Microsoft.AspNetCore.Authentication.AuthenticationMiddleware.Invoke(HttpContext context)
   at FinanceService.Middleware.ExceptionHandlingMiddleware.InvokeAsync(HttpContext context) in C:\Users\jeffr\Documents\Programming\Chomp\FinanceService\Middleware\ExceptionHandlingMiddleware.cs:line 21
][2025-09-23 10:06:59.418 +08:00 INF Usage Telemetry: {"id":"48440000-37b1-1901-60fc-08ddfa452e20","created":"2025-09-23T10:01:59.0040508\u002B08:00","host":{"framework_version":"8.0.17","mass_transit_version":"8.5.2.0","operating_system_version":"Microsoft Windows NT 10.0.26100.0","time_zone_info":"(UTC\u002B08:00) Kuala Lumpur, Singapore","commit_hash":"96adb565f7cc311488d1df104549f924203be760"},"bus":[{"created":"2025-09-23T10:01:59.0065363\u002B08:00","configured":"2025-09-23T10:01:59.1147278\u002B08:00","started":"2025-09-23T10:01:59.3830890\u002B08:00","name":"IBus","endpoints":[{"name":"DESKTOPHUMQD41_FinanceService_endpoint_jbnyyybzsrconpojbdq9wtjqbb","type":"RabbitMQ","prefetch_count":16,"consumer_count":2,"message_count":2},{"name":"_bus_","type":"RabbitMQ","prefetch_count":16}]}]} {"SourceContext":"MassTransit"}
][2025-09-23 10:07:19.535 +08:00 INF Application is shutting down... {"SourceContext":"Microsoft.Hosting.Lifetime"}
][2025-09-23 10:07:19.591 +08:00 INF Bus stopped: "rabbitmq://localhost/" {"SourceContext":"MassTransit"}
][2025-09-23 10:07:23.606 +08:00 INF Starting up FinanceService {}
][2025-09-23 10:07:23.736 +08:00 INF Configured endpoint DESKTOPHUMQD41_FinanceService_endpoint_jysyyybzsrcoddorbdq9wtxxfk, Consumer: FinanceService.OrderEvents.Consumers.OrderConfirmedConsumer {"SourceContext":"MassTransit"}
][2025-09-23 10:07:23.742 +08:00 INF Configured endpoint DESKTOPHUMQD41_FinanceService_endpoint_jysyyybzsrcoddorbdq9wtxxfk, Consumer: FinanceService.Consumers.UserEvents.UserCreatedConsumer {"SourceContext":"MassTransit"}
][2025-09-23 10:07:23.892 +08:00 INF Now listening on: http://localhost:5062 {"EventId":{"Id":14,"Name":"ListeningOnAddress"},"SourceContext":"Microsoft.Hosting.Lifetime"}
][2025-09-23 10:07:23.895 +08:00 INF Application started. Press Ctrl+C to shut down. {"SourceContext":"Microsoft.Hosting.Lifetime"}
][2025-09-23 10:07:23.896 +08:00 INF Hosting environment: Development {"SourceContext":"Microsoft.Hosting.Lifetime"}
][2025-09-23 10:07:23.898 +08:00 INF Content root path: C:\Users\jeffr\Documents\Programming\Chomp\FinanceService {"SourceContext":"Microsoft.Hosting.Lifetime"}
][2025-09-23 10:07:24.024 +08:00 INF Bus started: "rabbitmq://localhost/" {"SourceContext":"MassTransit"}
][2025-09-23 10:07:28.842 +08:00 WRN Failed to determine the https port for redirect. {"EventId":{"Id":3,"Name":"FailedToDeterminePort"},"SourceContext":"Microsoft.AspNetCore.HttpsPolicy.HttpsRedirectionMiddleware","RequestId":"0HNFQ8NPAH0QB:00000001","RequestPath":"/api/wallet/topup","ConnectionId":"0HNFQ8NPAH0QB"}
][2025-09-23 10:07:28.975 +08:00 INF User requested top-up of 56.97 {"SourceContext":"FinanceService.Controllers.WalletController","ActionId":"f82bab3a-94e8-42c8-b3c2-883c094e3759","ActionName":"FinanceService.Controllers.WalletController.WalletTopup (FinanceService)","RequestId":"0HNFQ8NPAH0QB:00000001","RequestPath":"/api/wallet/topup","ConnectionId":"0HNFQ8NPAH0QB"}
][2025-09-23 10:07:28.991 +08:00 INF User "2db05cb6-5b5b-4266-b9fb-59b8e0d2cd0b" requested top-up of 56.97 {"SourceContext":"FinanceService.Services.WalletService","ActionId":"f82bab3a-94e8-42c8-b3c2-883c094e3759","ActionName":"FinanceService.Controllers.WalletController.WalletTopup (FinanceService)","RequestId":"0HNFQ8NPAH0QB:00000001","RequestPath":"/api/wallet/topup","ConnectionId":"0HNFQ8NPAH0QB"}
][2025-09-23 10:07:30.025 +08:00 INF Top-up successful. User "2db05cb6-5b5b-4266-b9fb-59b8e0d2cd0b", Wallet "2d07afd1-1cd3-4450-80a4-87d7ab00ffe9", Amount 56.97, New Balance 100.00 {"SourceContext":"FinanceService.Services.WalletService","ActionId":"f82bab3a-94e8-42c8-b3c2-883c094e3759","ActionName":"FinanceService.Controllers.WalletController.WalletTopup (FinanceService)","RequestId":"0HNFQ8NPAH0QB:00000001","RequestPath":"/api/wallet/topup","ConnectionId":"0HNFQ8NPAH0QB"}
][2025-09-23 10:07:30.030 +08:00 INF Top-up successful for user "2db05cb6-5b5b-4266-b9fb-59b8e0d2cd0b". Amount: 56.97 {"SourceContext":"FinanceService.Controllers.WalletController","ActionId":"f82bab3a-94e8-42c8-b3c2-883c094e3759","ActionName":"FinanceService.Controllers.WalletController.WalletTopup (FinanceService)","RequestId":"0HNFQ8NPAH0QB:00000001","RequestPath":"/api/wallet/topup","ConnectionId":"0HNFQ8NPAH0QB"}
][2025-09-23 10:12:24.066 +08:00 INF Usage Telemetry: {"id":"482c0000-37b1-1901-e339-08ddfa45efa9","created":"2025-09-23T10:07:23.7054965\u002B08:00","host":{"framework_version":"8.0.17","mass_transit_version":"8.5.2.0","operating_system_version":"Microsoft Windows NT 10.0.26100.0","time_zone_info":"(UTC\u002B08:00) Kuala Lumpur, Singapore","commit_hash":"96adb565f7cc311488d1df104549f924203be760"},"bus":[{"created":"2025-09-23T10:07:23.7071376\u002B08:00","configured":"2025-09-23T10:07:23.8182158\u002B08:00","started":"2025-09-23T10:07:24.0234008\u002B08:00","name":"IBus","endpoints":[{"name":"DESKTOPHUMQD41_FinanceService_endpoint_jysyyybzsrcoddorbdq9wtxxfk","type":"RabbitMQ","prefetch_count":16,"consumer_count":2,"message_count":2},{"name":"_bus_","type":"RabbitMQ","prefetch_count":16}]}]} {"SourceContext":"MassTransit"}
][2025-09-23 10:18:36.977 +08:00 INF Application is shutting down... {"SourceContext":"Microsoft.Hosting.Lifetime"}
][2025-09-23 10:18:37.033 +08:00 INF Bus stopped: "rabbitmq://localhost/" {"SourceContext":"MassTransit"}
][2025-09-23 10:18:43.437 +08:00 INF Starting up FinanceService {}
][2025-09-23 10:18:43.571 +08:00 INF Configured endpoint DESKTOPHUMQD41_FinanceService_endpoint_et8oyybzsrcodeoqbdq9wthr8y, Consumer: FinanceService.OrderEvents.Consumers.OrderConfirmedConsumer {"SourceContext":"MassTransit"}
][2025-09-23 10:18:43.576 +08:00 INF Configured endpoint DESKTOPHUMQD41_FinanceService_endpoint_et8oyybzsrcodeoqbdq9wthr8y, Consumer: FinanceService.Consumers.UserEvents.UserCreatedConsumer {"SourceContext":"MassTransit"}
][2025-09-23 10:18:43.717 +08:00 INF Now listening on: http://localhost:5062 {"EventId":{"Id":14,"Name":"ListeningOnAddress"},"SourceContext":"Microsoft.Hosting.Lifetime"}
][2025-09-23 10:18:43.720 +08:00 INF Application started. Press Ctrl+C to shut down. {"SourceContext":"Microsoft.Hosting.Lifetime"}
][2025-09-23 10:18:43.721 +08:00 INF Hosting environment: Development {"SourceContext":"Microsoft.Hosting.Lifetime"}
][2025-09-23 10:18:43.722 +08:00 INF Content root path: C:\Users\jeffr\Documents\Programming\Chomp\FinanceService {"SourceContext":"Microsoft.Hosting.Lifetime"}
][2025-09-23 10:18:43.844 +08:00 INF Bus started: "rabbitmq://localhost/" {"SourceContext":"MassTransit"}
][2025-09-23 10:18:45.670 +08:00 WRN Failed to determine the https port for redirect. {"EventId":{"Id":3,"Name":"FailedToDeterminePort"},"SourceContext":"Microsoft.AspNetCore.HttpsPolicy.HttpsRedirectionMiddleware","RequestId":"0HNFQ8U31PIJV:00000001","RequestPath":"/swagger/index.html","ConnectionId":"0HNFQ8U31PIJV"}
][2025-09-23 10:19:54.901 +08:00 INF Fetching transaction "c14db3de-05c4-48c8-8cb7-c01097ab6f77" {"SourceContext":"FinanceService.Controllers.TransactionController","ActionId":"bbbcf2cd-0316-4f18-87a3-67469eaae97d","ActionName":"FinanceService.Controllers.TransactionController.GetTransactionById (FinanceService)","RequestId":"0HNFQ8U31PIK1:00000003","RequestPath":"/api/transaction/c14db3de-05c4-48c8-8cb7-c01097ab6f77","ConnectionId":"0HNFQ8U31PIK1"}
][2025-09-23 10:19:54.907 +08:00 INF Fetching transactions "c14db3de-05c4-48c8-8cb7-c01097ab6f77" for user "2db05cb6-5b5b-4266-b9fb-59b8e0d2cd0b" with role User {"SourceContext":"FinanceService.Services.TransactionService","ActionId":"bbbcf2cd-0316-4f18-87a3-67469eaae97d","ActionName":"FinanceService.Controllers.TransactionController.GetTransactionById (FinanceService)","RequestId":"0HNFQ8U31PIK1:00000003","RequestPath":"/api/transaction/c14db3de-05c4-48c8-8cb7-c01097ab6f77","ConnectionId":"0HNFQ8U31PIK1"}
][2025-09-23 10:19:54.965 +08:00 INF User accessed their transaction "c14db3de-05c4-48c8-8cb7-c01097ab6f77" {"SourceContext":"FinanceService.Services.TransactionService","ActionId":"bbbcf2cd-0316-4f18-87a3-67469eaae97d","ActionName":"FinanceService.Controllers.TransactionController.GetTransactionById (FinanceService)","RequestId":"0HNFQ8U31PIK1:00000003","RequestPath":"/api/transaction/c14db3de-05c4-48c8-8cb7-c01097ab6f77","ConnectionId":"0HNFQ8U31PIK1"}
][2025-09-23 10:19:54.970 +08:00 INF Transaction "c14db3de-05c4-48c8-8cb7-c01097ab6f77" successfully retrieved by User {"SourceContext":"FinanceService.Controllers.TransactionController","ActionId":"bbbcf2cd-0316-4f18-87a3-67469eaae97d","ActionName":"FinanceService.Controllers.TransactionController.GetTransactionById (FinanceService)","RequestId":"0HNFQ8U31PIK1:00000003","RequestPath":"/api/transaction/c14db3de-05c4-48c8-8cb7-c01097ab6f77","ConnectionId":"0HNFQ8U31PIK1"}
][2025-09-23 10:20:10.273 +08:00 INF Fetching transaction "61b2d18b-50b1-4562-b45c-2f4cc7976fc2" {"SourceContext":"FinanceService.Controllers.TransactionController","ActionId":"bbbcf2cd-0316-4f18-87a3-67469eaae97d","ActionName":"FinanceService.Controllers.TransactionController.GetTransactionById (FinanceService)","RequestId":"0HNFQ8U31PIK1:00000004","RequestPath":"/api/transaction/61b2d18b-50b1-4562-b45c-2f4cc7976fc2","ConnectionId":"0HNFQ8U31PIK1"}
][2025-09-23 10:20:10.277 +08:00 INF Fetching transactions "61b2d18b-50b1-4562-b45c-2f4cc7976fc2" for user "2db05cb6-5b5b-4266-b9fb-59b8e0d2cd0b" with role User {"SourceContext":"FinanceService.Services.TransactionService","ActionId":"bbbcf2cd-0316-4f18-87a3-67469eaae97d","ActionName":"FinanceService.Controllers.TransactionController.GetTransactionById (FinanceService)","RequestId":"0HNFQ8U31PIK1:00000004","RequestPath":"/api/transaction/61b2d18b-50b1-4562-b45c-2f4cc7976fc2","ConnectionId":"0HNFQ8U31PIK1"}
][2025-09-23 10:20:10.342 +08:00 INF User accessed their transaction "61b2d18b-50b1-4562-b45c-2f4cc7976fc2" {"SourceContext":"FinanceService.Services.TransactionService","ActionId":"bbbcf2cd-0316-4f18-87a3-67469eaae97d","ActionName":"FinanceService.Controllers.TransactionController.GetTransactionById (FinanceService)","RequestId":"0HNFQ8U31PIK1:00000004","RequestPath":"/api/transaction/61b2d18b-50b1-4562-b45c-2f4cc7976fc2","ConnectionId":"0HNFQ8U31PIK1"}
][2025-09-23 10:20:10.346 +08:00 INF Transaction "61b2d18b-50b1-4562-b45c-2f4cc7976fc2" successfully retrieved by User {"SourceContext":"FinanceService.Controllers.TransactionController","ActionId":"bbbcf2cd-0316-4f18-87a3-67469eaae97d","ActionName":"FinanceService.Controllers.TransactionController.GetTransactionById (FinanceService)","RequestId":"0HNFQ8U31PIK1:00000004","RequestPath":"/api/transaction/61b2d18b-50b1-4562-b45c-2f4cc7976fc2","ConnectionId":"0HNFQ8U31PIK1"}
][2025-09-23 10:23:43.873 +08:00 INF Usage Telemetry: {"id":"444f0000-37b1-1901-f45f-08ddfa4784df","created":"2025-09-23T10:18:43.5370790\u002B08:00","host":{"framework_version":"8.0.17","mass_transit_version":"8.5.2.0","operating_system_version":"Microsoft Windows NT 10.0.26100.0","time_zone_info":"(UTC\u002B08:00) Kuala Lumpur, Singapore","commit_hash":"96adb565f7cc311488d1df104549f924203be760"},"bus":[{"created":"2025-09-23T10:18:43.5387548\u002B08:00","configured":"2025-09-23T10:18:43.6499023\u002B08:00","started":"2025-09-23T10:18:43.8436834\u002B08:00","name":"IBus","endpoints":[{"name":"DESKTOPHUMQD41_FinanceService_endpoint_et8oyybzsrcodeoqbdq9wthr8y","type":"RabbitMQ","prefetch_count":16,"consumer_count":2,"message_count":2},{"name":"_bus_","type":"RabbitMQ","prefetch_count":16}]}]} {"SourceContext":"MassTransit"}
][2025-09-23 10:28:01.146 +08:00 INF Application is shutting down... {"SourceContext":"Microsoft.Hosting.Lifetime"}
][2025-09-23 10:28:01.208 +08:00 INF Bus stopped: "rabbitmq://localhost/" {"SourceContext":"MassTransit"}
][2025-09-23 10:28:05.053 +08:00 INF Starting up FinanceService {}
][2025-09-23 10:28:05.190 +08:00 INF Configured endpoint DESKTOPHUMQD41_FinanceService_endpoint_cotyyybzsrconquzbdq9w1gufb, Consumer: FinanceService.OrderEvents.Consumers.OrderConfirmedConsumer {"SourceContext":"MassTransit"}
][2025-09-23 10:28:05.196 +08:00 INF Configured endpoint DESKTOPHUMQD41_FinanceService_endpoint_cotyyybzsrconquzbdq9w1gufb, Consumer: FinanceService.Consumers.UserEvents.UserCreatedConsumer {"SourceContext":"MassTransit"}
][2025-09-23 10:28:05.343 +08:00 INF Now listening on: http://localhost:5062 {"EventId":{"Id":14,"Name":"ListeningOnAddress"},"SourceContext":"Microsoft.Hosting.Lifetime"}
][2025-09-23 10:28:05.347 +08:00 INF Application started. Press Ctrl+C to shut down. {"SourceContext":"Microsoft.Hosting.Lifetime"}
][2025-09-23 10:28:05.362 +08:00 INF Hosting environment: Development {"SourceContext":"Microsoft.Hosting.Lifetime"}
][2025-09-23 10:28:05.373 +08:00 INF Content root path: C:\Users\jeffr\Documents\Programming\Chomp\FinanceService {"SourceContext":"Microsoft.Hosting.Lifetime"}
][2025-09-23 10:28:05.497 +08:00 INF Bus started: "rabbitmq://localhost/" {"SourceContext":"MassTransit"}
][2025-09-23 10:28:14.764 +08:00 WRN Failed to determine the https port for redirect. {"EventId":{"Id":3,"Name":"FailedToDeterminePort"},"SourceContext":"Microsoft.AspNetCore.HttpsPolicy.HttpsRedirectionMiddleware","RequestId":"0HNFQ93CKMFV5:00000001","RequestPath":"/api/transaction/61b2d18b-50b1-4562-b45c-2f4cc7976fc2","ConnectionId":"0HNFQ93CKMFV5"}
][2025-09-23 10:28:14.876 +08:00 INF Fetching transaction "61b2d18b-50b1-4562-b45c-2f4cc7976fc2" {"SourceContext":"FinanceService.Controllers.TransactionController","ActionId":"67dc5280-ccd9-4e35-809c-eedfe78fd771","ActionName":"FinanceService.Controllers.TransactionController.GetTransactionById (FinanceService)","RequestId":"0HNFQ93CKMFV5:00000001","RequestPath":"/api/transaction/61b2d18b-50b1-4562-b45c-2f4cc7976fc2","ConnectionId":"0HNFQ93CKMFV5"}
][2025-09-23 10:28:14.882 +08:00 INF Fetching transactions "61b2d18b-50b1-4562-b45c-2f4cc7976fc2" for user "2db05cb6-5b5b-4266-b9fb-59b8e0d2cd0b" with role User {"SourceContext":"FinanceService.Services.TransactionService","ActionId":"67dc5280-ccd9-4e35-809c-eedfe78fd771","ActionName":"FinanceService.Controllers.TransactionController.GetTransactionById (FinanceService)","RequestId":"0HNFQ93CKMFV5:00000001","RequestPath":"/api/transaction/61b2d18b-50b1-4562-b45c-2f4cc7976fc2","ConnectionId":"0HNFQ93CKMFV5"}
][2025-09-23 10:28:15.682 +08:00 INF User accessed their transaction "61b2d18b-50b1-4562-b45c-2f4cc7976fc2" {"SourceContext":"FinanceService.Services.TransactionService","ActionId":"67dc5280-ccd9-4e35-809c-eedfe78fd771","ActionName":"FinanceService.Controllers.TransactionController.GetTransactionById (FinanceService)","RequestId":"0HNFQ93CKMFV5:00000001","RequestPath":"/api/transaction/61b2d18b-50b1-4562-b45c-2f4cc7976fc2","ConnectionId":"0HNFQ93CKMFV5"}
][2025-09-23 10:28:15.687 +08:00 INF Transaction "61b2d18b-50b1-4562-b45c-2f4cc7976fc2" successfully retrieved by User {"SourceContext":"FinanceService.Controllers.TransactionController","ActionId":"67dc5280-ccd9-4e35-809c-eedfe78fd771","ActionName":"FinanceService.Controllers.TransactionController.GetTransactionById (FinanceService)","RequestId":"0HNFQ93CKMFV5:00000001","RequestPath":"/api/transaction/61b2d18b-50b1-4562-b45c-2f4cc7976fc2","ConnectionId":"0HNFQ93CKMFV5"}
][2025-09-23 10:28:20.624 +08:00 INF Fetching transaction "c14db3de-05c4-48c8-8cb7-c01097ab6f77" {"SourceContext":"FinanceService.Controllers.TransactionController","ActionId":"67dc5280-ccd9-4e35-809c-eedfe78fd771","ActionName":"FinanceService.Controllers.TransactionController.GetTransactionById (FinanceService)","RequestId":"0HNFQ93CKMFV5:00000002","RequestPath":"/api/transaction/c14db3de-05c4-48c8-8cb7-c01097ab6f77","ConnectionId":"0HNFQ93CKMFV5"}
][2025-09-23 10:28:20.627 +08:00 INF Fetching transactions "c14db3de-05c4-48c8-8cb7-c01097ab6f77" for user "2db05cb6-5b5b-4266-b9fb-59b8e0d2cd0b" with role User {"SourceContext":"FinanceService.Services.TransactionService","ActionId":"67dc5280-ccd9-4e35-809c-eedfe78fd771","ActionName":"FinanceService.Controllers.TransactionController.GetTransactionById (FinanceService)","RequestId":"0HNFQ93CKMFV5:00000002","RequestPath":"/api/transaction/c14db3de-05c4-48c8-8cb7-c01097ab6f77","ConnectionId":"0HNFQ93CKMFV5"}
][2025-09-23 10:28:20.650 +08:00 INF User accessed their transaction "c14db3de-05c4-48c8-8cb7-c01097ab6f77" {"SourceContext":"FinanceService.Services.TransactionService","ActionId":"67dc5280-ccd9-4e35-809c-eedfe78fd771","ActionName":"FinanceService.Controllers.TransactionController.GetTransactionById (FinanceService)","RequestId":"0HNFQ93CKMFV5:00000002","RequestPath":"/api/transaction/c14db3de-05c4-48c8-8cb7-c01097ab6f77","ConnectionId":"0HNFQ93CKMFV5"}
][2025-09-23 10:28:20.655 +08:00 INF Transaction "c14db3de-05c4-48c8-8cb7-c01097ab6f77" successfully retrieved by User {"SourceContext":"FinanceService.Controllers.TransactionController","ActionId":"67dc5280-ccd9-4e35-809c-eedfe78fd771","ActionName":"FinanceService.Controllers.TransactionController.GetTransactionById (FinanceService)","RequestId":"0HNFQ93CKMFV5:00000002","RequestPath":"/api/transaction/c14db3de-05c4-48c8-8cb7-c01097ab6f77","ConnectionId":"0HNFQ93CKMFV5"}
][2025-09-23 10:28:25.395 +08:00 INF Fetching transaction "61b2d18b-50b1-4562-b45c-2f4cc7976fc2" {"SourceContext":"FinanceService.Controllers.TransactionController","ActionId":"67dc5280-ccd9-4e35-809c-eedfe78fd771","ActionName":"FinanceService.Controllers.TransactionController.GetTransactionById (FinanceService)","RequestId":"0HNFQ93CKMFV5:00000003","RequestPath":"/api/transaction/61b2d18b-50b1-4562-b45c-2f4cc7976fc2","ConnectionId":"0HNFQ93CKMFV5"}
][2025-09-23 10:28:25.398 +08:00 INF Fetching transactions "61b2d18b-50b1-4562-b45c-2f4cc7976fc2" for user "2db05cb6-5b5b-4266-b9fb-59b8e0d2cd0b" with role User {"SourceContext":"FinanceService.Services.TransactionService","ActionId":"67dc5280-ccd9-4e35-809c-eedfe78fd771","ActionName":"FinanceService.Controllers.TransactionController.GetTransactionById (FinanceService)","RequestId":"0HNFQ93CKMFV5:00000003","RequestPath":"/api/transaction/61b2d18b-50b1-4562-b45c-2f4cc7976fc2","ConnectionId":"0HNFQ93CKMFV5"}
][2025-09-23 10:28:25.456 +08:00 INF User accessed their transaction "61b2d18b-50b1-4562-b45c-2f4cc7976fc2" {"SourceContext":"FinanceService.Services.TransactionService","ActionId":"67dc5280-ccd9-4e35-809c-eedfe78fd771","ActionName":"FinanceService.Controllers.TransactionController.GetTransactionById (FinanceService)","RequestId":"0HNFQ93CKMFV5:00000003","RequestPath":"/api/transaction/61b2d18b-50b1-4562-b45c-2f4cc7976fc2","ConnectionId":"0HNFQ93CKMFV5"}
][2025-09-23 10:28:25.459 +08:00 INF Transaction "61b2d18b-50b1-4562-b45c-2f4cc7976fc2" successfully retrieved by User {"SourceContext":"FinanceService.Controllers.TransactionController","ActionId":"67dc5280-ccd9-4e35-809c-eedfe78fd771","ActionName":"FinanceService.Controllers.TransactionController.GetTransactionById (FinanceService)","RequestId":"0HNFQ93CKMFV5:00000003","RequestPath":"/api/transaction/61b2d18b-50b1-4562-b45c-2f4cc7976fc2","ConnectionId":"0HNFQ93CKMFV5"}
][2025-09-23 10:33:05.526 +08:00 INF Usage Telemetry: {"id":"64220000-37b1-1901-9403-08ddfa48d3a0","created":"2025-09-23T10:28:05.1584700\u002B08:00","host":{"framework_version":"8.0.17","mass_transit_version":"8.5.2.0","operating_system_version":"Microsoft Windows NT 10.0.26100.0","time_zone_info":"(UTC\u002B08:00) Kuala Lumpur, Singapore","commit_hash":"96adb565f7cc311488d1df104549f924203be760"},"bus":[{"created":"2025-09-23T10:28:05.1601272\u002B08:00","configured":"2025-09-23T10:28:05.2714664\u002B08:00","started":"2025-09-23T10:28:05.4965477\u002B08:00","name":"IBus","endpoints":[{"name":"DESKTOPHUMQD41_FinanceService_endpoint_cotyyybzsrconquzbdq9w1gufb","type":"RabbitMQ","prefetch_count":16,"consumer_count":2,"message_count":2},{"name":"_bus_","type":"RabbitMQ","prefetch_count":16}]}]} {"SourceContext":"MassTransit"}
][2025-09-23 10:38:00.704 +08:00 INF Application is shutting down... {"SourceContext":"Microsoft.Hosting.Lifetime"}
][2025-09-23 10:38:00.760 +08:00 INF Bus stopped: "rabbitmq://localhost/" {"SourceContext":"MassTransit"}
][2025-09-23 10:38:04.839 +08:00 INF Starting up FinanceService {}
][2025-09-23 10:38:04.982 +08:00 INF Configured endpoint DESKTOPHUMQD41_FinanceService_endpoint_cy8yyybzsrcodabbbdq9w1t3bb, Consumer: FinanceService.OrderEvents.Consumers.OrderConfirmedConsumer {"SourceContext":"MassTransit"}
][2025-09-23 10:38:04.987 +08:00 INF Configured endpoint DESKTOPHUMQD41_FinanceService_endpoint_cy8yyybzsrcodabbbdq9w1t3bb, Consumer: FinanceService.Consumers.UserEvents.UserCreatedConsumer {"SourceContext":"MassTransit"}
][2025-09-23 10:38:05.131 +08:00 INF Now listening on: http://localhost:5062 {"EventId":{"Id":14,"Name":"ListeningOnAddress"},"SourceContext":"Microsoft.Hosting.Lifetime"}
][2025-09-23 10:38:05.133 +08:00 INF Application started. Press Ctrl+C to shut down. {"SourceContext":"Microsoft.Hosting.Lifetime"}
][2025-09-23 10:38:05.135 +08:00 INF Hosting environment: Development {"SourceContext":"Microsoft.Hosting.Lifetime"}
][2025-09-23 10:38:05.136 +08:00 INF Content root path: C:\Users\jeffr\Documents\Programming\Chomp\FinanceService {"SourceContext":"Microsoft.Hosting.Lifetime"}
][2025-09-23 10:38:05.261 +08:00 INF Bus started: "rabbitmq://localhost/" {"SourceContext":"MassTransit"}
][2025-09-23 10:38:17.074 +08:00 WRN Failed to determine the https port for redirect. {"EventId":{"Id":3,"Name":"FailedToDeterminePort"},"SourceContext":"Microsoft.AspNetCore.HttpsPolicy.HttpsRedirectionMiddleware","RequestId":"0HNFQ9904PJOU:00000001","RequestPath":"/api/my-transactions","ConnectionId":"0HNFQ9904PJOU"}
][2025-09-23 10:38:54.401 +08:00 INF User "2db05cb6-5b5b-4266-b9fb-59b8e0d2cd0b" requested transaction list. Page: 0, Size: 0 {"SourceContext":"FinanceService.Controllers.TransactionController","ActionId":"7e1341f2-747a-4d01-a395-bbb1d6db1970","ActionName":"FinanceService.Controllers.TransactionController.GetMyTransactions (FinanceService)","RequestId":"0HNFQ9904PJOU:00000002","RequestPath":"/api/transaction/my-transactions","ConnectionId":"0HNFQ9904PJOU"}
][2025-09-23 10:38:54.407 +08:00 INF Fetching all transactions. Page: 0, Size: 0 {"SourceContext":"FinanceService.Services.TransactionService","ActionId":"7e1341f2-747a-4d01-a395-bbb1d6db1970","ActionName":"FinanceService.Controllers.TransactionController.GetMyTransactions (FinanceService)","RequestId":"0HNFQ9904PJOU:00000002","RequestPath":"/api/transaction/my-transactions","ConnectionId":"0HNFQ9904PJOU"}
][2025-09-23 10:38:54.413 +08:00 ERR Unhandled exception occurred while processing /api/transaction/my-transactions {"RequestId":"0HNFQ9904PJOU:00000002","RequestPath":"/api/transaction/my-transactions","ConnectionId":"0HNFQ9904PJOU"}
System.ArgumentException: Page number must be 1 or greater. (Parameter 'pageNumber')
   at FinanceService.Services.TransactionService.GetAllMyTransactions(Int32 pageNumber, Int32 pageSize, Guid userId) in C:\Users\jeffr\Documents\Programming\Chomp\FinanceService\Services\TransactionService.cs:line 52
   at FinanceService.Controllers.TransactionController.GetMyTransactions(Int32 pageNumber, Int32 pageSize) in C:\Users\jeffr\Documents\Programming\Chomp\FinanceService\Controllers\TransactionController.cs:line 53
   at Microsoft.AspNetCore.Mvc.Infrastructure.ActionMethodExecutor.TaskOfIActionResultExecutor.Execute(ActionContext actionContext, IActionResultTypeMapper mapper, ObjectMethodExecutor executor, Object controller, Object[] arguments)
   at Microsoft.AspNetCore.Mvc.Infrastructure.ControllerActionInvoker.<InvokeActionMethodAsync>g__Awaited|12_0(ControllerActionInvoker invoker, ValueTask`1 actionResultValueTask)
   at Microsoft.AspNetCore.Mvc.Infrastructure.ControllerActionInvoker.<InvokeNextActionFilterAsync>g__Awaited|10_0(ControllerActionInvoker invoker, Task lastTask, State next, Scope scope, Object state, Boolean isCompleted)
   at Microsoft.AspNetCore.Mvc.Infrastructure.ControllerActionInvoker.Rethrow(ActionExecutedContextSealed context)
   at Microsoft.AspNetCore.Mvc.Infrastructure.ControllerActionInvoker.Next(State& next, Scope& scope, Object& state, Boolean& isCompleted)
   at Microsoft.AspNetCore.Mvc.Infrastructure.ControllerActionInvoker.InvokeInnerFilterAsync()
--- End of stack trace from previous location ---
   at Microsoft.AspNetCore.Mvc.Infrastructure.ResourceInvoker.<InvokeFilterPipelineAsync>g__Awaited|20_0(ResourceInvoker invoker, Task lastTask, State next, Scope scope, Object state, Boolean isCompleted)
   at Microsoft.AspNetCore.Mvc.Infrastructure.ResourceInvoker.<InvokeAsync>g__Awaited|17_0(ResourceInvoker invoker, Task task, IDisposable scope)
   at Microsoft.AspNetCore.Mvc.Infrastructure.ResourceInvoker.<InvokeAsync>g__Awaited|17_0(ResourceInvoker invoker, Task task, IDisposable scope)
   at Swashbuckle.AspNetCore.SwaggerUI.SwaggerUIMiddleware.Invoke(HttpContext httpContext)
   at Swashbuckle.AspNetCore.Swagger.SwaggerMiddleware.Invoke(HttpContext httpContext, ISwaggerProvider swaggerProvider)
   at Microsoft.AspNetCore.Authorization.AuthorizationMiddleware.Invoke(HttpContext context)
   at Microsoft.AspNetCore.Authentication.AuthenticationMiddleware.Invoke(HttpContext context)
   at FinanceService.Middleware.ExceptionHandlingMiddleware.InvokeAsync(HttpContext context) in C:\Users\jeffr\Documents\Programming\Chomp\FinanceService\Middleware\ExceptionHandlingMiddleware.cs:line 21
][2025-09-23 10:39:09.758 +08:00 INF User "2db05cb6-5b5b-4266-b9fb-59b8e0d2cd0b" requested transaction list. Page: 1, Size: 12 {"SourceContext":"FinanceService.Controllers.TransactionController","ActionId":"7e1341f2-747a-4d01-a395-bbb1d6db1970","ActionName":"FinanceService.Controllers.TransactionController.GetMyTransactions (FinanceService)","RequestId":"0HNFQ9904PJOU:00000003","RequestPath":"/api/transaction/my-transactions","ConnectionId":"0HNFQ9904PJOU"}
][2025-09-23 10:39:09.762 +08:00 INF Fetching all transactions. Page: 1, Size: 12 {"SourceContext":"FinanceService.Services.TransactionService","ActionId":"7e1341f2-747a-4d01-a395-bbb1d6db1970","ActionName":"FinanceService.Controllers.TransactionController.GetMyTransactions (FinanceService)","RequestId":"0HNFQ9904PJOU:00000003","RequestPath":"/api/transaction/my-transactions","ConnectionId":"0HNFQ9904PJOU"}
][2025-09-23 10:39:10.592 +08:00 INF Retrieved 2 transactions from database {"SourceContext":"FinanceService.Services.TransactionService","ActionId":"7e1341f2-747a-4d01-a395-bbb1d6db1970","ActionName":"FinanceService.Controllers.TransactionController.GetMyTransactions (FinanceService)","RequestId":"0HNFQ9904PJOU:00000003","RequestPath":"/api/transaction/my-transactions","ConnectionId":"0HNFQ9904PJOU"}
][2025-09-23 10:39:10.596 +08:00 INF Returned 2 transactions for Admin request {"SourceContext":"FinanceService.Controllers.TransactionController","ActionId":"7e1341f2-747a-4d01-a395-bbb1d6db1970","ActionName":"FinanceService.Controllers.TransactionController.GetMyTransactions (FinanceService)","RequestId":"0HNFQ9904PJOU:00000003","RequestPath":"/api/transaction/my-transactions","ConnectionId":"0HNFQ9904PJOU"}
][2025-09-23 10:39:42.843 +08:00 INF User "2db05cb6-5b5b-4266-b9fb-59b8e0d2cd0b" with role User requested payment "e3ffb0a8-ccfe-4663-aad6-c40334d3c3af" {"SourceContext":"FinanceService.Controllers.PaymentController","ActionId":"ca2f36cd-79d5-445c-afe1-cd0cbf3fb345","ActionName":"FinanceService.Controllers.PaymentController.GetPaymentById (FinanceService)","RequestId":"0HNFQ9904PJOU:00000004","RequestPath":"/api/payment/e3ffb0a8-ccfe-4663-aad6-c40334d3c3af","ConnectionId":"0HNFQ9904PJOU"}
][2025-09-23 10:39:42.849 +08:00 INF Fetching payment "e3ffb0a8-ccfe-4663-aad6-c40334d3c3af" for User (UserId="2db05cb6-5b5b-4266-b9fb-59b8e0d2cd0b") {"SourceContext":"FinanceService.Services.PaymentService","ActionId":"ca2f36cd-79d5-445c-afe1-cd0cbf3fb345","ActionName":"FinanceService.Controllers.PaymentController.GetPaymentById (FinanceService)","RequestId":"0HNFQ9904PJOU:00000004","RequestPath":"/api/payment/e3ffb0a8-ccfe-4663-aad6-c40334d3c3af","ConnectionId":"0HNFQ9904PJOU"}
][2025-09-23 10:39:42.896 +08:00 INF Payment "e3ffb0a8-ccfe-4663-aad6-c40334d3c3af" found for User {"SourceContext":"FinanceService.Services.PaymentService","ActionId":"ca2f36cd-79d5-445c-afe1-cd0cbf3fb345","ActionName":"FinanceService.Controllers.PaymentController.GetPaymentById (FinanceService)","RequestId":"0HNFQ9904PJOU:00000004","RequestPath":"/api/payment/e3ffb0a8-ccfe-4663-aad6-c40334d3c3af","ConnectionId":"0HNFQ9904PJOU"}
][2025-09-23 10:39:42.902 +08:00 INF Payment "e3ffb0a8-ccfe-4663-aad6-c40334d3c3af" retrieved successfully for user "2db05cb6-5b5b-4266-b9fb-59b8e0d2cd0b" {"SourceContext":"FinanceService.Controllers.PaymentController","ActionId":"ca2f36cd-79d5-445c-afe1-cd0cbf3fb345","ActionName":"FinanceService.Controllers.PaymentController.GetPaymentById (FinanceService)","RequestId":"0HNFQ9904PJOU:00000004","RequestPath":"/api/payment/e3ffb0a8-ccfe-4663-aad6-c40334d3c3af","ConnectionId":"0HNFQ9904PJOU"}
][2025-09-23 10:39:51.037 +08:00 INF User "2db05cb6-5b5b-4266-b9fb-59b8e0d2cd0b" requested their payments. Page: 0, Size: 0 {"SourceContext":"FinanceService.Controllers.PaymentController","ActionId":"699cdce1-1451-441b-922a-296dbe883aa9","ActionName":"FinanceService.Controllers.PaymentController.GetMyPayments (FinanceService)","RequestId":"0HNFQ9904PJOU:00000005","RequestPath":"/api/payment/my-payments","ConnectionId":"0HNFQ9904PJOU"}
][2025-09-23 10:39:51.041 +08:00 WRN Invalid pagination for user "2db05cb6-5b5b-4266-b9fb-59b8e0d2cd0b": pageNumber=0, pageSize=0 {"SourceContext":"FinanceService.Services.PaymentService","ActionId":"699cdce1-1451-441b-922a-296dbe883aa9","ActionName":"FinanceService.Controllers.PaymentController.GetMyPayments (FinanceService)","RequestId":"0HNFQ9904PJOU:00000005","RequestPath":"/api/payment/my-payments","ConnectionId":"0HNFQ9904PJOU"}
][2025-09-23 10:39:51.045 +08:00 ERR Unhandled exception occurred while processing /api/payment/my-payments {"RequestId":"0HNFQ9904PJOU:00000005","RequestPath":"/api/payment/my-payments","ConnectionId":"0HNFQ9904PJOU"}
System.ArgumentException: Invalid pagination parameters.
   at FinanceService.Services.PaymentService.GetMyPayments(Guid userId, Int32 pageNumber, Int32 pageSize) in C:\Users\jeffr\Documents\Programming\Chomp\FinanceService\Services\PaymentService.cs:line 57
   at FinanceService.Controllers.PaymentController.GetMyPayments(Int32 pageNumber, Int32 pageSize) in C:\Users\jeffr\Documents\Programming\Chomp\FinanceService\Controllers\PaymentController.cs:line 52
   at Microsoft.AspNetCore.Mvc.Infrastructure.ActionMethodExecutor.TaskOfIActionResultExecutor.Execute(ActionContext actionContext, IActionResultTypeMapper mapper, ObjectMethodExecutor executor, Object controller, Object[] arguments)
   at Microsoft.AspNetCore.Mvc.Infrastructure.ControllerActionInvoker.<InvokeActionMethodAsync>g__Awaited|12_0(ControllerActionInvoker invoker, ValueTask`1 actionResultValueTask)
   at Microsoft.AspNetCore.Mvc.Infrastructure.ControllerActionInvoker.<InvokeNextActionFilterAsync>g__Awaited|10_0(ControllerActionInvoker invoker, Task lastTask, State next, Scope scope, Object state, Boolean isCompleted)
   at Microsoft.AspNetCore.Mvc.Infrastructure.ControllerActionInvoker.Rethrow(ActionExecutedContextSealed context)
   at Microsoft.AspNetCore.Mvc.Infrastructure.ControllerActionInvoker.Next(State& next, Scope& scope, Object& state, Boolean& isCompleted)
   at Microsoft.AspNetCore.Mvc.Infrastructure.ControllerActionInvoker.InvokeInnerFilterAsync()
--- End of stack trace from previous location ---
   at Microsoft.AspNetCore.Mvc.Infrastructure.ResourceInvoker.<InvokeFilterPipelineAsync>g__Awaited|20_0(ResourceInvoker invoker, Task lastTask, State next, Scope scope, Object state, Boolean isCompleted)
   at Microsoft.AspNetCore.Mvc.Infrastructure.ResourceInvoker.<InvokeAsync>g__Awaited|17_0(ResourceInvoker invoker, Task task, IDisposable scope)
   at Microsoft.AspNetCore.Mvc.Infrastructure.ResourceInvoker.<InvokeAsync>g__Awaited|17_0(ResourceInvoker invoker, Task task, IDisposable scope)
   at Swashbuckle.AspNetCore.SwaggerUI.SwaggerUIMiddleware.Invoke(HttpContext httpContext)
   at Swashbuckle.AspNetCore.Swagger.SwaggerMiddleware.Invoke(HttpContext httpContext, ISwaggerProvider swaggerProvider)
   at Microsoft.AspNetCore.Authorization.AuthorizationMiddleware.Invoke(HttpContext context)
   at Microsoft.AspNetCore.Authentication.AuthenticationMiddleware.Invoke(HttpContext context)
   at FinanceService.Middleware.ExceptionHandlingMiddleware.InvokeAsync(HttpContext context) in C:\Users\jeffr\Documents\Programming\Chomp\FinanceService\Middleware\ExceptionHandlingMiddleware.cs:line 21
][2025-09-23 10:40:11.843 +08:00 INF User "2db05cb6-5b5b-4266-b9fb-59b8e0d2cd0b" requested their payments. Page: 1, Size: 12 {"SourceContext":"FinanceService.Controllers.PaymentController","ActionId":"699cdce1-1451-441b-922a-296dbe883aa9","ActionName":"FinanceService.Controllers.PaymentController.GetMyPayments (FinanceService)","RequestId":"0HNFQ9904PJOU:00000006","RequestPath":"/api/payment/my-payments","ConnectionId":"0HNFQ9904PJOU"}
][2025-09-23 10:40:11.847 +08:00 INF Fetching payments for user "2db05cb6-5b5b-4266-b9fb-59b8e0d2cd0b": page 1, size 12 {"SourceContext":"FinanceService.Services.PaymentService","ActionId":"699cdce1-1451-441b-922a-296dbe883aa9","ActionName":"FinanceService.Controllers.PaymentController.GetMyPayments (FinanceService)","RequestId":"0HNFQ9904PJOU:00000006","RequestPath":"/api/payment/my-payments","ConnectionId":"0HNFQ9904PJOU"}
][2025-09-23 10:40:11.927 +08:00 INF Retrieved 1 payments for user "2db05cb6-5b5b-4266-b9fb-59b8e0d2cd0b" {"SourceContext":"FinanceService.Services.PaymentService","ActionId":"699cdce1-1451-441b-922a-296dbe883aa9","ActionName":"FinanceService.Controllers.PaymentController.GetMyPayments (FinanceService)","RequestId":"0HNFQ9904PJOU:00000006","RequestPath":"/api/payment/my-payments","ConnectionId":"0HNFQ9904PJOU"}
][2025-09-23 10:40:11.933 +08:00 INF Retrieved 1 payments for user "2db05cb6-5b5b-4266-b9fb-59b8e0d2cd0b" {"SourceContext":"FinanceService.Controllers.PaymentController","ActionId":"699cdce1-1451-441b-922a-296dbe883aa9","ActionName":"FinanceService.Controllers.PaymentController.GetMyPayments (FinanceService)","RequestId":"0HNFQ9904PJOU:00000006","RequestPath":"/api/payment/my-payments","ConnectionId":"0HNFQ9904PJOU"}
][2025-09-23 10:41:11.783 +08:00 INF Admin requested all payments. Page: 1, Size: 12 {"SourceContext":"FinanceService.Controllers.PaymentController","ActionId":"e2bcf773-8876-4af1-a276-f29d8ee276d6","ActionName":"FinanceService.Controllers.PaymentController.GetAllPayments (FinanceService)","RequestId":"0HNFQ9904PJOU:00000008","RequestPath":"/api/payment","ConnectionId":"0HNFQ9904PJOU"}
][2025-09-23 10:41:11.788 +08:00 INF Fetching all payments: page 1, size 12 {"SourceContext":"FinanceService.Services.PaymentService","ActionId":"e2bcf773-8876-4af1-a276-f29d8ee276d6","ActionName":"FinanceService.Controllers.PaymentController.GetAllPayments (FinanceService)","RequestId":"0HNFQ9904PJOU:00000008","RequestPath":"/api/payment","ConnectionId":"0HNFQ9904PJOU"}
][2025-09-23 10:41:11.800 +08:00 INF Retrieved 1 payments for admin {"SourceContext":"FinanceService.Services.PaymentService","ActionId":"e2bcf773-8876-4af1-a276-f29d8ee276d6","ActionName":"FinanceService.Controllers.PaymentController.GetAllPayments (FinanceService)","RequestId":"0HNFQ9904PJOU:00000008","RequestPath":"/api/payment","ConnectionId":"0HNFQ9904PJOU"}
][2025-09-23 10:41:11.805 +08:00 INF Retrieved 1 payments for admin {"SourceContext":"FinanceService.Controllers.PaymentController","ActionId":"e2bcf773-8876-4af1-a276-f29d8ee276d6","ActionName":"FinanceService.Controllers.PaymentController.GetAllPayments (FinanceService)","RequestId":"0HNFQ9904PJOU:00000008","RequestPath":"/api/payment","ConnectionId":"0HNFQ9904PJOU"}
][2025-09-23 10:41:26.389 +08:00 INF User "e056ca84-ecf8-4dbe-9af5-f91efe653ca5" with role Admin requested payment "e3ffb0a8-ccfe-4663-aad6-c40334d3c3af" {"SourceContext":"FinanceService.Controllers.PaymentController","ActionId":"ca2f36cd-79d5-445c-afe1-cd0cbf3fb345","ActionName":"FinanceService.Controllers.PaymentController.GetPaymentById (FinanceService)","RequestId":"0HNFQ9904PJOU:00000009","RequestPath":"/api/payment/e3ffb0a8-ccfe-4663-aad6-c40334d3c3af","ConnectionId":"0HNFQ9904PJOU"}
][2025-09-23 10:41:26.393 +08:00 INF Fetching payment "e3ffb0a8-ccfe-4663-aad6-c40334d3c3af" for Admin (UserId="e056ca84-ecf8-4dbe-9af5-f91efe653ca5") {"SourceContext":"FinanceService.Services.PaymentService","ActionId":"ca2f36cd-79d5-445c-afe1-cd0cbf3fb345","ActionName":"FinanceService.Controllers.PaymentController.GetPaymentById (FinanceService)","RequestId":"0HNFQ9904PJOU:00000009","RequestPath":"/api/payment/e3ffb0a8-ccfe-4663-aad6-c40334d3c3af","ConnectionId":"0HNFQ9904PJOU"}
][2025-09-23 10:41:26.404 +08:00 INF Payment "e3ffb0a8-ccfe-4663-aad6-c40334d3c3af" found for Admin {"SourceContext":"FinanceService.Services.PaymentService","ActionId":"ca2f36cd-79d5-445c-afe1-cd0cbf3fb345","ActionName":"FinanceService.Controllers.PaymentController.GetPaymentById (FinanceService)","RequestId":"0HNFQ9904PJOU:00000009","RequestPath":"/api/payment/e3ffb0a8-ccfe-4663-aad6-c40334d3c3af","ConnectionId":"0HNFQ9904PJOU"}
][2025-09-23 10:41:26.409 +08:00 INF Payment "e3ffb0a8-ccfe-4663-aad6-c40334d3c3af" retrieved successfully for user "e056ca84-ecf8-4dbe-9af5-f91efe653ca5" {"SourceContext":"FinanceService.Controllers.PaymentController","ActionId":"ca2f36cd-79d5-445c-afe1-cd0cbf3fb345","ActionName":"FinanceService.Controllers.PaymentController.GetPaymentById (FinanceService)","RequestId":"0HNFQ9904PJOU:00000009","RequestPath":"/api/payment/e3ffb0a8-ccfe-4663-aad6-c40334d3c3af","ConnectionId":"0HNFQ9904PJOU"}
][2025-09-23 10:41:35.758 +08:00 INF Admin requested transaction list. Page: 0, Size: 0 {"SourceContext":"FinanceService.Controllers.TransactionController","ActionId":"4b3dd3ad-5fc6-4f51-967a-67e2c9de0625","ActionName":"FinanceService.Controllers.TransactionController.GetAll (FinanceService)","RequestId":"0HNFQ9904PJOU:0000000A","RequestPath":"/api/transaction","ConnectionId":"0HNFQ9904PJOU"}
][2025-09-23 10:41:35.762 +08:00 INF Fetching all transactions. Page: 0, Size: 0 {"SourceContext":"FinanceService.Services.TransactionService","ActionId":"4b3dd3ad-5fc6-4f51-967a-67e2c9de0625","ActionName":"FinanceService.Controllers.TransactionController.GetAll (FinanceService)","RequestId":"0HNFQ9904PJOU:0000000A","RequestPath":"/api/transaction","ConnectionId":"0HNFQ9904PJOU"}
][2025-09-23 10:41:35.766 +08:00 ERR Unhandled exception occurred while processing /api/transaction {"RequestId":"0HNFQ9904PJOU:0000000A","RequestPath":"/api/transaction","ConnectionId":"0HNFQ9904PJOU"}
System.ArgumentException: Page number must be 1 or greater. (Parameter 'pageNumber')
   at FinanceService.Services.TransactionService.GetAllTransactions(Int32 pageNumber, Int32 pageSize) in C:\Users\jeffr\Documents\Programming\Chomp\FinanceService\Services\TransactionService.cs:line 25
   at FinanceService.Controllers.TransactionController.GetAll(Int32 pageNumber, Int32 pageSize) in C:\Users\jeffr\Documents\Programming\Chomp\FinanceService\Controllers\TransactionController.cs:line 33
   at Microsoft.AspNetCore.Mvc.Infrastructure.ActionMethodExecutor.TaskOfIActionResultExecutor.Execute(ActionContext actionContext, IActionResultTypeMapper mapper, ObjectMethodExecutor executor, Object controller, Object[] arguments)
   at Microsoft.AspNetCore.Mvc.Infrastructure.ControllerActionInvoker.<InvokeActionMethodAsync>g__Awaited|12_0(ControllerActionInvoker invoker, ValueTask`1 actionResultValueTask)
   at Microsoft.AspNetCore.Mvc.Infrastructure.ControllerActionInvoker.<InvokeNextActionFilterAsync>g__Awaited|10_0(ControllerActionInvoker invoker, Task lastTask, State next, Scope scope, Object state, Boolean isCompleted)
   at Microsoft.AspNetCore.Mvc.Infrastructure.ControllerActionInvoker.Rethrow(ActionExecutedContextSealed context)
   at Microsoft.AspNetCore.Mvc.Infrastructure.ControllerActionInvoker.Next(State& next, Scope& scope, Object& state, Boolean& isCompleted)
   at Microsoft.AspNetCore.Mvc.Infrastructure.ControllerActionInvoker.InvokeInnerFilterAsync()
--- End of stack trace from previous location ---
   at Microsoft.AspNetCore.Mvc.Infrastructure.ResourceInvoker.<InvokeFilterPipelineAsync>g__Awaited|20_0(ResourceInvoker invoker, Task lastTask, State next, Scope scope, Object state, Boolean isCompleted)
   at Microsoft.AspNetCore.Mvc.Infrastructure.ResourceInvoker.<InvokeAsync>g__Awaited|17_0(ResourceInvoker invoker, Task task, IDisposable scope)
   at Microsoft.AspNetCore.Mvc.Infrastructure.ResourceInvoker.<InvokeAsync>g__Awaited|17_0(ResourceInvoker invoker, Task task, IDisposable scope)
   at Swashbuckle.AspNetCore.SwaggerUI.SwaggerUIMiddleware.Invoke(HttpContext httpContext)
   at Swashbuckle.AspNetCore.Swagger.SwaggerMiddleware.Invoke(HttpContext httpContext, ISwaggerProvider swaggerProvider)
   at Microsoft.AspNetCore.Authorization.AuthorizationMiddleware.Invoke(HttpContext context)
   at Microsoft.AspNetCore.Authentication.AuthenticationMiddleware.Invoke(HttpContext context)
   at FinanceService.Middleware.ExceptionHandlingMiddleware.InvokeAsync(HttpContext context) in C:\Users\jeffr\Documents\Programming\Chomp\FinanceService\Middleware\ExceptionHandlingMiddleware.cs:line 21
][2025-09-23 10:41:45.466 +08:00 INF Admin requested transaction list. Page: 1, Size: 12 {"SourceContext":"FinanceService.Controllers.TransactionController","ActionId":"4b3dd3ad-5fc6-4f51-967a-67e2c9de0625","ActionName":"FinanceService.Controllers.TransactionController.GetAll (FinanceService)","RequestId":"0HNFQ9904PJOU:0000000B","RequestPath":"/api/transaction","ConnectionId":"0HNFQ9904PJOU"}
][2025-09-23 10:41:45.470 +08:00 INF Fetching all transactions. Page: 1, Size: 12 {"SourceContext":"FinanceService.Services.TransactionService","ActionId":"4b3dd3ad-5fc6-4f51-967a-67e2c9de0625","ActionName":"FinanceService.Controllers.TransactionController.GetAll (FinanceService)","RequestId":"0HNFQ9904PJOU:0000000B","RequestPath":"/api/transaction","ConnectionId":"0HNFQ9904PJOU"}
][2025-09-23 10:41:45.480 +08:00 INF Retrieved 2 transactions from database {"SourceContext":"FinanceService.Services.TransactionService","ActionId":"4b3dd3ad-5fc6-4f51-967a-67e2c9de0625","ActionName":"FinanceService.Controllers.TransactionController.GetAll (FinanceService)","RequestId":"0HNFQ9904PJOU:0000000B","RequestPath":"/api/transaction","ConnectionId":"0HNFQ9904PJOU"}
][2025-09-23 10:41:45.485 +08:00 INF Returned 2 transactions for Admin request {"SourceContext":"FinanceService.Controllers.TransactionController","ActionId":"4b3dd3ad-5fc6-4f51-967a-67e2c9de0625","ActionName":"FinanceService.Controllers.TransactionController.GetAll (FinanceService)","RequestId":"0HNFQ9904PJOU:0000000B","RequestPath":"/api/transaction","ConnectionId":"0HNFQ9904PJOU"}
][2025-09-23 10:41:57.480 +08:00 INF Fetching transaction "61b2d18b-50b1-4562-b45c-2f4cc7976fc2" {"SourceContext":"FinanceService.Controllers.TransactionController","ActionId":"440fd8dc-17bb-4335-babb-609f32ab4ca0","ActionName":"FinanceService.Controllers.TransactionController.GetTransactionById (FinanceService)","RequestId":"0HNFQ9904PJOU:0000000C","RequestPath":"/api/transaction/61b2d18b-50b1-4562-b45c-2f4cc7976fc2","ConnectionId":"0HNFQ9904PJOU"}
][2025-09-23 10:41:57.484 +08:00 INF Fetching transactions "61b2d18b-50b1-4562-b45c-2f4cc7976fc2" for user "e056ca84-ecf8-4dbe-9af5-f91efe653ca5" with role Admin {"SourceContext":"FinanceService.Services.TransactionService","ActionId":"440fd8dc-17bb-4335-babb-609f32ab4ca0","ActionName":"FinanceService.Controllers.TransactionController.GetTransactionById (FinanceService)","RequestId":"0HNFQ9904PJOU:0000000C","RequestPath":"/api/transaction/61b2d18b-50b1-4562-b45c-2f4cc7976fc2","ConnectionId":"0HNFQ9904PJOU"}
][2025-09-23 10:41:57.511 +08:00 INF Admin accessed transaction "61b2d18b-50b1-4562-b45c-2f4cc7976fc2" {"SourceContext":"FinanceService.Services.TransactionService","ActionId":"440fd8dc-17bb-4335-babb-609f32ab4ca0","ActionName":"FinanceService.Controllers.TransactionController.GetTransactionById (FinanceService)","RequestId":"0HNFQ9904PJOU:0000000C","RequestPath":"/api/transaction/61b2d18b-50b1-4562-b45c-2f4cc7976fc2","ConnectionId":"0HNFQ9904PJOU"}
][2025-09-23 10:41:57.514 +08:00 INF Transaction "61b2d18b-50b1-4562-b45c-2f4cc7976fc2" successfully retrieved by Admin {"SourceContext":"FinanceService.Controllers.TransactionController","ActionId":"440fd8dc-17bb-4335-babb-609f32ab4ca0","ActionName":"FinanceService.Controllers.TransactionController.GetTransactionById (FinanceService)","RequestId":"0HNFQ9904PJOU:0000000C","RequestPath":"/api/transaction/61b2d18b-50b1-4562-b45c-2f4cc7976fc2","ConnectionId":"0HNFQ9904PJOU"}
][2025-09-23 10:42:08.095 +08:00 INF Admin requested wallet list. Page: 0, Size: 0 {"SourceContext":"FinanceService.Controllers.WalletController","ActionId":"8646aa54-cae0-4d0f-bd1c-9a25fcb4e65b","ActionName":"FinanceService.Controllers.WalletController.GetAll (FinanceService)","RequestId":"0HNFQ9904PJOU:0000000D","RequestPath":"/api/wallet","ConnectionId":"0HNFQ9904PJOU"}
][2025-09-23 10:42:08.100 +08:00 INF Fetching all wallets. Page: 0, Size: 0 {"SourceContext":"FinanceService.Services.WalletService","ActionId":"8646aa54-cae0-4d0f-bd1c-9a25fcb4e65b","ActionName":"FinanceService.Controllers.WalletController.GetAll (FinanceService)","RequestId":"0HNFQ9904PJOU:0000000D","RequestPath":"/api/wallet","ConnectionId":"0HNFQ9904PJOU"}
][2025-09-23 10:42:08.106 +08:00 ERR Unhandled exception occurred while processing /api/wallet {"RequestId":"0HNFQ9904PJOU:0000000D","RequestPath":"/api/wallet","ConnectionId":"0HNFQ9904PJOU"}
System.ArgumentException: Page number must be 1 or greater. (Parameter 'pageNumber')
   at FinanceService.Services.WalletService.GetAllWallets(Int32 pageNumber, Int32 pageSize) in C:\Users\jeffr\Documents\Programming\Chomp\FinanceService\Services\WalletService.cs:line 25
   at FinanceService.Controllers.WalletController.GetAll(Int32 pageNumber, Int32 pageSize) in C:\Users\jeffr\Documents\Programming\Chomp\FinanceService\Controllers\WalletController.cs:line 34
   at Microsoft.AspNetCore.Mvc.Infrastructure.ActionMethodExecutor.TaskOfIActionResultExecutor.Execute(ActionContext actionContext, IActionResultTypeMapper mapper, ObjectMethodExecutor executor, Object controller, Object[] arguments)
   at Microsoft.AspNetCore.Mvc.Infrastructure.ControllerActionInvoker.<InvokeActionMethodAsync>g__Awaited|12_0(ControllerActionInvoker invoker, ValueTask`1 actionResultValueTask)
   at Microsoft.AspNetCore.Mvc.Infrastructure.ControllerActionInvoker.<InvokeNextActionFilterAsync>g__Awaited|10_0(ControllerActionInvoker invoker, Task lastTask, State next, Scope scope, Object state, Boolean isCompleted)
   at Microsoft.AspNetCore.Mvc.Infrastructure.ControllerActionInvoker.Rethrow(ActionExecutedContextSealed context)
   at Microsoft.AspNetCore.Mvc.Infrastructure.ControllerActionInvoker.Next(State& next, Scope& scope, Object& state, Boolean& isCompleted)
   at Microsoft.AspNetCore.Mvc.Infrastructure.ControllerActionInvoker.InvokeInnerFilterAsync()
--- End of stack trace from previous location ---
   at Microsoft.AspNetCore.Mvc.Infrastructure.ResourceInvoker.<InvokeFilterPipelineAsync>g__Awaited|20_0(ResourceInvoker invoker, Task lastTask, State next, Scope scope, Object state, Boolean isCompleted)
   at Microsoft.AspNetCore.Mvc.Infrastructure.ResourceInvoker.<InvokeAsync>g__Awaited|17_0(ResourceInvoker invoker, Task task, IDisposable scope)
   at Microsoft.AspNetCore.Mvc.Infrastructure.ResourceInvoker.<InvokeAsync>g__Awaited|17_0(ResourceInvoker invoker, Task task, IDisposable scope)
   at Swashbuckle.AspNetCore.SwaggerUI.SwaggerUIMiddleware.Invoke(HttpContext httpContext)
   at Swashbuckle.AspNetCore.Swagger.SwaggerMiddleware.Invoke(HttpContext httpContext, ISwaggerProvider swaggerProvider)
   at Microsoft.AspNetCore.Authorization.AuthorizationMiddleware.Invoke(HttpContext context)
   at Microsoft.AspNetCore.Authentication.AuthenticationMiddleware.Invoke(HttpContext context)
   at FinanceService.Middleware.ExceptionHandlingMiddleware.InvokeAsync(HttpContext context) in C:\Users\jeffr\Documents\Programming\Chomp\FinanceService\Middleware\ExceptionHandlingMiddleware.cs:line 21
][2025-09-23 10:42:20.561 +08:00 INF Admin requested wallet list. Page: 1, Size: 12 {"SourceContext":"FinanceService.Controllers.WalletController","ActionId":"8646aa54-cae0-4d0f-bd1c-9a25fcb4e65b","ActionName":"FinanceService.Controllers.WalletController.GetAll (FinanceService)","RequestId":"0HNFQ9904PJOU:0000000E","RequestPath":"/api/wallet","ConnectionId":"0HNFQ9904PJOU"}
][2025-09-23 10:42:20.571 +08:00 INF Fetching all wallets. Page: 1, Size: 12 {"SourceContext":"FinanceService.Services.WalletService","ActionId":"8646aa54-cae0-4d0f-bd1c-9a25fcb4e65b","ActionName":"FinanceService.Controllers.WalletController.GetAll (FinanceService)","RequestId":"0HNFQ9904PJOU:0000000E","RequestPath":"/api/wallet","ConnectionId":"0HNFQ9904PJOU"}
][2025-09-23 10:42:20.582 +08:00 INF Retrieved 1 wallets from database {"SourceContext":"FinanceService.Services.WalletService","ActionId":"8646aa54-cae0-4d0f-bd1c-9a25fcb4e65b","ActionName":"FinanceService.Controllers.WalletController.GetAll (FinanceService)","RequestId":"0HNFQ9904PJOU:0000000E","RequestPath":"/api/wallet","ConnectionId":"0HNFQ9904PJOU"}
][2025-09-23 10:42:20.589 +08:00 INF Returned 1 wallets for Admin request {"SourceContext":"FinanceService.Controllers.WalletController","ActionId":"8646aa54-cae0-4d0f-bd1c-9a25fcb4e65b","ActionName":"FinanceService.Controllers.WalletController.GetAll (FinanceService)","RequestId":"0HNFQ9904PJOU:0000000E","RequestPath":"/api/wallet","ConnectionId":"0HNFQ9904PJOU"}
][2025-09-23 10:42:32.361 +08:00 INF Fetching wallet "2d07afd1-1cd3-4450-80a4-87d7ab00ffe9" for user "e056ca84-ecf8-4dbe-9af5-f91efe653ca5" with role Admin {"SourceContext":"FinanceService.Services.WalletService","ActionId":"09051c4a-ca82-4c34-b139-0307c48ac4f3","ActionName":"FinanceService.Controllers.WalletController.GetWalletById (FinanceService)","RequestId":"0HNFQ9904PJOU:0000000F","RequestPath":"/api/wallet/2d07afd1-1cd3-4450-80a4-87d7ab00ffe9","ConnectionId":"0HNFQ9904PJOU"}
][2025-09-23 10:42:32.372 +08:00 INF Admin accessed wallet "2d07afd1-1cd3-4450-80a4-87d7ab00ffe9" {"SourceContext":"FinanceService.Services.WalletService","ActionId":"09051c4a-ca82-4c34-b139-0307c48ac4f3","ActionName":"FinanceService.Controllers.WalletController.GetWalletById (FinanceService)","RequestId":"0HNFQ9904PJOU:0000000F","RequestPath":"/api/wallet/2d07afd1-1cd3-4450-80a4-87d7ab00ffe9","ConnectionId":"0HNFQ9904PJOU"}
][2025-09-23 10:42:39.097 +08:00 INF Application is shutting down... {"SourceContext":"Microsoft.Hosting.Lifetime"}
][2025-09-23 10:42:39.155 +08:00 INF Bus stopped: "rabbitmq://localhost/" {"SourceContext":"MassTransit"}
][2025-09-23 21:58:15.996 +08:00 INF Starting up FinanceService {}
][2025-09-23 21:58:16.308 +08:00 INF Configured endpoint DESKTOPHUMQD41_FinanceService_endpoint_ubdyyybzsrconzmybdq9ikj6ru, Consumer: FinanceService.OrderEvents.Consumers.OrderConfirmedConsumer {"SourceContext":"MassTransit"}
][2025-09-23 21:58:16.318 +08:00 INF Configured endpoint DESKTOPHUMQD41_FinanceService_endpoint_ubdyyybzsrconzmybdq9ikj6ru, Consumer: FinanceService.Consumers.UserEvents.UserCreatedConsumer {"SourceContext":"MassTransit"}
][2025-09-23 21:58:16.509 +08:00 INF Now listening on: http://localhost:5062 {"EventId":{"Id":14,"Name":"ListeningOnAddress"},"SourceContext":"Microsoft.Hosting.Lifetime"}
][2025-09-23 21:58:16.602 +08:00 INF Application started. Press Ctrl+C to shut down. {"SourceContext":"Microsoft.Hosting.Lifetime"}
][2025-09-23 21:58:16.606 +08:00 INF Hosting environment: Development {"SourceContext":"Microsoft.Hosting.Lifetime"}
][2025-09-23 21:58:16.612 +08:00 INF Content root path: C:\Users\jeffr\Documents\Programming\Chomp\FinanceSErvice {"SourceContext":"Microsoft.Hosting.Lifetime"}
][2025-09-23 21:58:16.690 +08:00 INF Bus started: "rabbitmq://localhost/" {"SourceContext":"MassTransit"}
][2025-09-23 21:58:44.100 +08:00 WRN Failed to determine the https port for redirect. {"EventId":{"Id":3,"Name":"FailedToDeterminePort"},"SourceContext":"Microsoft.AspNetCore.HttpsPolicy.HttpsRedirectionMiddleware","RequestId":"0HNFQL57HR2TJ:00000001","RequestPath":"/","ConnectionId":"0HNFQL57HR2TJ"}
][2025-09-23 22:01:15.756 +08:00 INF Creating a wallet for user with ID "b34353e7-1837-4ff8-bf59-5212896b6dd6" {"SourceContext":"FinanceService.Consumers.UserEvents.UserCreatedConsumer"}
][2025-09-23 22:01:15.871 +08:00 INF Successfully created a wallet for user with ID "b34353e7-1837-4ff8-bf59-5212896b6dd6" - wallet ID "3adfae4f-29e4-4ac9-89c9-676e8fca4a0e" {"SourceContext":"FinanceService.Consumers.UserEvents.UserCreatedConsumer"}
][2025-09-23 22:03:16.718 +08:00 INF Usage Telemetry: {"id":"98460000-37b1-1901-3694-08ddfaa93e92","created":"2025-09-23T21:58:16.2665947\u002B08:00","host":{"framework_version":"8.0.17","mass_transit_version":"8.5.2.0","operating_system_version":"Microsoft Windows NT 10.0.26100.0","time_zone_info":"(UTC\u002B08:00) Kuala Lumpur, Singapore","commit_hash":"96adb565f7cc311488d1df104549f924203be760"},"bus":[{"created":"2025-09-23T21:58:16.2688338\u002B08:00","configured":"2025-09-23T21:58:16.4000307\u002B08:00","started":"2025-09-23T21:58:16.6889561\u002B08:00","name":"IBus","endpoints":[{"name":"DESKTOPHUMQD41_FinanceService_endpoint_ubdyyybzsrconzmybdq9ikj6ru","type":"RabbitMQ","prefetch_count":16,"consumer_count":2,"message_count":2},{"name":"_bus_","type":"RabbitMQ","prefetch_count":16}]}]} {"SourceContext":"MassTransit"}
][2025-09-23 22:04:21.155 +08:00 INF Application is shutting down... {"SourceContext":"Microsoft.Hosting.Lifetime"}
][2025-09-23 22:04:21.216 +08:00 INF Bus stopped: "rabbitmq://localhost/" {"SourceContext":"MassTransit"}
][2025-09-23 22:05:04.256 +08:00 INF Starting up FinanceService {}
][2025-09-23 22:05:04.389 +08:00 INF Configured endpoint DESKTOPHUMQD41_FinanceService_endpoint_8bbyyybzsrcodon6bdq9ikttgo, Consumer: FinanceService.OrderEvents.Consumers.OrderConfirmedConsumer {"SourceContext":"MassTransit"}
][2025-09-23 22:05:04.394 +08:00 INF Configured endpoint DESKTOPHUMQD41_FinanceService_endpoint_8bbyyybzsrcodon6bdq9ikttgo, Consumer: FinanceService.Consumers.UserEvents.UserCreatedConsumer {"SourceContext":"MassTransit"}
][2025-09-23 22:05:04.530 +08:00 INF Now listening on: http://localhost:5062 {"EventId":{"Id":14,"Name":"ListeningOnAddress"},"SourceContext":"Microsoft.Hosting.Lifetime"}
][2025-09-23 22:05:04.533 +08:00 INF Application started. Press Ctrl+C to shut down. {"SourceContext":"Microsoft.Hosting.Lifetime"}
][2025-09-23 22:05:04.534 +08:00 INF Hosting environment: Development {"SourceContext":"Microsoft.Hosting.Lifetime"}
][2025-09-23 22:05:04.535 +08:00 INF Content root path: C:\Users\jeffr\Documents\Programming\Chomp\FinanceSErvice {"SourceContext":"Microsoft.Hosting.Lifetime"}
][2025-09-23 22:05:04.655 +08:00 INF Bus started: "rabbitmq://localhost/" {"SourceContext":"MassTransit"}
][2025-09-23 22:06:16.215 +08:00 INF Creating a wallet for user with ID "25c73b40-c4c3-4863-88d0-3472944444cc" {"SourceContext":"FinanceService.Consumers.UserEvents.UserCreatedConsumer"}
][2025-09-23 22:06:16.332 +08:00 INF Successfully created a wallet for user with ID "25c73b40-c4c3-4863-88d0-3472944444cc" - wallet ID "57a4f32b-2dab-4ca2-9917-154810e155e9" {"SourceContext":"FinanceService.Consumers.UserEvents.UserCreatedConsumer"}
][2025-09-23 22:10:04.699 +08:00 INF Usage Telemetry: {"id":"38420000-37b1-1901-15f0-08ddfaaa31d0","created":"2025-09-23T22:05:04.3584199\u002B08:00","host":{"framework_version":"8.0.17","mass_transit_version":"8.5.2.0","operating_system_version":"Microsoft Windows NT 10.0.26100.0","time_zone_info":"(UTC\u002B08:00) Kuala Lumpur, Singapore","commit_hash":"96adb565f7cc311488d1df104549f924203be760"},"bus":[{"created":"2025-09-23T22:05:04.3600717\u002B08:00","configured":"2025-09-23T22:05:04.4620538\u002B08:00","started":"2025-09-23T22:05:04.6542493\u002B08:00","name":"IBus","endpoints":[{"name":"DESKTOPHUMQD41_FinanceService_endpoint_8bbyyybzsrcodon6bdq9ikttgo","type":"RabbitMQ","prefetch_count":16,"consumer_count":2,"message_count":2},{"name":"_bus_","type":"RabbitMQ","prefetch_count":16}]}]} {"SourceContext":"MassTransit"}
][2025-09-23 22:51:52.697 +08:00 ERR System.Collections.Generic.KeyNotFoundException: User with ID e056ca84-ecf8-4dbe-9af5-f91efe653ca5 does not have a wallet
   at FinanceService.Services.ChompWalletService.ChompWalletDebit(OrderConfirmedEvent message) in C:\Users\jeffr\Documents\Programming\Chomp\FinanceSErvice\Services\ChompWalletService.cs:line 33
   at FinanceService.Services.ChompWalletService.ChompWalletDebit(OrderConfirmedEvent message) in C:\Users\jeffr\Documents\Programming\Chomp\FinanceSErvice\Services\ChompWalletService.cs:line 106
   at FinanceService.Services.ChompWalletService.ChompWalletDebit(OrderConfirmedEvent message) in C:\Users\jeffr\Documents\Programming\Chomp\FinanceSErvice\Services\ChompWalletService.cs:line 107
   at FinanceService.OrderEvents.Consumers.OrderConfirmedConsumer.Consume(ConsumeContext`1 context) in C:\Users\jeffr\Documents\Programming\Chomp\FinanceSErvice\Consumers\OrderEvents\OrderConfirmedConsumer.cs:line 42 {"SourceContext":"FinanceService.OrderEvents.Consumers.OrderConfirmedConsumer"}
][2025-09-23 23:04:10.423 +08:00 ERR System.Collections.Generic.KeyNotFoundException: User with ID e056ca84-ecf8-4dbe-9af5-f91efe653ca5 does not have a wallet
   at FinanceService.Services.ChompWalletService.ChompWalletDebit(OrderConfirmedEvent message) in C:\Users\jeffr\Documents\Programming\Chomp\FinanceSErvice\Services\ChompWalletService.cs:line 33
   at FinanceService.Services.ChompWalletService.ChompWalletDebit(OrderConfirmedEvent message) in C:\Users\jeffr\Documents\Programming\Chomp\FinanceSErvice\Services\ChompWalletService.cs:line 106
   at FinanceService.Services.ChompWalletService.ChompWalletDebit(OrderConfirmedEvent message) in C:\Users\jeffr\Documents\Programming\Chomp\FinanceSErvice\Services\ChompWalletService.cs:line 107
   at FinanceService.OrderEvents.Consumers.OrderConfirmedConsumer.Consume(ConsumeContext`1 context) in C:\Users\jeffr\Documents\Programming\Chomp\FinanceSErvice\Consumers\OrderEvents\OrderConfirmedConsumer.cs:line 42 {"SourceContext":"FinanceService.OrderEvents.Consumers.OrderConfirmedConsumer"}
][2025-09-23 23:07:00.427 +08:00 INF Creating a wallet for user with ID "83b8fa56-a6b7-4a27-8c6b-6d19e33d92ef" {"SourceContext":"FinanceService.Consumers.UserEvents.UserCreatedConsumer"}
][2025-09-23 23:07:00.434 +08:00 INF Successfully created a wallet for user with ID "83b8fa56-a6b7-4a27-8c6b-6d19e33d92ef" - wallet ID "32874ff6-8b28-4717-9626-d87cb0fefe98" {"SourceContext":"FinanceService.Consumers.UserEvents.UserCreatedConsumer"}
][2025-09-23 23:08:23.587 +08:00 ERR System.Collections.Generic.KeyNotFoundException: User with ID e056ca84-ecf8-4dbe-9af5-f91efe653ca5 does not have a wallet
   at FinanceService.Services.ChompWalletService.ChompWalletDebit(OrderConfirmedEvent message) in C:\Users\jeffr\Documents\Programming\Chomp\FinanceSErvice\Services\ChompWalletService.cs:line 33
   at FinanceService.Services.ChompWalletService.ChompWalletDebit(OrderConfirmedEvent message) in C:\Users\jeffr\Documents\Programming\Chomp\FinanceSErvice\Services\ChompWalletService.cs:line 106
   at FinanceService.Services.ChompWalletService.ChompWalletDebit(OrderConfirmedEvent message) in C:\Users\jeffr\Documents\Programming\Chomp\FinanceSErvice\Services\ChompWalletService.cs:line 107
   at FinanceService.OrderEvents.Consumers.OrderConfirmedConsumer.Consume(ConsumeContext`1 context) in C:\Users\jeffr\Documents\Programming\Chomp\FinanceSErvice\Consumers\OrderEvents\OrderConfirmedConsumer.cs:line 42 {"SourceContext":"FinanceService.OrderEvents.Consumers.OrderConfirmedConsumer"}
][2025-09-23 23:09:47.930 +08:00 WRN Payment failed for user "83b8fa56-a6b7-4a27-8c6b-6d19e33d92ef", insufficient balance. Order "660a653a-42e9-41a3-805c-28ad2e2d5d0c" {"SourceContext":"FinanceService.Services.ChompWalletService"}
][2025-09-23 23:15:43.277 +08:00 WRN Payment failed for user "83b8fa56-a6b7-4a27-8c6b-6d19e33d92ef", insufficient balance. Order "22c2e38c-3879-461b-8799-4844ef47bd87" {"SourceContext":"FinanceService.Services.ChompWalletService"}
][2025-09-23 23:16:53.531 +08:00 WRN Payment failed for user "83b8fa56-a6b7-4a27-8c6b-6d19e33d92ef", insufficient balance. Order "22c2e38c-3879-461b-8799-4844ef47bd87" {"SourceContext":"FinanceService.Services.ChompWalletService"}
][2025-09-23 23:16:57.237 +08:00 WRN Payment failed for user "83b8fa56-a6b7-4a27-8c6b-6d19e33d92ef", insufficient balance. Order "22c2e38c-3879-461b-8799-4844ef47bd87" {"SourceContext":"FinanceService.Services.ChompWalletService"}
][2025-09-23 23:19:12.187 +08:00 INF Payment succeeded for user "83b8fa56-a6b7-4a27-8c6b-6d19e33d92ef", order "22c2e38c-3879-461b-8799-4844ef47bd87", new balance 27.02 {"SourceContext":"FinanceService.Services.ChompWalletService"}
]