[2025-09-23 09:48:36.591 +08:00 INF Starting up OrderService {}
][2025-09-23 09:48:36.741 +08:00 INF Configured endpoint DESKTOPHUMQD41_OrderService_endpoint_qoeyyybzsrconefmbdq9wo4x8c, Consumer: OrderService.Consumers.PaymentFailedConsumer {"SourceContext":"MassTransit"}
][2025-09-23 09:48:36.749 +08:00 INF Configured endpoint DESKTOPHUMQD41_OrderService_endpoint_qoeyyybzsrconefmbdq9wo4x8c, Consumer: OrderService.Consumers.PaymentSucceededConsumer {"SourceContext":"MassTransit"}
][2025-09-23 09:48:36.753 +08:00 INF Configured endpoint DESKTOPHUMQD41_OrderService_endpoint_qoeyyybzsrconefmbdq9wo4x8c, Consumer: OrderService.Consumers.UserDeletedConsumer {"SourceContext":"MassTransit"}
][2025-09-23 09:48:36.908 +08:00 INF Now listening on: http://localhost:5221 {"EventId":{"Id":14,"Name":"ListeningOnAddress"},"SourceContext":"Microsoft.Hosting.Lifetime"}
][2025-09-23 09:48:36.911 +08:00 INF Application started. Press Ctrl+C to shut down. {"SourceContext":"Microsoft.Hosting.Lifetime"}
][2025-09-23 09:48:36.913 +08:00 INF Hosting environment: Development {"SourceContext":"Microsoft.Hosting.Lifetime"}
][2025-09-23 09:48:36.917 +08:00 INF Content root path: C:\Users\jeffr\Documents\Programming\Chomp\OrderService {"SourceContext":"Microsoft.Hosting.Lifetime"}
][2025-09-23 09:48:37.064 +08:00 INF Bus started: "rabbitmq://localhost/" {"SourceContext":"MassTransit"}
][2025-09-23 09:49:28.183 +08:00 WRN Failed to determine the https port for redirect. {"EventId":{"Id":3,"Name":"FailedToDeterminePort"},"SourceContext":"Microsoft.AspNetCore.HttpsPolicy.HttpsRedirectionMiddleware","RequestId":"0HNFQ8DN8J1IN:00000001","RequestPath":"/","ConnectionId":"0HNFQ8DN8J1IN"}
][2025-09-23 09:49:50.913 +08:00 INF GetAll Endpoint - Anonymous Request N/A {"SourceContext":"OrderService.Controllers.ProductController","ActionId":"5e9fbc84-d7f8-4bb8-bc61-4da693d9d04f","ActionName":"OrderService.Controllers.ProductController.GetAll (OrderService)","RequestId":"0HNFQ8DN8J1IO:00000003","RequestPath":"/api/Product","ConnectionId":"0HNFQ8DN8J1IO"}
][2025-09-23 09:49:51.586 +08:00 WRN The query uses a row limiting operator ('Skip'/'Take') without an 'OrderBy' operator. This may lead to unpredictable results. If the 'Distinct' operator is used after 'OrderBy', then make sure to use the 'OrderBy' operator after 'Distinct' as the ordering would otherwise get erased. {"EventId":{"Id":10102,"Name":"Microsoft.EntityFrameworkCore.Query.RowLimitingOperationWithoutOrderByWarning"},"SourceContext":"Microsoft.EntityFrameworkCore.Query","ActionId":"5e9fbc84-d7f8-4bb8-bc61-4da693d9d04f","ActionName":"OrderService.Controllers.ProductController.GetAll (OrderService)","RequestId":"0HNFQ8DN8J1IO:00000003","RequestPath":"/api/Product","ConnectionId":"0HNFQ8DN8J1IO"}
][2025-09-23 09:49:51.593 +08:00 WRN The query uses a row limiting operator ('Skip'/'Take') without an 'OrderBy' operator. This may lead to unpredictable results. If the 'Distinct' operator is used after 'OrderBy', then make sure to use the 'OrderBy' operator after 'Distinct' as the ordering would otherwise get erased. {"EventId":{"Id":10102,"Name":"Microsoft.EntityFrameworkCore.Query.RowLimitingOperationWithoutOrderByWarning"},"SourceContext":"Microsoft.EntityFrameworkCore.Query","ActionId":"5e9fbc84-d7f8-4bb8-bc61-4da693d9d04f","ActionName":"OrderService.Controllers.ProductController.GetAll (OrderService)","RequestId":"0HNFQ8DN8J1IO:00000003","RequestPath":"/api/Product","ConnectionId":"0HNFQ8DN8J1IO"}
][2025-09-23 09:53:37.095 +08:00 INF Usage Telemetry: {"id":"74100000-37b1-1901-73d1-08ddfa434feb","created":"2025-09-23T09:48:36.7062614\u002B08:00","host":{"framework_version":"8.0.17","mass_transit_version":"8.5.2.0","operating_system_version":"Microsoft Windows NT 10.0.26100.0","time_zone_info":"(UTC\u002B08:00) Kuala Lumpur, Singapore","commit_hash":"96adb565f7cc311488d1df104549f924203be760"},"bus":[{"created":"2025-09-23T09:48:36.7079256\u002B08:00","configured":"2025-09-23T09:48:36.8379455\u002B08:00","started":"2025-09-23T09:48:37.0639828\u002B08:00","name":"IBus","endpoints":[{"name":"DESKTOPHUMQD41_OrderService_endpoint_qoeyyybzsrconefmbdq9wo4x8c","type":"RabbitMQ","prefetch_count":16,"consumer_count":3,"message_count":3},{"name":"_bus_","type":"RabbitMQ","prefetch_count":16}]}]} {"SourceContext":"MassTransit"}
][2025-09-23 09:57:19.325 +08:00 INF CreatingOrder Endpoint - User ID: 2db05cb6-5b5b-4266-b9fb-59b8e0d2cd0b. {"SourceContext":"OrderService.Controllers.OrderController","ActionId":"ce2e0a05-4e55-4b36-8d3c-ad41ca6551cd","ActionName":"OrderService.Controllers.OrderController.CreateOrder (OrderService)","RequestId":"0HNFQ8DN8J1IR:00000001","RequestPath":"/api/order","ConnectionId":"0HNFQ8DN8J1IR"}
][2025-09-23 09:57:19.873 +08:00 INF Created order event for order "d9582daa-0615-42a5-a1f1-db775046ffef" is passed to the message bus. {"SourceContext":"OrderService.Services.OrderService","ActionId":"ce2e0a05-4e55-4b36-8d3c-ad41ca6551cd","ActionName":"OrderService.Controllers.OrderController.CreateOrder (OrderService)","RequestId":"0HNFQ8DN8J1IR:00000001","RequestPath":"/api/order","ConnectionId":"0HNFQ8DN8J1IR"}
][2025-09-23 09:57:19.982 +08:00 INF Successfully created order "d9582daa-0615-42a5-a1f1-db775046ffef". {"SourceContext":"OrderService.Services.OrderService","ActionId":"ce2e0a05-4e55-4b36-8d3c-ad41ca6551cd","ActionName":"OrderService.Controllers.OrderController.CreateOrder (OrderService)","RequestId":"0HNFQ8DN8J1IR:00000001","RequestPath":"/api/order","ConnectionId":"0HNFQ8DN8J1IR"}
][2025-09-23 09:57:19.987 +08:00 INF Successfully created order "d9582daa-0615-42a5-a1f1-db775046ffef". {"SourceContext":"OrderService.Controllers.OrderController","ActionId":"ce2e0a05-4e55-4b36-8d3c-ad41ca6551cd","ActionName":"OrderService.Controllers.OrderController.CreateOrder (OrderService)","RequestId":"0HNFQ8DN8J1IR:00000001","RequestPath":"/api/order","ConnectionId":"0HNFQ8DN8J1IR"}
][2025-09-23 09:59:31.636 +08:00 INF ConfirmOrder Endpoint - Order "d9582daa-0615-42a5-a1f1-db775046ffef" by User 2db05cb6-5b5b-4266-b9fb-59b8e0d2cd0b {"SourceContext":"OrderService.Controllers.OrderController","ActionId":"2329cecb-7525-4604-91ef-88505775ec71","ActionName":"OrderService.Controllers.OrderController.ConfirmOrder (OrderService)","RequestId":"0HNFQ8DN8J1IT:00000001","RequestPath":"/api/order/d9582daa-0615-42a5-a1f1-db775046ffef/confirm-order","ConnectionId":"0HNFQ8DN8J1IT"}
][2025-09-23 09:59:31.715 +08:00 INF Order "d9582daa-0615-42a5-a1f1-db775046ffef" total price: $18.99 {"SourceContext":"OrderService.Services.OrderService","ActionId":"2329cecb-7525-4604-91ef-88505775ec71","ActionName":"OrderService.Controllers.OrderController.ConfirmOrder (OrderService)","RequestId":"0HNFQ8DN8J1IT:00000001","RequestPath":"/api/order/d9582daa-0615-42a5-a1f1-db775046ffef/confirm-order","ConnectionId":"0HNFQ8DN8J1IT"}
][2025-09-23 09:59:31.730 +08:00 INF Order confirmed event for order "d9582daa-0615-42a5-a1f1-db775046ffef" is passed to the message bus. {"SourceContext":"OrderService.Services.OrderService","ActionId":"2329cecb-7525-4604-91ef-88505775ec71","ActionName":"OrderService.Controllers.OrderController.ConfirmOrder (OrderService)","RequestId":"0HNFQ8DN8J1IT:00000001","RequestPath":"/api/order/d9582daa-0615-42a5-a1f1-db775046ffef/confirm-order","ConnectionId":"0HNFQ8DN8J1IT"}
][2025-09-23 09:59:31.747 +08:00 INF Successfully confirmed order "d9582daa-0615-42a5-a1f1-db775046ffef". {"SourceContext":"OrderService.Services.OrderService","ActionId":"2329cecb-7525-4604-91ef-88505775ec71","ActionName":"OrderService.Controllers.OrderController.ConfirmOrder (OrderService)","RequestId":"0HNFQ8DN8J1IT:00000001","RequestPath":"/api/order/d9582daa-0615-42a5-a1f1-db775046ffef/confirm-order","ConnectionId":"0HNFQ8DN8J1IT"}
][2025-09-23 09:59:31.752 +08:00 INF Successfully confirmed order "d9582daa-0615-42a5-a1f1-db775046ffef". {"SourceContext":"OrderService.Controllers.OrderController","ActionId":"2329cecb-7525-4604-91ef-88505775ec71","ActionName":"OrderService.Controllers.OrderController.ConfirmOrder (OrderService)","RequestId":"0HNFQ8DN8J1IT:00000001","RequestPath":"/api/order/d9582daa-0615-42a5-a1f1-db775046ffef/confirm-order","ConnectionId":"0HNFQ8DN8J1IT"}
][2025-09-23 10:03:10.828 +08:00 INF CreatingOrder Endpoint - User ID: 2db05cb6-5b5b-4266-b9fb-59b8e0d2cd0b. {"SourceContext":"OrderService.Controllers.OrderController","ActionId":"ce2e0a05-4e55-4b36-8d3c-ad41ca6551cd","ActionName":"OrderService.Controllers.OrderController.CreateOrder (OrderService)","RequestId":"0HNFQ8DN8J1IV:00000001","RequestPath":"/api/order","ConnectionId":"0HNFQ8DN8J1IV"}
][2025-09-23 10:03:10.881 +08:00 INF Created order event for order "e3cd478c-8ab2-4657-8438-af4158b658e8" is passed to the message bus. {"SourceContext":"OrderService.Services.OrderService","ActionId":"ce2e0a05-4e55-4b36-8d3c-ad41ca6551cd","ActionName":"OrderService.Controllers.OrderController.CreateOrder (OrderService)","RequestId":"0HNFQ8DN8J1IV:00000001","RequestPath":"/api/order","ConnectionId":"0HNFQ8DN8J1IV"}
][2025-09-23 10:03:10.891 +08:00 INF Successfully created order "e3cd478c-8ab2-4657-8438-af4158b658e8". {"SourceContext":"OrderService.Services.OrderService","ActionId":"ce2e0a05-4e55-4b36-8d3c-ad41ca6551cd","ActionName":"OrderService.Controllers.OrderController.CreateOrder (OrderService)","RequestId":"0HNFQ8DN8J1IV:00000001","RequestPath":"/api/order","ConnectionId":"0HNFQ8DN8J1IV"}
][2025-09-23 10:03:10.894 +08:00 INF Successfully created order "e3cd478c-8ab2-4657-8438-af4158b658e8". {"SourceContext":"OrderService.Controllers.OrderController","ActionId":"ce2e0a05-4e55-4b36-8d3c-ad41ca6551cd","ActionName":"OrderService.Controllers.OrderController.CreateOrder (OrderService)","RequestId":"0HNFQ8DN8J1IV:00000001","RequestPath":"/api/order","ConnectionId":"0HNFQ8DN8J1IV"}
][2025-09-23 10:03:35.905 +08:00 INF ConfirmOrder Endpoint - Order "e3cd478c-8ab2-4657-8438-af4158b658e8" by User 2db05cb6-5b5b-4266-b9fb-59b8e0d2cd0b {"SourceContext":"OrderService.Controllers.OrderController","ActionId":"2329cecb-7525-4604-91ef-88505775ec71","ActionName":"OrderService.Controllers.OrderController.ConfirmOrder (OrderService)","RequestId":"0HNFQ8DN8J1IV:00000002","RequestPath":"/api/order/e3cd478c-8ab2-4657-8438-af4158b658e8/confirm-order","ConnectionId":"0HNFQ8DN8J1IV"}
][2025-09-23 10:03:35.911 +08:00 INF Order "e3cd478c-8ab2-4657-8438-af4158b658e8" total price: $56.97 {"SourceContext":"OrderService.Services.OrderService","ActionId":"2329cecb-7525-4604-91ef-88505775ec71","ActionName":"OrderService.Controllers.OrderController.ConfirmOrder (OrderService)","RequestId":"0HNFQ8DN8J1IV:00000002","RequestPath":"/api/order/e3cd478c-8ab2-4657-8438-af4158b658e8/confirm-order","ConnectionId":"0HNFQ8DN8J1IV"}
][2025-09-23 10:03:35.917 +08:00 INF Order confirmed event for order "e3cd478c-8ab2-4657-8438-af4158b658e8" is passed to the message bus. {"SourceContext":"OrderService.Services.OrderService","ActionId":"2329cecb-7525-4604-91ef-88505775ec71","ActionName":"OrderService.Controllers.OrderController.ConfirmOrder (OrderService)","RequestId":"0HNFQ8DN8J1IV:00000002","RequestPath":"/api/order/e3cd478c-8ab2-4657-8438-af4158b658e8/confirm-order","ConnectionId":"0HNFQ8DN8J1IV"}
][2025-09-23 10:03:35.925 +08:00 INF Successfully confirmed order "e3cd478c-8ab2-4657-8438-af4158b658e8". {"SourceContext":"OrderService.Services.OrderService","ActionId":"2329cecb-7525-4604-91ef-88505775ec71","ActionName":"OrderService.Controllers.OrderController.ConfirmOrder (OrderService)","RequestId":"0HNFQ8DN8J1IV:00000002","RequestPath":"/api/order/e3cd478c-8ab2-4657-8438-af4158b658e8/confirm-order","ConnectionId":"0HNFQ8DN8J1IV"}
][2025-09-23 10:03:35.929 +08:00 INF Successfully confirmed order "e3cd478c-8ab2-4657-8438-af4158b658e8". {"SourceContext":"OrderService.Controllers.OrderController","ActionId":"2329cecb-7525-4604-91ef-88505775ec71","ActionName":"OrderService.Controllers.OrderController.ConfirmOrder (OrderService)","RequestId":"0HNFQ8DN8J1IV:00000002","RequestPath":"/api/order/e3cd478c-8ab2-4657-8438-af4158b658e8/confirm-order","ConnectionId":"0HNFQ8DN8J1IV"}
][2025-09-23 10:03:37.184 +08:00 INF Processing payment success - PaymentId: "e3ffb0a8-ccfe-4663-aad6-c40334d3c3af", OrderId: "e3cd478c-8ab2-4657-8438-af4158b658e8" {"SourceContext":"OrderService.Consumers.PaymentSucceededConsumer"}
][2025-09-23 10:03:37.205 +08:00 INF Stock reduced - Product "27a55e5e-9e49-4b0f-bee8-60cd6f2784ca" (Maling): Reduced by 3, New stock: 7 {"SourceContext":"OrderService.Consumers.PaymentSucceededConsumer"}
][2025-09-23 10:03:37.210 +08:00 INF Payment processing completed - OrderId: "e3cd478c-8ab2-4657-8438-af4158b658e8", PaymentId: "e3ffb0a8-ccfe-4663-aad6-c40334d3c3af", Status: "Completed", Stock updates: Maling: 3 units (New stock: 7) {"SourceContext":"OrderService.Consumers.PaymentSucceededConsumer"}
][2025-09-23 21:58:12.346 +08:00 INF Starting up OrderService {}
][2025-09-23 21:58:12.718 +08:00 INF Configured endpoint DESKTOPHUMQD41_OrderService_endpoint_9tdyyybzsrcod4bkbdq9ikjhdm, Consumer: OrderService.Consumers.PaymentFailedConsumer {"SourceContext":"MassTransit"}
][2025-09-23 21:58:13.323 +08:00 INF Configured endpoint DESKTOPHUMQD41_OrderService_endpoint_9tdyyybzsrcod4bkbdq9ikjhdm, Consumer: OrderService.Consumers.PaymentSucceededConsumer {"SourceContext":"MassTransit"}
][2025-09-23 21:58:13.492 +08:00 INF Configured endpoint DESKTOPHUMQD41_OrderService_endpoint_9tdyyybzsrcod4bkbdq9ikjhdm, Consumer: OrderService.Consumers.UserDeletedConsumer {"SourceContext":"MassTransit"}
][2025-09-23 21:58:13.759 +08:00 INF Now listening on: http://localhost:5221 {"EventId":{"Id":14,"Name":"ListeningOnAddress"},"SourceContext":"Microsoft.Hosting.Lifetime"}
][2025-09-23 21:58:13.834 +08:00 INF Application started. Press Ctrl+C to shut down. {"SourceContext":"Microsoft.Hosting.Lifetime"}
][2025-09-23 21:58:13.836 +08:00 INF Hosting environment: Development {"SourceContext":"Microsoft.Hosting.Lifetime"}
][2025-09-23 21:58:13.839 +08:00 INF Content root path: C:\Users\jeffr\Documents\Programming\Chomp\OrderService {"SourceContext":"Microsoft.Hosting.Lifetime"}
][2025-09-23 21:58:14.202 +08:00 INF Bus started: "rabbitmq://localhost/" {"SourceContext":"MassTransit"}
][2025-09-23 21:58:36.761 +08:00 WRN Failed to determine the https port for redirect. {"EventId":{"Id":3,"Name":"FailedToDeterminePort"},"SourceContext":"Microsoft.AspNetCore.HttpsPolicy.HttpsRedirectionMiddleware","RequestId":"0HNFQL55BRGKG:00000001","RequestPath":"/","ConnectionId":"0HNFQL55BRGKG"}
][2025-09-23 22:03:14.229 +08:00 INF Usage Telemetry: {"id":"fc460000-37b1-1901-2c43-08ddfaa93c6b","created":"2025-09-23T21:58:12.6552903\u002B08:00","host":{"framework_version":"8.0.17","mass_transit_version":"8.5.2.0","operating_system_version":"Microsoft Windows NT 10.0.26100.0","time_zone_info":"(UTC\u002B08:00) Kuala Lumpur, Singapore","commit_hash":"96adb565f7cc311488d1df104549f924203be760"},"bus":[{"created":"2025-09-23T21:58:12.6570292\u002B08:00","configured":"2025-09-23T21:58:13.6505480\u002B08:00","started":"2025-09-23T21:58:14.2018829\u002B08:00","name":"IBus","endpoints":[{"name":"DESKTOPHUMQD41_OrderService_endpoint_9tdyyybzsrcod4bkbdq9ikjhdm","type":"RabbitMQ","prefetch_count":16,"consumer_count":3,"message_count":3},{"name":"_bus_","type":"RabbitMQ","prefetch_count":16}]}]} {"SourceContext":"MassTransit"}
][2025-09-23 22:03:32.347 +08:00 INF Application is shutting down... {"SourceContext":"Microsoft.Hosting.Lifetime"}
][2025-09-23 22:03:32.423 +08:00 INF Bus stopped: "rabbitmq://localhost/" {"SourceContext":"MassTransit"}
][2025-09-23 22:04:11.580 +08:00 INF Starting up OrderService {}
][2025-09-23 22:04:11.706 +08:00 INF Configured endpoint DESKTOPHUMQD41_OrderService_endpoint_pynoyybzsrconbaabdq9iko1dk, Consumer: OrderService.Consumers.PaymentFailedConsumer {"SourceContext":"MassTransit"}
][2025-09-23 22:04:11.713 +08:00 INF Configured endpoint DESKTOPHUMQD41_OrderService_endpoint_pynoyybzsrconbaabdq9iko1dk, Consumer: OrderService.Consumers.PaymentSucceededConsumer {"SourceContext":"MassTransit"}
][2025-09-23 22:04:11.716 +08:00 INF Configured endpoint DESKTOPHUMQD41_OrderService_endpoint_pynoyybzsrconbaabdq9iko1dk, Consumer: OrderService.Consumers.UserDeletedConsumer {"SourceContext":"MassTransit"}
][2025-09-23 22:04:11.844 +08:00 INF Now listening on: http://localhost:5221 {"EventId":{"Id":14,"Name":"ListeningOnAddress"},"SourceContext":"Microsoft.Hosting.Lifetime"}
][2025-09-23 22:04:11.850 +08:00 INF Application started. Press Ctrl+C to shut down. {"SourceContext":"Microsoft.Hosting.Lifetime"}
][2025-09-23 22:04:11.852 +08:00 INF Hosting environment: Development {"SourceContext":"Microsoft.Hosting.Lifetime"}
][2025-09-23 22:04:11.854 +08:00 INF Content root path: C:\Users\jeffr\Documents\Programming\Chomp\OrderService {"SourceContext":"Microsoft.Hosting.Lifetime"}
][2025-09-23 22:04:12.058 +08:00 INF Bus started: "rabbitmq://localhost/" {"SourceContext":"MassTransit"}
][2025-09-23 22:09:12.112 +08:00 INF Usage Telemetry: {"id":"68050000-37b1-1901-61a7-08ddfaaa1269","created":"2025-09-23T22:04:11.6759651\u002B08:00","host":{"framework_version":"8.0.17","mass_transit_version":"8.5.2.0","operating_system_version":"Microsoft Windows NT 10.0.26100.0","time_zone_info":"(UTC\u002B08:00) Kuala Lumpur, Singapore","commit_hash":"96adb565f7cc311488d1df104549f924203be760"},"bus":[{"created":"2025-09-23T22:04:11.6775625\u002B08:00","configured":"2025-09-23T22:04:11.7844873\u002B08:00","started":"2025-09-23T22:04:12.0572293\u002B08:00","name":"IBus","endpoints":[{"name":"DESKTOPHUMQD41_OrderService_endpoint_pynoyybzsrconbaabdq9iko1dk","type":"RabbitMQ","prefetch_count":16,"consumer_count":3,"message_count":3},{"name":"_bus_","type":"RabbitMQ","prefetch_count":16}]}]} {"SourceContext":"MassTransit"}
][2025-09-23 22:14:22.978 +08:00 INF Processing user deletion for user "37c9cbbb-f098-45d2-bcc0-a5473cc22928" {"SourceContext":"OrderService.Consumers.UserDeletedConsumer"}
][2025-09-23 22:14:23.797 +08:00 INF Cancelled 0 orders for deleted user "37c9cbbb-f098-45d2-bcc0-a5473cc22928" {"SourceContext":"OrderService.Consumers.UserDeletedConsumer"}
][2025-09-23 22:15:58.089 +08:00 WRN Failed to determine the https port for redirect. {"EventId":{"Id":3,"Name":"FailedToDeterminePort"},"SourceContext":"Microsoft.AspNetCore.HttpsPolicy.HttpsRedirectionMiddleware","RequestId":"0HNFQLERMV91P:00000001","RequestPath":"/api/Product","ConnectionId":"0HNFQLERMV91P"}
][2025-09-23 22:15:58.127 +08:00 INF GetAll Endpoint - Anonymous Request N/A {"SourceContext":"OrderService.Controllers.ProductController","ActionId":"46151509-8709-4811-a178-0de7c7bef651","ActionName":"OrderService.Controllers.ProductController.GetAll (OrderService)","RequestId":"0HNFQLERMV91P:00000001","RequestPath":"/api/Product","ConnectionId":"0HNFQLERMV91P"}
][2025-09-23 22:15:58.151 +08:00 WRN The query uses a row limiting operator ('Skip'/'Take') without an 'OrderBy' operator. This may lead to unpredictable results. If the 'Distinct' operator is used after 'OrderBy', then make sure to use the 'OrderBy' operator after 'Distinct' as the ordering would otherwise get erased. {"EventId":{"Id":10102,"Name":"Microsoft.EntityFrameworkCore.Query.RowLimitingOperationWithoutOrderByWarning"},"SourceContext":"Microsoft.EntityFrameworkCore.Query","ActionId":"46151509-8709-4811-a178-0de7c7bef651","ActionName":"OrderService.Controllers.ProductController.GetAll (OrderService)","RequestId":"0HNFQLERMV91P:00000001","RequestPath":"/api/Product","ConnectionId":"0HNFQLERMV91P"}
][2025-09-23 22:15:58.157 +08:00 WRN The query uses a row limiting operator ('Skip'/'Take') without an 'OrderBy' operator. This may lead to unpredictable results. If the 'Distinct' operator is used after 'OrderBy', then make sure to use the 'OrderBy' operator after 'Distinct' as the ordering would otherwise get erased. {"EventId":{"Id":10102,"Name":"Microsoft.EntityFrameworkCore.Query.RowLimitingOperationWithoutOrderByWarning"},"SourceContext":"Microsoft.EntityFrameworkCore.Query","ActionId":"46151509-8709-4811-a178-0de7c7bef651","ActionName":"OrderService.Controllers.ProductController.GetAll (OrderService)","RequestId":"0HNFQLERMV91P:00000001","RequestPath":"/api/Product","ConnectionId":"0HNFQLERMV91P"}
][2025-09-23 22:16:34.802 +08:00 INF CreatingOrder Endpoint - User ID: e056ca84-ecf8-4dbe-9af5-f91efe653ca5. {"SourceContext":"OrderService.Controllers.OrderController","ActionId":"11408248-ec3f-4dda-8b85-4ad9fa705d1e","ActionName":"OrderService.Controllers.OrderController.CreateOrder (OrderService)","RequestId":"0HNFQLERMV91R:00000001","RequestPath":"/api/Order/","ConnectionId":"0HNFQLERMV91R"}
][2025-09-23 22:16:35.229 +08:00 INF Created order event for order "9aff330b-fb76-4a41-b0d6-68a8243ca668" is passed to the message bus. {"SourceContext":"OrderService.Services.OrderService","ActionId":"11408248-ec3f-4dda-8b85-4ad9fa705d1e","ActionName":"OrderService.Controllers.OrderController.CreateOrder (OrderService)","RequestId":"0HNFQLERMV91R:00000001","RequestPath":"/api/Order/","ConnectionId":"0HNFQLERMV91R"}
][2025-09-23 22:16:35.304 +08:00 INF Successfully created order "9aff330b-fb76-4a41-b0d6-68a8243ca668". {"SourceContext":"OrderService.Services.OrderService","ActionId":"11408248-ec3f-4dda-8b85-4ad9fa705d1e","ActionName":"OrderService.Controllers.OrderController.CreateOrder (OrderService)","RequestId":"0HNFQLERMV91R:00000001","RequestPath":"/api/Order/","ConnectionId":"0HNFQLERMV91R"}
][2025-09-23 22:16:35.309 +08:00 INF Successfully created order "9aff330b-fb76-4a41-b0d6-68a8243ca668". {"SourceContext":"OrderService.Controllers.OrderController","ActionId":"11408248-ec3f-4dda-8b85-4ad9fa705d1e","ActionName":"OrderService.Controllers.OrderController.CreateOrder (OrderService)","RequestId":"0HNFQLERMV91R:00000001","RequestPath":"/api/Order/","ConnectionId":"0HNFQLERMV91R"}
][2025-09-23 22:20:22.858 +08:00 INF CreatingOrder Endpoint - User ID: e056ca84-ecf8-4dbe-9af5-f91efe653ca5. {"SourceContext":"OrderService.Controllers.OrderController","ActionId":"11408248-ec3f-4dda-8b85-4ad9fa705d1e","ActionName":"OrderService.Controllers.OrderController.CreateOrder (OrderService)","RequestId":"0HNFQLERMV91T:00000001","RequestPath":"/api/Order/","ConnectionId":"0HNFQLERMV91T"}
][2025-09-23 22:20:22.942 +08:00 INF Created order event for order "84f90af7-3086-4394-a9b3-7bdfbb407da3" is passed to the message bus. {"SourceContext":"OrderService.Services.OrderService","ActionId":"11408248-ec3f-4dda-8b85-4ad9fa705d1e","ActionName":"OrderService.Controllers.OrderController.CreateOrder (OrderService)","RequestId":"0HNFQLERMV91T:00000001","RequestPath":"/api/Order/","ConnectionId":"0HNFQLERMV91T"}
][2025-09-23 22:20:22.993 +08:00 INF Successfully created order "84f90af7-3086-4394-a9b3-7bdfbb407da3". {"SourceContext":"OrderService.Services.OrderService","ActionId":"11408248-ec3f-4dda-8b85-4ad9fa705d1e","ActionName":"OrderService.Controllers.OrderController.CreateOrder (OrderService)","RequestId":"0HNFQLERMV91T:00000001","RequestPath":"/api/Order/","ConnectionId":"0HNFQLERMV91T"}
][2025-09-23 22:20:22.998 +08:00 INF Successfully created order "84f90af7-3086-4394-a9b3-7bdfbb407da3". {"SourceContext":"OrderService.Controllers.OrderController","ActionId":"11408248-ec3f-4dda-8b85-4ad9fa705d1e","ActionName":"OrderService.Controllers.OrderController.CreateOrder (OrderService)","RequestId":"0HNFQLERMV91T:00000001","RequestPath":"/api/Order/","ConnectionId":"0HNFQLERMV91T"}
][2025-09-23 22:31:04.749 +08:00 INF EditOrder Endpoint - Order "84f90af7-3086-4394-a9b3-7bdfbb407da3" by User e056ca84-ecf8-4dbe-9af5-f91efe653ca5 {"SourceContext":"OrderService.Controllers.OrderController","ActionId":"413a2fa8-028a-4045-beec-ae1e3645bab9","ActionName":"OrderService.Controllers.OrderController.EditOrder (OrderService)","RequestId":"0HNFQLERMV91V:00000001","RequestPath":"/api/Order/84f90af7-3086-4394-a9b3-7bdfbb407da3","ConnectionId":"0HNFQLERMV91V"}
][2025-09-23 22:31:04.829 +08:00 INF Performing smart merge for order "84f90af7-3086-4394-a9b3-7bdfbb407da3". {"SourceContext":"OrderService.Services.OrderService","ActionId":"413a2fa8-028a-4045-beec-ae1e3645bab9","ActionName":"OrderService.Controllers.OrderController.EditOrder (OrderService)","RequestId":"0HNFQLERMV91V:00000001","RequestPath":"/api/Order/84f90af7-3086-4394-a9b3-7bdfbb407da3","ConnectionId":"0HNFQLERMV91V"}
][2025-09-23 22:31:04.856 +08:00 INF Updated order event for order "84f90af7-3086-4394-a9b3-7bdfbb407da3" is passed to the message bus. {"SourceContext":"OrderService.Services.OrderService","ActionId":"413a2fa8-028a-4045-beec-ae1e3645bab9","ActionName":"OrderService.Controllers.OrderController.EditOrder (OrderService)","RequestId":"0HNFQLERMV91V:00000001","RequestPath":"/api/Order/84f90af7-3086-4394-a9b3-7bdfbb407da3","ConnectionId":"0HNFQLERMV91V"}
][2025-09-23 22:31:04.875 +08:00 INF Successfully updated order "84f90af7-3086-4394-a9b3-7bdfbb407da3". {"SourceContext":"OrderService.Services.OrderService","ActionId":"413a2fa8-028a-4045-beec-ae1e3645bab9","ActionName":"OrderService.Controllers.OrderController.EditOrder (OrderService)","RequestId":"0HNFQLERMV91V:00000001","RequestPath":"/api/Order/84f90af7-3086-4394-a9b3-7bdfbb407da3","ConnectionId":"0HNFQLERMV91V"}
][2025-09-23 22:33:14.475 +08:00 INF EditOrder Endpoint - Order "84f90af7-3086-4394-a9b3-7bdfbb407da3" by User e056ca84-ecf8-4dbe-9af5-f91efe653ca5 {"SourceContext":"OrderService.Controllers.OrderController","ActionId":"413a2fa8-028a-4045-beec-ae1e3645bab9","ActionName":"OrderService.Controllers.OrderController.EditOrder (OrderService)","RequestId":"0HNFQLERMV921:00000001","RequestPath":"/api/Order/84f90af7-3086-4394-a9b3-7bdfbb407da3","ConnectionId":"0HNFQLERMV921"}
][2025-09-23 22:33:14.482 +08:00 INF Performing smart merge for order "84f90af7-3086-4394-a9b3-7bdfbb407da3". {"SourceContext":"OrderService.Services.OrderService","ActionId":"413a2fa8-028a-4045-beec-ae1e3645bab9","ActionName":"OrderService.Controllers.OrderController.EditOrder (OrderService)","RequestId":"0HNFQLERMV921:00000001","RequestPath":"/api/Order/84f90af7-3086-4394-a9b3-7bdfbb407da3","ConnectionId":"0HNFQLERMV921"}
][2025-09-23 22:33:14.489 +08:00 INF Updated order event for order "84f90af7-3086-4394-a9b3-7bdfbb407da3" is passed to the message bus. {"SourceContext":"OrderService.Services.OrderService","ActionId":"413a2fa8-028a-4045-beec-ae1e3645bab9","ActionName":"OrderService.Controllers.OrderController.EditOrder (OrderService)","RequestId":"0HNFQLERMV921:00000001","RequestPath":"/api/Order/84f90af7-3086-4394-a9b3-7bdfbb407da3","ConnectionId":"0HNFQLERMV921"}
][2025-09-23 22:33:14.500 +08:00 INF Successfully updated order "84f90af7-3086-4394-a9b3-7bdfbb407da3". {"SourceContext":"OrderService.Services.OrderService","ActionId":"413a2fa8-028a-4045-beec-ae1e3645bab9","ActionName":"OrderService.Controllers.OrderController.EditOrder (OrderService)","RequestId":"0HNFQLERMV921:00000001","RequestPath":"/api/Order/84f90af7-3086-4394-a9b3-7bdfbb407da3","ConnectionId":"0HNFQLERMV921"}
][2025-09-23 22:40:20.159 +08:00 INF Application is shutting down... {"SourceContext":"Microsoft.Hosting.Lifetime"}
][2025-09-23 22:40:20.223 +08:00 INF Bus stopped: "rabbitmq://localhost/" {"SourceContext":"MassTransit"}
][2025-09-23 22:40:26.627 +08:00 INF Starting up OrderService {}
][2025-09-23 22:40:26.777 +08:00 INF Configured endpoint DESKTOPHUMQD41_OrderService_endpoint_dbyoyybzsrcodp1mbdq9im3ng4, Consumer: OrderService.Consumers.PaymentFailedConsumer {"SourceContext":"MassTransit"}
][2025-09-23 22:40:26.785 +08:00 INF Configured endpoint DESKTOPHUMQD41_OrderService_endpoint_dbyoyybzsrcodp1mbdq9im3ng4, Consumer: OrderService.Consumers.PaymentSucceededConsumer {"SourceContext":"MassTransit"}
][2025-09-23 22:40:26.788 +08:00 INF Configured endpoint DESKTOPHUMQD41_OrderService_endpoint_dbyoyybzsrcodp1mbdq9im3ng4, Consumer: OrderService.Consumers.UserDeletedConsumer {"SourceContext":"MassTransit"}
][2025-09-23 22:40:26.925 +08:00 INF Now listening on: http://localhost:5221 {"EventId":{"Id":14,"Name":"ListeningOnAddress"},"SourceContext":"Microsoft.Hosting.Lifetime"}
][2025-09-23 22:40:26.928 +08:00 INF Application started. Press Ctrl+C to shut down. {"SourceContext":"Microsoft.Hosting.Lifetime"}
][2025-09-23 22:40:26.929 +08:00 INF Hosting environment: Development {"SourceContext":"Microsoft.Hosting.Lifetime"}
][2025-09-23 22:40:26.931 +08:00 INF Content root path: C:\Users\jeffr\Documents\Programming\Chomp\OrderService {"SourceContext":"Microsoft.Hosting.Lifetime"}
][2025-09-23 22:40:27.080 +08:00 INF Bus started: "rabbitmq://localhost/" {"SourceContext":"MassTransit"}
][2025-09-23 22:40:29.217 +08:00 WRN Failed to determine the https port for redirect. {"EventId":{"Id":3,"Name":"FailedToDeterminePort"},"SourceContext":"Microsoft.AspNetCore.HttpsPolicy.HttpsRedirectionMiddleware","RequestId":"0HNFQLSI45GSH:00000001","RequestPath":"/api/Order/84f90af7-3086-4394-a9b3-7bdfbb407da3/confirm-order","ConnectionId":"0HNFQLSI45GSH"}
][2025-09-23 22:40:36.558 +08:00 INF Application is shutting down... {"SourceContext":"Microsoft.Hosting.Lifetime"}
][2025-09-23 22:40:36.622 +08:00 INF Bus stopped: "rabbitmq://localhost/" {"SourceContext":"MassTransit"}
][2025-09-23 22:40:39.716 +08:00 INF Starting up OrderService {}
][2025-09-23 22:40:39.850 +08:00 INF Configured endpoint DESKTOPHUMQD41_OrderService_endpoint_byoyyybzsrconbj4bdq9im3kfg, Consumer: OrderService.Consumers.PaymentFailedConsumer {"SourceContext":"MassTransit"}
][2025-09-23 22:40:39.858 +08:00 INF Configured endpoint DESKTOPHUMQD41_OrderService_endpoint_byoyyybzsrconbj4bdq9im3kfg, Consumer: OrderService.Consumers.PaymentSucceededConsumer {"SourceContext":"MassTransit"}
][2025-09-23 22:40:39.862 +08:00 INF Configured endpoint DESKTOPHUMQD41_OrderService_endpoint_byoyyybzsrconbj4bdq9im3kfg, Consumer: OrderService.Consumers.UserDeletedConsumer {"SourceContext":"MassTransit"}
][2025-09-23 22:40:40.003 +08:00 INF Now listening on: http://localhost:5221 {"EventId":{"Id":14,"Name":"ListeningOnAddress"},"SourceContext":"Microsoft.Hosting.Lifetime"}
][2025-09-23 22:40:40.006 +08:00 INF Application started. Press Ctrl+C to shut down. {"SourceContext":"Microsoft.Hosting.Lifetime"}
][2025-09-23 22:40:40.008 +08:00 INF Hosting environment: Development {"SourceContext":"Microsoft.Hosting.Lifetime"}
][2025-09-23 22:40:40.009 +08:00 INF Content root path: C:\Users\jeffr\Documents\Programming\Chomp\OrderService {"SourceContext":"Microsoft.Hosting.Lifetime"}
][2025-09-23 22:40:40.142 +08:00 INF Bus started: "rabbitmq://localhost/" {"SourceContext":"MassTransit"}
][2025-09-23 22:40:41.979 +08:00 WRN Failed to determine the https port for redirect. {"EventId":{"Id":3,"Name":"FailedToDeterminePort"},"SourceContext":"Microsoft.AspNetCore.HttpsPolicy.HttpsRedirectionMiddleware","RequestId":"0HNFQLSLTQAEA:00000001","RequestPath":"/api/Order/84f90af7-3086-4394-a9b3-7bdfbb407da3/confirm-order","ConnectionId":"0HNFQLSLTQAEA"}
][2025-09-23 22:42:25.861 +08:00 INF Application is shutting down... {"SourceContext":"Microsoft.Hosting.Lifetime"}
][2025-09-23 22:42:25.920 +08:00 INF Bus stopped: "rabbitmq://localhost/" {"SourceContext":"MassTransit"}
][2025-09-23 22:42:30.059 +08:00 INF Starting up OrderService {}
][2025-09-23 22:42:30.200 +08:00 INF Configured endpoint DESKTOPHUMQD41_OrderService_endpoint_ztgyyybzsrcodim3bdq9im5cdm, Consumer: OrderService.Consumers.PaymentFailedConsumer {"SourceContext":"MassTransit"}
][2025-09-23 22:42:30.208 +08:00 INF Configured endpoint DESKTOPHUMQD41_OrderService_endpoint_ztgyyybzsrcodim3bdq9im5cdm, Consumer: OrderService.Consumers.PaymentSucceededConsumer {"SourceContext":"MassTransit"}
][2025-09-23 22:42:30.212 +08:00 INF Configured endpoint DESKTOPHUMQD41_OrderService_endpoint_ztgyyybzsrcodim3bdq9im5cdm, Consumer: OrderService.Consumers.UserDeletedConsumer {"SourceContext":"MassTransit"}
][2025-09-23 22:42:30.346 +08:00 INF Now listening on: http://localhost:5221 {"EventId":{"Id":14,"Name":"ListeningOnAddress"},"SourceContext":"Microsoft.Hosting.Lifetime"}
][2025-09-23 22:42:30.350 +08:00 INF Application started. Press Ctrl+C to shut down. {"SourceContext":"Microsoft.Hosting.Lifetime"}
][2025-09-23 22:42:30.351 +08:00 INF Hosting environment: Development {"SourceContext":"Microsoft.Hosting.Lifetime"}
][2025-09-23 22:42:30.352 +08:00 INF Content root path: C:\Users\jeffr\Documents\Programming\Chomp\OrderService {"SourceContext":"Microsoft.Hosting.Lifetime"}
][2025-09-23 22:42:30.491 +08:00 INF Bus started: "rabbitmq://localhost/" {"SourceContext":"MassTransit"}
][2025-09-23 22:42:35.096 +08:00 WRN Failed to determine the https port for redirect. {"EventId":{"Id":3,"Name":"FailedToDeterminePort"},"SourceContext":"Microsoft.AspNetCore.HttpsPolicy.HttpsRedirectionMiddleware","RequestId":"0HNFQLTNKMTT6:00000001","RequestPath":"/api/Order/84f90af7-3086-4394-a9b3-7bdfbb407da3/confirm-order","ConnectionId":"0HNFQLTNKMTT6"}
][2025-09-23 22:44:56.556 +08:00 INF Application is shutting down... {"SourceContext":"Microsoft.Hosting.Lifetime"}
][2025-09-23 22:44:56.613 +08:00 INF Bus stopped: "rabbitmq://localhost/" {"SourceContext":"MassTransit"}
][2025-09-23 22:45:01.804 +08:00 INF Starting up OrderService {}
][2025-09-23 22:45:01.967 +08:00 INF Configured endpoint DESKTOPHUMQD41_OrderService_endpoint_8b8yyybzsrconmowbdq9im6g8y, Consumer: OrderService.Consumers.PaymentFailedConsumer {"SourceContext":"MassTransit"}
][2025-09-23 22:45:01.975 +08:00 INF Configured endpoint DESKTOPHUMQD41_OrderService_endpoint_8b8yyybzsrconmowbdq9im6g8y, Consumer: OrderService.Consumers.PaymentSucceededConsumer {"SourceContext":"MassTransit"}
][2025-09-23 22:45:01.982 +08:00 INF Configured endpoint DESKTOPHUMQD41_OrderService_endpoint_8b8yyybzsrconmowbdq9im6g8y, Consumer: OrderService.Consumers.UserDeletedConsumer {"SourceContext":"MassTransit"}
][2025-09-23 22:45:02.139 +08:00 INF Now listening on: http://localhost:5221 {"EventId":{"Id":14,"Name":"ListeningOnAddress"},"SourceContext":"Microsoft.Hosting.Lifetime"}
][2025-09-23 22:45:02.143 +08:00 INF Application started. Press Ctrl+C to shut down. {"SourceContext":"Microsoft.Hosting.Lifetime"}
][2025-09-23 22:45:02.145 +08:00 INF Hosting environment: Development {"SourceContext":"Microsoft.Hosting.Lifetime"}
][2025-09-23 22:45:02.146 +08:00 INF Content root path: C:\Users\jeffr\Documents\Programming\Chomp\OrderService {"SourceContext":"Microsoft.Hosting.Lifetime"}
][2025-09-23 22:45:02.326 +08:00 INF Bus started: "rabbitmq://localhost/" {"SourceContext":"MassTransit"}
][2025-09-23 22:45:06.468 +08:00 WRN Failed to determine the https port for redirect. {"EventId":{"Id":3,"Name":"FailedToDeterminePort"},"SourceContext":"Microsoft.AspNetCore.HttpsPolicy.HttpsRedirectionMiddleware","RequestId":"0HNFQLV4O3858:00000001","RequestPath":"/api/Order/84f90af7-3086-4394-a9b3-7bdfbb407da3/confirm-order","ConnectionId":"0HNFQLV4O3858"}
][2025-09-23 22:45:06.601 +08:00 ERR Unhandled exception occurred while processing /api/Order/84f90af7-3086-4394-a9b3-7bdfbb407da3/confirm-order {"RequestId":"0HNFQLV4O3858:00000001","RequestPath":"/api/Order/84f90af7-3086-4394-a9b3-7bdfbb407da3/confirm-order","ConnectionId":"0HNFQLV4O3858"}
System.FormatException: Input string was not in a correct format. Failure to parse near offset 1. Expected an ASCII digit.
   at System.Text.ValueStringBuilder.AppendFormatHelper(IFormatProvider provider, String format, ReadOnlySpan`1 args)
   at System.IO.StreamWriter.WriteFormatHelper(String format, ReadOnlySpan`1 args, Boolean appendNewLine)
   at System.IO.StreamWriter.WriteLine(String format, Object arg0)
   at System.IO.TextWriter.SyncTextWriter.WriteLine(String format, Object arg0)
   at System.Console.WriteLine(String format, Object arg0)
   at OrderService.Services.Helper.GetCurrentUserInfo.GetUserInfo(ClaimsPrincipal user) in C:\Users\jeffr\Documents\Programming\Chomp\OrderService\Services\Helper\GetCurrentUserInfo.cs:line 11
   at OrderService.Controllers.OrderController.ConfirmOrder(Guid id) in C:\Users\jeffr\Documents\Programming\Chomp\OrderService\Controllers\OrderController.cs:line 124
   at Microsoft.AspNetCore.Mvc.Infrastructure.ActionMethodExecutor.TaskOfIActionResultExecutor.Execute(ActionContext actionContext, IActionResultTypeMapper mapper, ObjectMethodExecutor executor, Object controller, Object[] arguments)
   at Microsoft.AspNetCore.Mvc.Infrastructure.ControllerActionInvoker.<InvokeActionMethodAsync>g__Awaited|12_0(ControllerActionInvoker invoker, ValueTask`1 actionResultValueTask)
   at Microsoft.AspNetCore.Mvc.Infrastructure.ControllerActionInvoker.<InvokeNextActionFilterAsync>g__Awaited|10_0(ControllerActionInvoker invoker, Task lastTask, State next, Scope scope, Object state, Boolean isCompleted)
   at Microsoft.AspNetCore.Mvc.Infrastructure.ControllerActionInvoker.Rethrow(ActionExecutedContextSealed context)
   at Microsoft.AspNetCore.Mvc.Infrastructure.ControllerActionInvoker.Next(State& next, Scope& scope, Object& state, Boolean& isCompleted)
   at Microsoft.AspNetCore.Mvc.Infrastructure.ControllerActionInvoker.InvokeInnerFilterAsync()
--- End of stack trace from previous location ---
   at Microsoft.AspNetCore.Mvc.Infrastructure.ResourceInvoker.<InvokeFilterPipelineAsync>g__Awaited|20_0(ResourceInvoker invoker, Task lastTask, State next, Scope scope, Object state, Boolean isCompleted)
   at Microsoft.AspNetCore.Mvc.Infrastructure.ResourceInvoker.<InvokeAsync>g__Awaited|17_0(ResourceInvoker invoker, Task task, IDisposable scope)
   at Microsoft.AspNetCore.Mvc.Infrastructure.ResourceInvoker.<InvokeAsync>g__Awaited|17_0(ResourceInvoker invoker, Task task, IDisposable scope)
   at Swashbuckle.AspNetCore.SwaggerUI.SwaggerUIMiddleware.Invoke(HttpContext httpContext)
   at Swashbuckle.AspNetCore.Swagger.SwaggerMiddleware.Invoke(HttpContext httpContext, ISwaggerProvider swaggerProvider)
   at Microsoft.AspNetCore.Authorization.AuthorizationMiddleware.Invoke(HttpContext context)
   at Microsoft.AspNetCore.Authentication.AuthenticationMiddleware.Invoke(HttpContext context)
   at OrderService.Middleware.ExceptionHandlingMiddleware.InvokeAsync(HttpContext context) in C:\Users\jeffr\Documents\Programming\Chomp\OrderService\Middleware\ExceptionHandlingMiddleware.cs:line 21
][2025-09-23 22:47:09.645 +08:00 INF Application is shutting down... {"SourceContext":"Microsoft.Hosting.Lifetime"}
][2025-09-23 22:47:09.706 +08:00 INF Bus stopped: "rabbitmq://localhost/" {"SourceContext":"MassTransit"}
][2025-09-23 22:47:13.609 +08:00 INF Starting up OrderService {}
][2025-09-23 22:47:13.743 +08:00 INF Configured endpoint DESKTOPHUMQD41_OrderService_endpoint_1tyyyybzsrcon6ebbdq9icyidp, Consumer: OrderService.Consumers.PaymentFailedConsumer {"SourceContext":"MassTransit"}
][2025-09-23 22:47:13.751 +08:00 INF Configured endpoint DESKTOPHUMQD41_OrderService_endpoint_1tyyyybzsrcon6ebbdq9icyidp, Consumer: OrderService.Consumers.PaymentSucceededConsumer {"SourceContext":"MassTransit"}
][2025-09-23 22:47:13.755 +08:00 INF Configured endpoint DESKTOPHUMQD41_OrderService_endpoint_1tyyyybzsrcon6ebbdq9icyidp, Consumer: OrderService.Consumers.UserDeletedConsumer {"SourceContext":"MassTransit"}
][2025-09-23 22:47:13.891 +08:00 INF Now listening on: http://localhost:5221 {"EventId":{"Id":14,"Name":"ListeningOnAddress"},"SourceContext":"Microsoft.Hosting.Lifetime"}
][2025-09-23 22:47:13.894 +08:00 INF Application started. Press Ctrl+C to shut down. {"SourceContext":"Microsoft.Hosting.Lifetime"}
][2025-09-23 22:47:13.896 +08:00 INF Hosting environment: Development {"SourceContext":"Microsoft.Hosting.Lifetime"}
][2025-09-23 22:47:13.898 +08:00 INF Content root path: C:\Users\jeffr\Documents\Programming\Chomp\OrderService {"SourceContext":"Microsoft.Hosting.Lifetime"}
][2025-09-23 22:47:14.030 +08:00 INF Bus started: "rabbitmq://localhost/" {"SourceContext":"MassTransit"}
][2025-09-23 22:47:16.379 +08:00 WRN Failed to determine the https port for redirect. {"EventId":{"Id":3,"Name":"FailedToDeterminePort"},"SourceContext":"Microsoft.AspNetCore.HttpsPolicy.HttpsRedirectionMiddleware","RequestId":"0HNFQM0BEJ1F0:00000001","RequestPath":"/api/Order/84f90af7-3086-4394-a9b3-7bdfbb407da3/confirm-order","ConnectionId":"0HNFQM0BEJ1F0"}
][2025-09-23 22:49:49.523 +08:00 INF Application is shutting down... {"SourceContext":"Microsoft.Hosting.Lifetime"}
][2025-09-23 22:49:49.578 +08:00 INF Bus stopped: "rabbitmq://localhost/" {"SourceContext":"MassTransit"}
][2025-09-23 22:49:53.303 +08:00 INF Starting up OrderService {}
][2025-09-23 22:49:53.466 +08:00 INF Configured endpoint DESKTOPHUMQD41_OrderService_endpoint_ztyoyybzsrcodd9sbdq9icdwfy, Consumer: OrderService.Consumers.PaymentFailedConsumer {"SourceContext":"MassTransit"}
][2025-09-23 22:49:53.474 +08:00 INF Configured endpoint DESKTOPHUMQD41_OrderService_endpoint_ztyoyybzsrcodd9sbdq9icdwfy, Consumer: OrderService.Consumers.PaymentSucceededConsumer {"SourceContext":"MassTransit"}
][2025-09-23 22:49:53.478 +08:00 INF Configured endpoint DESKTOPHUMQD41_OrderService_endpoint_ztyoyybzsrcodd9sbdq9icdwfy, Consumer: OrderService.Consumers.UserDeletedConsumer {"SourceContext":"MassTransit"}
][2025-09-23 22:49:53.621 +08:00 INF Now listening on: http://localhost:5221 {"EventId":{"Id":14,"Name":"ListeningOnAddress"},"SourceContext":"Microsoft.Hosting.Lifetime"}
][2025-09-23 22:49:53.627 +08:00 INF Application started. Press Ctrl+C to shut down. {"SourceContext":"Microsoft.Hosting.Lifetime"}
][2025-09-23 22:49:53.629 +08:00 INF Hosting environment: Development {"SourceContext":"Microsoft.Hosting.Lifetime"}
][2025-09-23 22:49:53.630 +08:00 INF Content root path: C:\Users\jeffr\Documents\Programming\Chomp\OrderService {"SourceContext":"Microsoft.Hosting.Lifetime"}
][2025-09-23 22:49:53.756 +08:00 INF Bus started: "rabbitmq://localhost/" {"SourceContext":"MassTransit"}
][2025-09-23 22:49:56.082 +08:00 WRN Failed to determine the https port for redirect. {"EventId":{"Id":3,"Name":"FailedToDeterminePort"},"SourceContext":"Microsoft.AspNetCore.HttpsPolicy.HttpsRedirectionMiddleware","RequestId":"0HNFQM1R25Q69:00000001","RequestPath":"/api/Order/84f90af7-3086-4394-a9b3-7bdfbb407da3/confirm-order","ConnectionId":"0HNFQM1R25Q69"}
][2025-09-23 22:50:13.002 +08:00 INF Application is shutting down... {"SourceContext":"Microsoft.Hosting.Lifetime"}
][2025-09-23 22:50:13.062 +08:00 INF Bus stopped: "rabbitmq://localhost/" {"SourceContext":"MassTransit"}
][2025-09-23 22:50:16.855 +08:00 INF Starting up OrderService {}
][2025-09-23 22:50:17.017 +08:00 INF Configured endpoint DESKTOPHUMQD41_OrderService_endpoint_5omoyybzsrcodphybdq9icrnfe, Consumer: OrderService.Consumers.PaymentFailedConsumer {"SourceContext":"MassTransit"}
][2025-09-23 22:50:17.026 +08:00 INF Configured endpoint DESKTOPHUMQD41_OrderService_endpoint_5omoyybzsrcodphybdq9icrnfe, Consumer: OrderService.Consumers.PaymentSucceededConsumer {"SourceContext":"MassTransit"}
][2025-09-23 22:50:17.030 +08:00 INF Configured endpoint DESKTOPHUMQD41_OrderService_endpoint_5omoyybzsrcodphybdq9icrnfe, Consumer: OrderService.Consumers.UserDeletedConsumer {"SourceContext":"MassTransit"}
][2025-09-23 22:50:17.170 +08:00 INF Now listening on: http://localhost:5221 {"EventId":{"Id":14,"Name":"ListeningOnAddress"},"SourceContext":"Microsoft.Hosting.Lifetime"}
][2025-09-23 22:50:17.176 +08:00 INF Application started. Press Ctrl+C to shut down. {"SourceContext":"Microsoft.Hosting.Lifetime"}
][2025-09-23 22:50:17.178 +08:00 INF Hosting environment: Development {"SourceContext":"Microsoft.Hosting.Lifetime"}
][2025-09-23 22:50:17.180 +08:00 INF Content root path: C:\Users\jeffr\Documents\Programming\Chomp\OrderService {"SourceContext":"Microsoft.Hosting.Lifetime"}
][2025-09-23 22:50:17.318 +08:00 INF Bus started: "rabbitmq://localhost/" {"SourceContext":"MassTransit"}
][2025-09-23 22:50:19.161 +08:00 WRN Failed to determine the https port for redirect. {"EventId":{"Id":3,"Name":"FailedToDeterminePort"},"SourceContext":"Microsoft.AspNetCore.HttpsPolicy.HttpsRedirectionMiddleware","RequestId":"0HNFQM21U5JVV:00000001","RequestPath":"/api/Order/84f90af7-3086-4394-a9b3-7bdfbb407da3/confirm-order","ConnectionId":"0HNFQM21U5JVV"}
][2025-09-23 22:51:44.668 +08:00 INF Application is shutting down... {"SourceContext":"Microsoft.Hosting.Lifetime"}
][2025-09-23 22:51:44.770 +08:00 INF Bus stopped: "rabbitmq://localhost/" {"SourceContext":"MassTransit"}
][2025-09-23 22:51:48.457 +08:00 INF Starting up OrderService {}
][2025-09-23 22:51:48.603 +08:00 INF Configured endpoint DESKTOPHUMQD41_OrderService_endpoint_7byoyybzsrcodbj3bdq9icf3nb, Consumer: OrderService.Consumers.PaymentFailedConsumer {"SourceContext":"MassTransit"}
][2025-09-23 22:51:48.612 +08:00 INF Configured endpoint DESKTOPHUMQD41_OrderService_endpoint_7byoyybzsrcodbj3bdq9icf3nb, Consumer: OrderService.Consumers.PaymentSucceededConsumer {"SourceContext":"MassTransit"}
][2025-09-23 22:51:48.616 +08:00 INF Configured endpoint DESKTOPHUMQD41_OrderService_endpoint_7byoyybzsrcodbj3bdq9icf3nb, Consumer: OrderService.Consumers.UserDeletedConsumer {"SourceContext":"MassTransit"}
][2025-09-23 22:51:48.766 +08:00 INF Now listening on: http://localhost:5221 {"EventId":{"Id":14,"Name":"ListeningOnAddress"},"SourceContext":"Microsoft.Hosting.Lifetime"}
][2025-09-23 22:51:48.769 +08:00 INF Application started. Press Ctrl+C to shut down. {"SourceContext":"Microsoft.Hosting.Lifetime"}
][2025-09-23 22:51:48.771 +08:00 INF Hosting environment: Development {"SourceContext":"Microsoft.Hosting.Lifetime"}
][2025-09-23 22:51:48.773 +08:00 INF Content root path: C:\Users\jeffr\Documents\Programming\Chomp\OrderService {"SourceContext":"Microsoft.Hosting.Lifetime"}
][2025-09-23 22:51:48.906 +08:00 INF Bus started: "rabbitmq://localhost/" {"SourceContext":"MassTransit"}
][2025-09-23 22:51:51.019 +08:00 WRN Failed to determine the https port for redirect. {"EventId":{"Id":3,"Name":"FailedToDeterminePort"},"SourceContext":"Microsoft.AspNetCore.HttpsPolicy.HttpsRedirectionMiddleware","RequestId":"0HNFQM2T9EL9Q:00000001","RequestPath":"/api/Order/84f90af7-3086-4394-a9b3-7bdfbb407da3/confirm-order","ConnectionId":"0HNFQM2T9EL9Q"}
][2025-09-23 22:51:51.158 +08:00 INF ConfirmOrder Endpoint - Order "84f90af7-3086-4394-a9b3-7bdfbb407da3" by User e056ca84-ecf8-4dbe-9af5-f91efe653ca5 {"SourceContext":"OrderService.Controllers.OrderController","ActionId":"91e2e347-924b-4855-879c-becbc76b5734","ActionName":"OrderService.Controllers.OrderController.ConfirmOrder (OrderService)","RequestId":"0HNFQM2T9EL9Q:00000001","RequestPath":"/api/Order/84f90af7-3086-4394-a9b3-7bdfbb407da3/confirm-order","ConnectionId":"0HNFQM2T9EL9Q"}
][2025-09-23 22:51:52.285 +08:00 INF Order "84f90af7-3086-4394-a9b3-7bdfbb407da3" total price: $41.98 {"SourceContext":"OrderService.Services.OrderService","ActionId":"91e2e347-924b-4855-879c-becbc76b5734","ActionName":"OrderService.Controllers.OrderController.ConfirmOrder (OrderService)","RequestId":"0HNFQM2T9EL9Q:00000001","RequestPath":"/api/Order/84f90af7-3086-4394-a9b3-7bdfbb407da3/confirm-order","ConnectionId":"0HNFQM2T9EL9Q"}
][2025-09-23 22:51:52.372 +08:00 INF Order confirmed event for order "84f90af7-3086-4394-a9b3-7bdfbb407da3" is passed to the message bus. {"SourceContext":"OrderService.Services.OrderService","ActionId":"91e2e347-924b-4855-879c-becbc76b5734","ActionName":"OrderService.Controllers.OrderController.ConfirmOrder (OrderService)","RequestId":"0HNFQM2T9EL9Q:00000001","RequestPath":"/api/Order/84f90af7-3086-4394-a9b3-7bdfbb407da3/confirm-order","ConnectionId":"0HNFQM2T9EL9Q"}
][2025-09-23 22:51:52.533 +08:00 INF Successfully confirmed order "84f90af7-3086-4394-a9b3-7bdfbb407da3". {"SourceContext":"OrderService.Services.OrderService","ActionId":"91e2e347-924b-4855-879c-becbc76b5734","ActionName":"OrderService.Controllers.OrderController.ConfirmOrder (OrderService)","RequestId":"0HNFQM2T9EL9Q:00000001","RequestPath":"/api/Order/84f90af7-3086-4394-a9b3-7bdfbb407da3/confirm-order","ConnectionId":"0HNFQM2T9EL9Q"}
][2025-09-23 22:51:52.545 +08:00 INF Successfully confirmed order "84f90af7-3086-4394-a9b3-7bdfbb407da3". {"SourceContext":"OrderService.Controllers.OrderController","ActionId":"91e2e347-924b-4855-879c-becbc76b5734","ActionName":"OrderService.Controllers.OrderController.ConfirmOrder (OrderService)","RequestId":"0HNFQM2T9EL9Q:00000001","RequestPath":"/api/Order/84f90af7-3086-4394-a9b3-7bdfbb407da3/confirm-order","ConnectionId":"0HNFQM2T9EL9Q"}
][2025-09-23 22:56:48.936 +08:00 INF Usage Telemetry: {"id":"e8410000-37b1-1901-d0d1-08ddfab0b940","created":"2025-09-23T22:51:48.5700187\u002B08:00","host":{"framework_version":"8.0.17","mass_transit_version":"8.5.2.0","operating_system_version":"Microsoft Windows NT 10.0.26100.0","time_zone_info":"(UTC\u002B08:00) Kuala Lumpur, Singapore","commit_hash":"96adb565f7cc311488d1df104549f924203be760"},"bus":[{"created":"2025-09-23T22:51:48.5717895\u002B08:00","configured":"2025-09-23T22:51:48.6957879\u002B08:00","started":"2025-09-23T22:51:48.9051834\u002B08:00","name":"IBus","endpoints":[{"name":"DESKTOPHUMQD41_OrderService_endpoint_7byoyybzsrcodbj3bdq9icf3nb","type":"RabbitMQ","prefetch_count":16,"consumer_count":3,"message_count":3},{"name":"_bus_","type":"RabbitMQ","prefetch_count":16}]}]} {"SourceContext":"MassTransit"}
][2025-09-23 22:57:06.585 +08:00 INF CreatingOrder Endpoint - User ID: e056ca84-ecf8-4dbe-9af5-f91efe653ca5. {"SourceContext":"OrderService.Controllers.OrderController","ActionId":"c547abfc-8fe6-4488-9c6c-46cda6373cdf","ActionName":"OrderService.Controllers.OrderController.CreateOrder (OrderService)","RequestId":"0HNFQM2T9EL9S:00000002","RequestPath":"/api/order","ConnectionId":"0HNFQM2T9EL9S"}
][2025-09-23 22:57:06.784 +08:00 INF Created order event for order "c3dd2a5c-2449-4c10-aed0-5cc402ae3134" is passed to the message bus. {"SourceContext":"OrderService.Services.OrderService","ActionId":"c547abfc-8fe6-4488-9c6c-46cda6373cdf","ActionName":"OrderService.Controllers.OrderController.CreateOrder (OrderService)","RequestId":"0HNFQM2T9EL9S:00000002","RequestPath":"/api/order","ConnectionId":"0HNFQM2T9EL9S"}
][2025-09-23 22:57:06.805 +08:00 INF Successfully created order "c3dd2a5c-2449-4c10-aed0-5cc402ae3134". {"SourceContext":"OrderService.Services.OrderService","ActionId":"c547abfc-8fe6-4488-9c6c-46cda6373cdf","ActionName":"OrderService.Controllers.OrderController.CreateOrder (OrderService)","RequestId":"0HNFQM2T9EL9S:00000002","RequestPath":"/api/order","ConnectionId":"0HNFQM2T9EL9S"}
][2025-09-23 22:57:06.811 +08:00 INF Successfully created order "c3dd2a5c-2449-4c10-aed0-5cc402ae3134". {"SourceContext":"OrderService.Controllers.OrderController","ActionId":"c547abfc-8fe6-4488-9c6c-46cda6373cdf","ActionName":"OrderService.Controllers.OrderController.CreateOrder (OrderService)","RequestId":"0HNFQM2T9EL9S:00000002","RequestPath":"/api/order","ConnectionId":"0HNFQM2T9EL9S"}
][2025-09-23 22:57:41.988 +08:00 INF Application is shutting down... {"SourceContext":"Microsoft.Hosting.Lifetime"}
][2025-09-23 22:57:42.045 +08:00 INF Bus stopped: "rabbitmq://localhost/" {"SourceContext":"MassTransit"}
][2025-09-23 22:57:45.649 +08:00 INF Starting up OrderService {}
][2025-09-23 22:57:45.791 +08:00 INF Configured endpoint DESKTOPHUMQD41_OrderService_endpoint_6ycoyybzsrcon3m7bdq9iccqbe, Consumer: OrderService.Consumers.PaymentFailedConsumer {"SourceContext":"MassTransit"}
][2025-09-23 22:57:45.799 +08:00 INF Configured endpoint DESKTOPHUMQD41_OrderService_endpoint_6ycoyybzsrcon3m7bdq9iccqbe, Consumer: OrderService.Consumers.PaymentSucceededConsumer {"SourceContext":"MassTransit"}
][2025-09-23 22:57:45.802 +08:00 INF Configured endpoint DESKTOPHUMQD41_OrderService_endpoint_6ycoyybzsrcon3m7bdq9iccqbe, Consumer: OrderService.Consumers.UserDeletedConsumer {"SourceContext":"MassTransit"}
][2025-09-23 22:57:45.941 +08:00 INF Now listening on: http://localhost:5221 {"EventId":{"Id":14,"Name":"ListeningOnAddress"},"SourceContext":"Microsoft.Hosting.Lifetime"}
][2025-09-23 22:57:45.945 +08:00 INF Application started. Press Ctrl+C to shut down. {"SourceContext":"Microsoft.Hosting.Lifetime"}
][2025-09-23 22:57:45.946 +08:00 INF Hosting environment: Development {"SourceContext":"Microsoft.Hosting.Lifetime"}
][2025-09-23 22:57:45.948 +08:00 INF Content root path: C:\Users\jeffr\Documents\Programming\Chomp\OrderService {"SourceContext":"Microsoft.Hosting.Lifetime"}
][2025-09-23 22:57:46.078 +08:00 INF Bus started: "rabbitmq://localhost/" {"SourceContext":"MassTransit"}
][2025-09-23 22:57:49.770 +08:00 WRN Failed to determine the https port for redirect. {"EventId":{"Id":3,"Name":"FailedToDeterminePort"},"SourceContext":"Microsoft.AspNetCore.HttpsPolicy.HttpsRedirectionMiddleware","RequestId":"0HNFQM687MNV1:00000001","RequestPath":"/api/order/c3dd2a5c-2449-4c10-aed0-5cc402ae3134","ConnectionId":"0HNFQM687MNV1"}
][2025-09-23 22:57:49.890 +08:00 INF DeleteOrder Endpoint - Order ID: "c3dd2a5c-2449-4c10-aed0-5cc402ae3134" from User ID:e056ca84-ecf8-4dbe-9af5-f91efe653ca5. {"SourceContext":"OrderService.Controllers.OrderController","ActionId":"9f86a209-01f1-4d6b-b88a-6d0f42e10b4e","ActionName":"OrderService.Controllers.OrderController.DeleteOrder (OrderService)","RequestId":"0HNFQM687MNV1:00000001","RequestPath":"/api/order/c3dd2a5c-2449-4c10-aed0-5cc402ae3134","ConnectionId":"0HNFQM687MNV1"}
][2025-09-23 22:57:50.942 +08:00 INF Deleted order event for order "c3dd2a5c-2449-4c10-aed0-5cc402ae3134" is passed to the message bus. {"SourceContext":"OrderService.Services.OrderService","ActionId":"9f86a209-01f1-4d6b-b88a-6d0f42e10b4e","ActionName":"OrderService.Controllers.OrderController.DeleteOrder (OrderService)","RequestId":"0HNFQM687MNV1:00000001","RequestPath":"/api/order/c3dd2a5c-2449-4c10-aed0-5cc402ae3134","ConnectionId":"0HNFQM687MNV1"}
][2025-09-23 22:57:51.135 +08:00 INF Successfully deleted order "c3dd2a5c-2449-4c10-aed0-5cc402ae3134". {"SourceContext":"OrderService.Services.OrderService","ActionId":"9f86a209-01f1-4d6b-b88a-6d0f42e10b4e","ActionName":"OrderService.Controllers.OrderController.DeleteOrder (OrderService)","RequestId":"0HNFQM687MNV1:00000001","RequestPath":"/api/order/c3dd2a5c-2449-4c10-aed0-5cc402ae3134","ConnectionId":"0HNFQM687MNV1"}
][2025-09-23 22:59:06.457 +08:00 INF CreateProduct Endpoint - Admin Request e056ca84-ecf8-4dbe-9af5-f91efe653ca5 {"SourceContext":"OrderService.Controllers.ProductController","ActionId":"8ec9bad7-c7c5-4c04-be4e-5a0b8faf3d12","ActionName":"OrderService.Controllers.ProductController.CreateProduct (OrderService)","RequestId":"0HNFQM687MNV3:00000001","RequestPath":"/api/product/","ConnectionId":"0HNFQM687MNV3"}
][2025-09-23 22:59:06.552 +08:00 INF Successfully created product "1bcd49e7-f53b-426b-ab36-894bbdca79e8" {"SourceContext":"OrderService.Services.ProductService","ActionId":"8ec9bad7-c7c5-4c04-be4e-5a0b8faf3d12","ActionName":"OrderService.Controllers.ProductController.CreateProduct (OrderService)","RequestId":"0HNFQM687MNV3:00000001","RequestPath":"/api/product/","ConnectionId":"0HNFQM687MNV3"}
][2025-09-23 22:59:06.556 +08:00 INF Product creation completed successfully for: "1bcd49e7-f53b-426b-ab36-894bbdca79e8" {"SourceContext":"OrderService.Controllers.ProductController","ActionId":"8ec9bad7-c7c5-4c04-be4e-5a0b8faf3d12","ActionName":"OrderService.Controllers.ProductController.CreateProduct (OrderService)","RequestId":"0HNFQM687MNV3:00000001","RequestPath":"/api/product/","ConnectionId":"0HNFQM687MNV3"}
][2025-09-23 23:00:35.037 +08:00 INF EditProduct Endpoint - Product "1bcd49e7-f53b-426b-ab36-894bbdca79e8" Admin Request e056ca84-ecf8-4dbe-9af5-f91efe653ca5 {"SourceContext":"OrderService.Controllers.ProductController","ActionId":"19319704-a7d6-4907-8c4c-6c0c917bef05","ActionName":"OrderService.Controllers.ProductController.EditProduct (OrderService)","RequestId":"0HNFQM687MNV5:00000002","RequestPath":"/api/product/1bcd49e7-f53b-426b-ab36-894bbdca79e8","ConnectionId":"0HNFQM687MNV5"}
][2025-09-23 23:00:35.129 +08:00 INF Successfully updated product "1bcd49e7-f53b-426b-ab36-894bbdca79e8" {"SourceContext":"OrderService.Services.ProductService","ActionId":"19319704-a7d6-4907-8c4c-6c0c917bef05","ActionName":"OrderService.Controllers.ProductController.EditProduct (OrderService)","RequestId":"0HNFQM687MNV5:00000002","RequestPath":"/api/product/1bcd49e7-f53b-426b-ab36-894bbdca79e8","ConnectionId":"0HNFQM687MNV5"}
][2025-09-23 23:00:35.136 +08:00 INF Product update completed successfully for: "1bcd49e7-f53b-426b-ab36-894bbdca79e8" {"SourceContext":"OrderService.Controllers.ProductController","ActionId":"19319704-a7d6-4907-8c4c-6c0c917bef05","ActionName":"OrderService.Controllers.ProductController.EditProduct (OrderService)","RequestId":"0HNFQM687MNV5:00000002","RequestPath":"/api/product/1bcd49e7-f53b-426b-ab36-894bbdca79e8","ConnectionId":"0HNFQM687MNV5"}
][2025-09-23 23:01:17.367 +08:00 INF DeleteProduct Endpoint - Product "1bcd49e7-f53b-426b-ab36-894bbdca79e8" Admin Request e056ca84-ecf8-4dbe-9af5-f91efe653ca5 {"SourceContext":"OrderService.Controllers.ProductController","ActionId":"a6d3a254-5297-4b26-8148-068bb0ab697f","ActionName":"OrderService.Controllers.ProductController.DeleteProduct (OrderService)","RequestId":"0HNFQM687MNV5:00000003","RequestPath":"/api/product/1bcd49e7-f53b-426b-ab36-894bbdca79e8","ConnectionId":"0HNFQM687MNV5"}
][2025-09-23 23:01:17.409 +08:00 INF Successfully deleted product "1bcd49e7-f53b-426b-ab36-894bbdca79e8" {"SourceContext":"OrderService.Services.ProductService","ActionId":"a6d3a254-5297-4b26-8148-068bb0ab697f","ActionName":"OrderService.Controllers.ProductController.DeleteProduct (OrderService)","RequestId":"0HNFQM687MNV5:00000003","RequestPath":"/api/product/1bcd49e7-f53b-426b-ab36-894bbdca79e8","ConnectionId":"0HNFQM687MNV5"}
][2025-09-23 23:01:17.412 +08:00 INF Product deletion completed successfully for: "1bcd49e7-f53b-426b-ab36-894bbdca79e8" {"SourceContext":"OrderService.Controllers.ProductController","ActionId":"a6d3a254-5297-4b26-8148-068bb0ab697f","ActionName":"OrderService.Controllers.ProductController.DeleteProduct (OrderService)","RequestId":"0HNFQM687MNV5:00000003","RequestPath":"/api/product/1bcd49e7-f53b-426b-ab36-894bbdca79e8","ConnectionId":"0HNFQM687MNV5"}
][2025-09-23 23:02:46.104 +08:00 INF Usage Telemetry: {"id":"f0190000-37b1-1901-ba90-08ddfab18e27","created":"2025-09-23T22:57:45.7602910\u002B08:00","host":{"framework_version":"8.0.17","mass_transit_version":"8.5.2.0","operating_system_version":"Microsoft Windows NT 10.0.26100.0","time_zone_info":"(UTC\u002B08:00) Kuala Lumpur, Singapore","commit_hash":"96adb565f7cc311488d1df104549f924203be760"},"bus":[{"created":"2025-09-23T22:57:45.7619448\u002B08:00","configured":"2025-09-23T22:57:45.8799072\u002B08:00","started":"2025-09-23T22:57:46.0778049\u002B08:00","name":"IBus","endpoints":[{"name":"DESKTOPHUMQD41_OrderService_endpoint_6ycoyybzsrcon3m7bdq9iccqbe","type":"RabbitMQ","prefetch_count":16,"consumer_count":3,"message_count":3},{"name":"_bus_","type":"RabbitMQ","prefetch_count":16}]}]} {"SourceContext":"MassTransit"}
][2025-09-23 23:03:09.520 +08:00 INF CreatingOrder Endpoint - User ID: e056ca84-ecf8-4dbe-9af5-f91efe653ca5. {"SourceContext":"OrderService.Controllers.OrderController","ActionId":"d3721cc0-8a7c-4241-af04-64be02f410eb","ActionName":"OrderService.Controllers.OrderController.CreateOrder (OrderService)","RequestId":"0HNFQM687MNV7:00000001","RequestPath":"/api/Order/","ConnectionId":"0HNFQM687MNV7"}
][2025-09-23 23:03:09.733 +08:00 INF Created order event for order "316e6108-65ac-417c-b7e7-86433ff8b065" is passed to the message bus. {"SourceContext":"OrderService.Services.OrderService","ActionId":"d3721cc0-8a7c-4241-af04-64be02f410eb","ActionName":"OrderService.Controllers.OrderController.CreateOrder (OrderService)","RequestId":"0HNFQM687MNV7:00000001","RequestPath":"/api/Order/","ConnectionId":"0HNFQM687MNV7"}
][2025-09-23 23:03:09.752 +08:00 INF Successfully created order "316e6108-65ac-417c-b7e7-86433ff8b065". {"SourceContext":"OrderService.Services.OrderService","ActionId":"d3721cc0-8a7c-4241-af04-64be02f410eb","ActionName":"OrderService.Controllers.OrderController.CreateOrder (OrderService)","RequestId":"0HNFQM687MNV7:00000001","RequestPath":"/api/Order/","ConnectionId":"0HNFQM687MNV7"}
][2025-09-23 23:03:09.758 +08:00 INF Successfully created order "316e6108-65ac-417c-b7e7-86433ff8b065". {"SourceContext":"OrderService.Controllers.OrderController","ActionId":"d3721cc0-8a7c-4241-af04-64be02f410eb","ActionName":"OrderService.Controllers.OrderController.CreateOrder (OrderService)","RequestId":"0HNFQM687MNV7:00000001","RequestPath":"/api/Order/","ConnectionId":"0HNFQM687MNV7"}
][2025-09-23 23:04:10.280 +08:00 INF ConfirmOrder Endpoint - Order "316e6108-65ac-417c-b7e7-86433ff8b065" by User e056ca84-ecf8-4dbe-9af5-f91efe653ca5 {"SourceContext":"OrderService.Controllers.OrderController","ActionId":"22c74966-0ba6-4b82-8ba5-cf40616aede6","ActionName":"OrderService.Controllers.OrderController.ConfirmOrder (OrderService)","RequestId":"0HNFQM687MNV7:00000003","RequestPath":"/api/order/316e6108-65ac-417c-b7e7-86433ff8b065/confirm-order","ConnectionId":"0HNFQM687MNV7"}
][2025-09-23 23:04:10.306 +08:00 INF Order "316e6108-65ac-417c-b7e7-86433ff8b065" total price: $41.98 {"SourceContext":"OrderService.Services.OrderService","ActionId":"22c74966-0ba6-4b82-8ba5-cf40616aede6","ActionName":"OrderService.Controllers.OrderController.ConfirmOrder (OrderService)","RequestId":"0HNFQM687MNV7:00000003","RequestPath":"/api/order/316e6108-65ac-417c-b7e7-86433ff8b065/confirm-order","ConnectionId":"0HNFQM687MNV7"}
][2025-09-23 23:04:10.311 +08:00 INF Order confirmed event for order "316e6108-65ac-417c-b7e7-86433ff8b065" is passed to the message bus. {"SourceContext":"OrderService.Services.OrderService","ActionId":"22c74966-0ba6-4b82-8ba5-cf40616aede6","ActionName":"OrderService.Controllers.OrderController.ConfirmOrder (OrderService)","RequestId":"0HNFQM687MNV7:00000003","RequestPath":"/api/order/316e6108-65ac-417c-b7e7-86433ff8b065/confirm-order","ConnectionId":"0HNFQM687MNV7"}
][2025-09-23 23:04:10.329 +08:00 INF Successfully confirmed order "316e6108-65ac-417c-b7e7-86433ff8b065". {"SourceContext":"OrderService.Services.OrderService","ActionId":"22c74966-0ba6-4b82-8ba5-cf40616aede6","ActionName":"OrderService.Controllers.OrderController.ConfirmOrder (OrderService)","RequestId":"0HNFQM687MNV7:00000003","RequestPath":"/api/order/316e6108-65ac-417c-b7e7-86433ff8b065/confirm-order","ConnectionId":"0HNFQM687MNV7"}
][2025-09-23 23:04:10.332 +08:00 INF Successfully confirmed order "316e6108-65ac-417c-b7e7-86433ff8b065". {"SourceContext":"OrderService.Controllers.OrderController","ActionId":"22c74966-0ba6-4b82-8ba5-cf40616aede6","ActionName":"OrderService.Controllers.OrderController.ConfirmOrder (OrderService)","RequestId":"0HNFQM687MNV7:00000003","RequestPath":"/api/order/316e6108-65ac-417c-b7e7-86433ff8b065/confirm-order","ConnectionId":"0HNFQM687MNV7"}
][2025-09-23 23:08:03.456 +08:00 INF CreatingOrder Endpoint - User ID: e056ca84-ecf8-4dbe-9af5-f91efe653ca5. {"SourceContext":"OrderService.Controllers.OrderController","ActionId":"d3721cc0-8a7c-4241-af04-64be02f410eb","ActionName":"OrderService.Controllers.OrderController.CreateOrder (OrderService)","RequestId":"0HNFQM687MNV9:00000001","RequestPath":"/api/Order/","ConnectionId":"0HNFQM687MNV9"}
][2025-09-23 23:08:03.467 +08:00 INF Created order event for order "6854751e-f494-4f93-8b23-89a3c907fe36" is passed to the message bus. {"SourceContext":"OrderService.Services.OrderService","ActionId":"d3721cc0-8a7c-4241-af04-64be02f410eb","ActionName":"OrderService.Controllers.OrderController.CreateOrder (OrderService)","RequestId":"0HNFQM687MNV9:00000001","RequestPath":"/api/Order/","ConnectionId":"0HNFQM687MNV9"}
][2025-09-23 23:08:03.476 +08:00 INF Successfully created order "6854751e-f494-4f93-8b23-89a3c907fe36". {"SourceContext":"OrderService.Services.OrderService","ActionId":"d3721cc0-8a7c-4241-af04-64be02f410eb","ActionName":"OrderService.Controllers.OrderController.CreateOrder (OrderService)","RequestId":"0HNFQM687MNV9:00000001","RequestPath":"/api/Order/","ConnectionId":"0HNFQM687MNV9"}
][2025-09-23 23:08:03.480 +08:00 INF Successfully created order "6854751e-f494-4f93-8b23-89a3c907fe36". {"SourceContext":"OrderService.Controllers.OrderController","ActionId":"d3721cc0-8a7c-4241-af04-64be02f410eb","ActionName":"OrderService.Controllers.OrderController.CreateOrder (OrderService)","RequestId":"0HNFQM687MNV9:00000001","RequestPath":"/api/Order/","ConnectionId":"0HNFQM687MNV9"}
][2025-09-23 23:08:08.040 +08:00 INF ConfirmOrder Endpoint - Order "316e6108-65ac-417c-b7e7-86433ff8b065" by User e056ca84-ecf8-4dbe-9af5-f91efe653ca5 {"SourceContext":"OrderService.Controllers.OrderController","ActionId":"22c74966-0ba6-4b82-8ba5-cf40616aede6","ActionName":"OrderService.Controllers.OrderController.ConfirmOrder (OrderService)","RequestId":"0HNFQM687MNV9:00000002","RequestPath":"/api/order/316e6108-65ac-417c-b7e7-86433ff8b065/confirm-order","ConnectionId":"0HNFQM687MNV9"}
][2025-09-23 23:08:08.046 +08:00 WRN Order confirmation failed - Order "316e6108-65ac-417c-b7e7-86433ff8b065" is already "Confirmed". {"SourceContext":"OrderService.Services.OrderService","ActionId":"22c74966-0ba6-4b82-8ba5-cf40616aede6","ActionName":"OrderService.Controllers.OrderController.ConfirmOrder (OrderService)","RequestId":"0HNFQM687MNV9:00000002","RequestPath":"/api/order/316e6108-65ac-417c-b7e7-86433ff8b065/confirm-order","ConnectionId":"0HNFQM687MNV9"}
][2025-09-23 23:08:23.510 +08:00 INF ConfirmOrder Endpoint - Order "6854751e-f494-4f93-8b23-89a3c907fe36" by User e056ca84-ecf8-4dbe-9af5-f91efe653ca5 {"SourceContext":"OrderService.Controllers.OrderController","ActionId":"22c74966-0ba6-4b82-8ba5-cf40616aede6","ActionName":"OrderService.Controllers.OrderController.ConfirmOrder (OrderService)","RequestId":"0HNFQM687MNV9:00000003","RequestPath":"/api/order/6854751e-f494-4f93-8b23-89a3c907fe36/confirm-order","ConnectionId":"0HNFQM687MNV9"}
][2025-09-23 23:08:23.558 +08:00 INF Order "6854751e-f494-4f93-8b23-89a3c907fe36" total price: $41.98 {"SourceContext":"OrderService.Services.OrderService","ActionId":"22c74966-0ba6-4b82-8ba5-cf40616aede6","ActionName":"OrderService.Controllers.OrderController.ConfirmOrder (OrderService)","RequestId":"0HNFQM687MNV9:00000003","RequestPath":"/api/order/6854751e-f494-4f93-8b23-89a3c907fe36/confirm-order","ConnectionId":"0HNFQM687MNV9"}
][2025-09-23 23:08:23.564 +08:00 INF Order confirmed event for order "6854751e-f494-4f93-8b23-89a3c907fe36" is passed to the message bus. {"SourceContext":"OrderService.Services.OrderService","ActionId":"22c74966-0ba6-4b82-8ba5-cf40616aede6","ActionName":"OrderService.Controllers.OrderController.ConfirmOrder (OrderService)","RequestId":"0HNFQM687MNV9:00000003","RequestPath":"/api/order/6854751e-f494-4f93-8b23-89a3c907fe36/confirm-order","ConnectionId":"0HNFQM687MNV9"}
][2025-09-23 23:08:23.574 +08:00 INF Successfully confirmed order "6854751e-f494-4f93-8b23-89a3c907fe36". {"SourceContext":"OrderService.Services.OrderService","ActionId":"22c74966-0ba6-4b82-8ba5-cf40616aede6","ActionName":"OrderService.Controllers.OrderController.ConfirmOrder (OrderService)","RequestId":"0HNFQM687MNV9:00000003","RequestPath":"/api/order/6854751e-f494-4f93-8b23-89a3c907fe36/confirm-order","ConnectionId":"0HNFQM687MNV9"}
][2025-09-23 23:08:23.583 +08:00 INF Successfully confirmed order "6854751e-f494-4f93-8b23-89a3c907fe36". {"SourceContext":"OrderService.Controllers.OrderController","ActionId":"22c74966-0ba6-4b82-8ba5-cf40616aede6","ActionName":"OrderService.Controllers.OrderController.ConfirmOrder (OrderService)","RequestId":"0HNFQM687MNV9:00000003","RequestPath":"/api/order/6854751e-f494-4f93-8b23-89a3c907fe36/confirm-order","ConnectionId":"0HNFQM687MNV9"}
][2025-09-23 23:09:29.030 +08:00 INF CreatingOrder Endpoint - User ID: 83b8fa56-a6b7-4a27-8c6b-6d19e33d92ef. {"SourceContext":"OrderService.Controllers.OrderController","ActionId":"d3721cc0-8a7c-4241-af04-64be02f410eb","ActionName":"OrderService.Controllers.OrderController.CreateOrder (OrderService)","RequestId":"0HNFQM687MNVB:00000001","RequestPath":"/api/Order/","ConnectionId":"0HNFQM687MNVB"}
][2025-09-23 23:09:29.038 +08:00 INF Created order event for order "660a653a-42e9-41a3-805c-28ad2e2d5d0c" is passed to the message bus. {"SourceContext":"OrderService.Services.OrderService","ActionId":"d3721cc0-8a7c-4241-af04-64be02f410eb","ActionName":"OrderService.Controllers.OrderController.CreateOrder (OrderService)","RequestId":"0HNFQM687MNVB:00000001","RequestPath":"/api/Order/","ConnectionId":"0HNFQM687MNVB"}
][2025-09-23 23:09:29.047 +08:00 INF Successfully created order "660a653a-42e9-41a3-805c-28ad2e2d5d0c". {"SourceContext":"OrderService.Services.OrderService","ActionId":"d3721cc0-8a7c-4241-af04-64be02f410eb","ActionName":"OrderService.Controllers.OrderController.CreateOrder (OrderService)","RequestId":"0HNFQM687MNVB:00000001","RequestPath":"/api/Order/","ConnectionId":"0HNFQM687MNVB"}
][2025-09-23 23:09:29.051 +08:00 INF Successfully created order "660a653a-42e9-41a3-805c-28ad2e2d5d0c". {"SourceContext":"OrderService.Controllers.OrderController","ActionId":"d3721cc0-8a7c-4241-af04-64be02f410eb","ActionName":"OrderService.Controllers.OrderController.CreateOrder (OrderService)","RequestId":"0HNFQM687MNVB:00000001","RequestPath":"/api/Order/","ConnectionId":"0HNFQM687MNVB"}
][2025-09-23 23:09:47.660 +08:00 INF ConfirmOrder Endpoint - Order "660a653a-42e9-41a3-805c-28ad2e2d5d0c" by User 83b8fa56-a6b7-4a27-8c6b-6d19e33d92ef {"SourceContext":"OrderService.Controllers.OrderController","ActionId":"22c74966-0ba6-4b82-8ba5-cf40616aede6","ActionName":"OrderService.Controllers.OrderController.ConfirmOrder (OrderService)","RequestId":"0HNFQM687MNVB:00000002","RequestPath":"/api/order/660a653a-42e9-41a3-805c-28ad2e2d5d0c/confirm-order","ConnectionId":"0HNFQM687MNVB"}
][2025-09-23 23:09:47.687 +08:00 INF Order "660a653a-42e9-41a3-805c-28ad2e2d5d0c" total price: $41.98 {"SourceContext":"OrderService.Services.OrderService","ActionId":"22c74966-0ba6-4b82-8ba5-cf40616aede6","ActionName":"OrderService.Controllers.OrderController.ConfirmOrder (OrderService)","RequestId":"0HNFQM687MNVB:00000002","RequestPath":"/api/order/660a653a-42e9-41a3-805c-28ad2e2d5d0c/confirm-order","ConnectionId":"0HNFQM687MNVB"}
][2025-09-23 23:09:47.692 +08:00 INF Order confirmed event for order "660a653a-42e9-41a3-805c-28ad2e2d5d0c" is passed to the message bus. {"SourceContext":"OrderService.Services.OrderService","ActionId":"22c74966-0ba6-4b82-8ba5-cf40616aede6","ActionName":"OrderService.Controllers.OrderController.ConfirmOrder (OrderService)","RequestId":"0HNFQM687MNVB:00000002","RequestPath":"/api/order/660a653a-42e9-41a3-805c-28ad2e2d5d0c/confirm-order","ConnectionId":"0HNFQM687MNVB"}
][2025-09-23 23:09:47.704 +08:00 INF Successfully confirmed order "660a653a-42e9-41a3-805c-28ad2e2d5d0c". {"SourceContext":"OrderService.Services.OrderService","ActionId":"22c74966-0ba6-4b82-8ba5-cf40616aede6","ActionName":"OrderService.Controllers.OrderController.ConfirmOrder (OrderService)","RequestId":"0HNFQM687MNVB:00000002","RequestPath":"/api/order/660a653a-42e9-41a3-805c-28ad2e2d5d0c/confirm-order","ConnectionId":"0HNFQM687MNVB"}
][2025-09-23 23:09:47.709 +08:00 INF Successfully confirmed order "660a653a-42e9-41a3-805c-28ad2e2d5d0c". {"SourceContext":"OrderService.Controllers.OrderController","ActionId":"22c74966-0ba6-4b82-8ba5-cf40616aede6","ActionName":"OrderService.Controllers.OrderController.ConfirmOrder (OrderService)","RequestId":"0HNFQM687MNVB:00000002","RequestPath":"/api/order/660a653a-42e9-41a3-805c-28ad2e2d5d0c/confirm-order","ConnectionId":"0HNFQM687MNVB"}
][2025-09-23 23:15:21.022 +08:00 INF Application is shutting down... {"SourceContext":"Microsoft.Hosting.Lifetime"}
][2025-09-23 23:15:21.079 +08:00 INF Bus stopped: "rabbitmq://localhost/" {"SourceContext":"MassTransit"}
][2025-09-23 23:15:27.741 +08:00 INF Starting up OrderService {}
][2025-09-23 23:15:27.889 +08:00 INF Configured endpoint DESKTOPHUMQD41_OrderService_endpoint_wopyyybzsrcona4qbdq9ipy8bz, Consumer: OrderService.Consumers.PaymentFailedConsumer {"SourceContext":"MassTransit"}
][2025-09-23 23:15:27.898 +08:00 INF Configured endpoint DESKTOPHUMQD41_OrderService_endpoint_wopyyybzsrcona4qbdq9ipy8bz, Consumer: OrderService.Consumers.PaymentSucceededConsumer {"SourceContext":"MassTransit"}
][2025-09-23 23:15:27.902 +08:00 INF Configured endpoint DESKTOPHUMQD41_OrderService_endpoint_wopyyybzsrcona4qbdq9ipy8bz, Consumer: OrderService.Consumers.UserDeletedConsumer {"SourceContext":"MassTransit"}
][2025-09-23 23:15:28.041 +08:00 INF Now listening on: http://localhost:5221 {"EventId":{"Id":14,"Name":"ListeningOnAddress"},"SourceContext":"Microsoft.Hosting.Lifetime"}
][2025-09-23 23:15:28.045 +08:00 INF Application started. Press Ctrl+C to shut down. {"SourceContext":"Microsoft.Hosting.Lifetime"}
][2025-09-23 23:15:28.046 +08:00 INF Hosting environment: Development {"SourceContext":"Microsoft.Hosting.Lifetime"}
][2025-09-23 23:15:28.047 +08:00 INF Content root path: C:\Users\jeffr\Documents\Programming\Chomp\OrderService {"SourceContext":"Microsoft.Hosting.Lifetime"}
][2025-09-23 23:15:28.180 +08:00 INF Bus started: "rabbitmq://localhost/" {"SourceContext":"MassTransit"}
][2025-09-23 23:15:33.367 +08:00 WRN Failed to determine the https port for redirect. {"EventId":{"Id":3,"Name":"FailedToDeterminePort"},"SourceContext":"Microsoft.AspNetCore.HttpsPolicy.HttpsRedirectionMiddleware","RequestId":"0HNFQMG570MND:00000001","RequestPath":"/api/Order/","ConnectionId":"0HNFQMG570MND"}
][2025-09-23 23:15:33.562 +08:00 INF CreatingOrder Endpoint - User ID: 83b8fa56-a6b7-4a27-8c6b-6d19e33d92ef. {"SourceContext":"OrderService.Controllers.OrderController","ActionId":"f7a8b8b4-2d3b-4fab-a56b-efbb624d18fd","ActionName":"OrderService.Controllers.OrderController.CreateOrder (OrderService)","RequestId":"0HNFQMG570MND:00000001","RequestPath":"/api/Order/","ConnectionId":"0HNFQMG570MND"}
][2025-09-23 23:15:34.813 +08:00 INF Created order event for order "22c2e38c-3879-461b-8799-4844ef47bd87" is passed to the message bus. {"SourceContext":"OrderService.Services.OrderService","ActionId":"f7a8b8b4-2d3b-4fab-a56b-efbb624d18fd","ActionName":"OrderService.Controllers.OrderController.CreateOrder (OrderService)","RequestId":"0HNFQMG570MND:00000001","RequestPath":"/api/Order/","ConnectionId":"0HNFQMG570MND"}
][2025-09-23 23:15:34.936 +08:00 INF Successfully created order "22c2e38c-3879-461b-8799-4844ef47bd87". {"SourceContext":"OrderService.Services.OrderService","ActionId":"f7a8b8b4-2d3b-4fab-a56b-efbb624d18fd","ActionName":"OrderService.Controllers.OrderController.CreateOrder (OrderService)","RequestId":"0HNFQMG570MND:00000001","RequestPath":"/api/Order/","ConnectionId":"0HNFQMG570MND"}
][2025-09-23 23:15:34.943 +08:00 INF Successfully created order "22c2e38c-3879-461b-8799-4844ef47bd87". {"SourceContext":"OrderService.Controllers.OrderController","ActionId":"f7a8b8b4-2d3b-4fab-a56b-efbb624d18fd","ActionName":"OrderService.Controllers.OrderController.CreateOrder (OrderService)","RequestId":"0HNFQMG570MND:00000001","RequestPath":"/api/Order/","ConnectionId":"0HNFQMG570MND"}
][2025-09-23 23:15:43.127 +08:00 INF ConfirmOrder Endpoint - Order "22c2e38c-3879-461b-8799-4844ef47bd87" by User 83b8fa56-a6b7-4a27-8c6b-6d19e33d92ef {"SourceContext":"OrderService.Controllers.OrderController","ActionId":"dac06dc5-279e-4884-b2ba-162c0107d1c7","ActionName":"OrderService.Controllers.OrderController.ConfirmOrder (OrderService)","RequestId":"0HNFQMG570MND:00000002","RequestPath":"/api/order/22c2e38c-3879-461b-8799-4844ef47bd87/confirm-order","ConnectionId":"0HNFQMG570MND"}
][2025-09-23 23:15:43.179 +08:00 INF Order "22c2e38c-3879-461b-8799-4844ef47bd87" total price: $41.98 {"SourceContext":"OrderService.Services.OrderService","ActionId":"dac06dc5-279e-4884-b2ba-162c0107d1c7","ActionName":"OrderService.Controllers.OrderController.ConfirmOrder (OrderService)","RequestId":"0HNFQMG570MND:00000002","RequestPath":"/api/order/22c2e38c-3879-461b-8799-4844ef47bd87/confirm-order","ConnectionId":"0HNFQMG570MND"}
][2025-09-23 23:15:43.190 +08:00 INF Order confirmed event for order "22c2e38c-3879-461b-8799-4844ef47bd87" is passed to the message bus. {"SourceContext":"OrderService.Services.OrderService","ActionId":"dac06dc5-279e-4884-b2ba-162c0107d1c7","ActionName":"OrderService.Controllers.OrderController.ConfirmOrder (OrderService)","RequestId":"0HNFQMG570MND:00000002","RequestPath":"/api/order/22c2e38c-3879-461b-8799-4844ef47bd87/confirm-order","ConnectionId":"0HNFQMG570MND"}
][2025-09-23 23:15:43.212 +08:00 INF Successfully confirmed order "22c2e38c-3879-461b-8799-4844ef47bd87". {"SourceContext":"OrderService.Services.OrderService","ActionId":"dac06dc5-279e-4884-b2ba-162c0107d1c7","ActionName":"OrderService.Controllers.OrderController.ConfirmOrder (OrderService)","RequestId":"0HNFQMG570MND:00000002","RequestPath":"/api/order/22c2e38c-3879-461b-8799-4844ef47bd87/confirm-order","ConnectionId":"0HNFQMG570MND"}
][2025-09-23 23:15:43.215 +08:00 INF Successfully confirmed order "22c2e38c-3879-461b-8799-4844ef47bd87". {"SourceContext":"OrderService.Controllers.OrderController","ActionId":"dac06dc5-279e-4884-b2ba-162c0107d1c7","ActionName":"OrderService.Controllers.OrderController.ConfirmOrder (OrderService)","RequestId":"0HNFQMG570MND:00000002","RequestPath":"/api/order/22c2e38c-3879-461b-8799-4844ef47bd87/confirm-order","ConnectionId":"0HNFQMG570MND"}
][2025-09-23 23:15:43.318 +08:00 INF Processing payment Failed - PaymentId: "21f928b8-9c9c-4914-9ad6-cf3c30047275", OrderId: "22c2e38c-3879-461b-8799-4844ef47bd87" {"SourceContext":"OrderService.Consumers.PaymentFailedConsumer"}
][2025-09-23 23:16:23.247 +08:00 INF GetMyOrders Endpoint - User Request 83b8fa56-a6b7-4a27-8c6b-6d19e33d92ef {"SourceContext":"OrderService.Controllers.OrderController","ActionId":"42301500-b596-4e1b-8788-6a25f2d764c3","ActionName":"OrderService.Controllers.OrderController.GetMyOrders (OrderService)","RequestId":"0HNFQMG570MND:00000004","RequestPath":"/api/order/my-orders","ConnectionId":"0HNFQMG570MND"}
][2025-09-23 23:16:53.416 +08:00 INF ConfirmOrder Endpoint - Order "22c2e38c-3879-461b-8799-4844ef47bd87" by User 83b8fa56-a6b7-4a27-8c6b-6d19e33d92ef {"SourceContext":"OrderService.Controllers.OrderController","ActionId":"dac06dc5-279e-4884-b2ba-162c0107d1c7","ActionName":"OrderService.Controllers.OrderController.ConfirmOrder (OrderService)","RequestId":"0HNFQMG570MND:00000006","RequestPath":"/api/order/22c2e38c-3879-461b-8799-4844ef47bd87/confirm-order","ConnectionId":"0HNFQMG570MND"}
][2025-09-23 23:16:53.487 +08:00 INF Order "22c2e38c-3879-461b-8799-4844ef47bd87" total price: $41.98 {"SourceContext":"OrderService.Services.OrderService","ActionId":"dac06dc5-279e-4884-b2ba-162c0107d1c7","ActionName":"OrderService.Controllers.OrderController.ConfirmOrder (OrderService)","RequestId":"0HNFQMG570MND:00000006","RequestPath":"/api/order/22c2e38c-3879-461b-8799-4844ef47bd87/confirm-order","ConnectionId":"0HNFQMG570MND"}
][2025-09-23 23:16:53.504 +08:00 INF Order confirmed event for order "22c2e38c-3879-461b-8799-4844ef47bd87" is passed to the message bus. {"SourceContext":"OrderService.Services.OrderService","ActionId":"dac06dc5-279e-4884-b2ba-162c0107d1c7","ActionName":"OrderService.Controllers.OrderController.ConfirmOrder (OrderService)","RequestId":"0HNFQMG570MND:00000006","RequestPath":"/api/order/22c2e38c-3879-461b-8799-4844ef47bd87/confirm-order","ConnectionId":"0HNFQMG570MND"}
][2025-09-23 23:16:53.522 +08:00 INF Successfully confirmed order "22c2e38c-3879-461b-8799-4844ef47bd87". {"SourceContext":"OrderService.Services.OrderService","ActionId":"dac06dc5-279e-4884-b2ba-162c0107d1c7","ActionName":"OrderService.Controllers.OrderController.ConfirmOrder (OrderService)","RequestId":"0HNFQMG570MND:00000006","RequestPath":"/api/order/22c2e38c-3879-461b-8799-4844ef47bd87/confirm-order","ConnectionId":"0HNFQMG570MND"}
][2025-09-23 23:16:53.530 +08:00 INF Processing payment Failed - PaymentId: "2709e76d-b518-44c7-a72a-259046698854", OrderId: "22c2e38c-3879-461b-8799-4844ef47bd87" {"SourceContext":"OrderService.Consumers.PaymentFailedConsumer"}
][2025-09-23 23:16:53.530 +08:00 INF Successfully confirmed order "22c2e38c-3879-461b-8799-4844ef47bd87". {"SourceContext":"OrderService.Controllers.OrderController","ActionId":"dac06dc5-279e-4884-b2ba-162c0107d1c7","ActionName":"OrderService.Controllers.OrderController.ConfirmOrder (OrderService)","RequestId":"0HNFQMG570MND:00000006","RequestPath":"/api/order/22c2e38c-3879-461b-8799-4844ef47bd87/confirm-order","ConnectionId":"0HNFQMG570MND"}
][2025-09-23 23:16:57.204 +08:00 INF ConfirmOrder Endpoint - Order "22c2e38c-3879-461b-8799-4844ef47bd87" by User 83b8fa56-a6b7-4a27-8c6b-6d19e33d92ef {"SourceContext":"OrderService.Controllers.OrderController","ActionId":"dac06dc5-279e-4884-b2ba-162c0107d1c7","ActionName":"OrderService.Controllers.OrderController.ConfirmOrder (OrderService)","RequestId":"0HNFQMG570MND:00000007","RequestPath":"/api/order/22c2e38c-3879-461b-8799-4844ef47bd87/confirm-order","ConnectionId":"0HNFQMG570MND"}
][2025-09-23 23:16:57.210 +08:00 INF Order "22c2e38c-3879-461b-8799-4844ef47bd87" total price: $41.98 {"SourceContext":"OrderService.Services.OrderService","ActionId":"dac06dc5-279e-4884-b2ba-162c0107d1c7","ActionName":"OrderService.Controllers.OrderController.ConfirmOrder (OrderService)","RequestId":"0HNFQMG570MND:00000007","RequestPath":"/api/order/22c2e38c-3879-461b-8799-4844ef47bd87/confirm-order","ConnectionId":"0HNFQMG570MND"}
][2025-09-23 23:16:57.214 +08:00 INF Order confirmed event for order "22c2e38c-3879-461b-8799-4844ef47bd87" is passed to the message bus. {"SourceContext":"OrderService.Services.OrderService","ActionId":"dac06dc5-279e-4884-b2ba-162c0107d1c7","ActionName":"OrderService.Controllers.OrderController.ConfirmOrder (OrderService)","RequestId":"0HNFQMG570MND:00000007","RequestPath":"/api/order/22c2e38c-3879-461b-8799-4844ef47bd87/confirm-order","ConnectionId":"0HNFQMG570MND"}
][2025-09-23 23:16:57.225 +08:00 INF Successfully confirmed order "22c2e38c-3879-461b-8799-4844ef47bd87". {"SourceContext":"OrderService.Services.OrderService","ActionId":"dac06dc5-279e-4884-b2ba-162c0107d1c7","ActionName":"OrderService.Controllers.OrderController.ConfirmOrder (OrderService)","RequestId":"0HNFQMG570MND:00000007","RequestPath":"/api/order/22c2e38c-3879-461b-8799-4844ef47bd87/confirm-order","ConnectionId":"0HNFQMG570MND"}
][2025-09-23 23:16:57.231 +08:00 INF Processing payment Failed - PaymentId: "3614e4cd-5eda-4a04-936b-52632d6b79bd", OrderId: "22c2e38c-3879-461b-8799-4844ef47bd87" {"SourceContext":"OrderService.Consumers.PaymentFailedConsumer"}
][2025-09-23 23:16:57.241 +08:00 INF Successfully confirmed order "22c2e38c-3879-461b-8799-4844ef47bd87". {"SourceContext":"OrderService.Controllers.OrderController","ActionId":"dac06dc5-279e-4884-b2ba-162c0107d1c7","ActionName":"OrderService.Controllers.OrderController.ConfirmOrder (OrderService)","RequestId":"0HNFQMG570MND:00000007","RequestPath":"/api/order/22c2e38c-3879-461b-8799-4844ef47bd87/confirm-order","ConnectionId":"0HNFQMG570MND"}
][2025-09-23 23:19:11.952 +08:00 INF ConfirmOrder Endpoint - Order "22c2e38c-3879-461b-8799-4844ef47bd87" by User 83b8fa56-a6b7-4a27-8c6b-6d19e33d92ef {"SourceContext":"OrderService.Controllers.OrderController","ActionId":"dac06dc5-279e-4884-b2ba-162c0107d1c7","ActionName":"OrderService.Controllers.OrderController.ConfirmOrder (OrderService)","RequestId":"0HNFQMG570MNF:00000001","RequestPath":"/api/order/22c2e38c-3879-461b-8799-4844ef47bd87/confirm-order","ConnectionId":"0HNFQMG570MNF"}
][2025-09-23 23:19:11.964 +08:00 INF Order "22c2e38c-3879-461b-8799-4844ef47bd87" total price: $41.98 {"SourceContext":"OrderService.Services.OrderService","ActionId":"dac06dc5-279e-4884-b2ba-162c0107d1c7","ActionName":"OrderService.Controllers.OrderController.ConfirmOrder (OrderService)","RequestId":"0HNFQMG570MNF:00000001","RequestPath":"/api/order/22c2e38c-3879-461b-8799-4844ef47bd87/confirm-order","ConnectionId":"0HNFQMG570MNF"}
][2025-09-23 23:19:11.975 +08:00 INF Order confirmed event for order "22c2e38c-3879-461b-8799-4844ef47bd87" is passed to the message bus. {"SourceContext":"OrderService.Services.OrderService","ActionId":"dac06dc5-279e-4884-b2ba-162c0107d1c7","ActionName":"OrderService.Controllers.OrderController.ConfirmOrder (OrderService)","RequestId":"0HNFQMG570MNF:00000001","RequestPath":"/api/order/22c2e38c-3879-461b-8799-4844ef47bd87/confirm-order","ConnectionId":"0HNFQMG570MNF"}
][2025-09-23 23:19:12.004 +08:00 INF Successfully confirmed order "22c2e38c-3879-461b-8799-4844ef47bd87". {"SourceContext":"OrderService.Services.OrderService","ActionId":"dac06dc5-279e-4884-b2ba-162c0107d1c7","ActionName":"OrderService.Controllers.OrderController.ConfirmOrder (OrderService)","RequestId":"0HNFQMG570MNF:00000001","RequestPath":"/api/order/22c2e38c-3879-461b-8799-4844ef47bd87/confirm-order","ConnectionId":"0HNFQMG570MNF"}
][2025-09-23 23:19:12.009 +08:00 INF Successfully confirmed order "22c2e38c-3879-461b-8799-4844ef47bd87". {"SourceContext":"OrderService.Controllers.OrderController","ActionId":"dac06dc5-279e-4884-b2ba-162c0107d1c7","ActionName":"OrderService.Controllers.OrderController.ConfirmOrder (OrderService)","RequestId":"0HNFQMG570MNF:00000001","RequestPath":"/api/order/22c2e38c-3879-461b-8799-4844ef47bd87/confirm-order","ConnectionId":"0HNFQMG570MNF"}
][2025-09-23 23:19:12.073 +08:00 INF Processing payment success - PaymentId: "6786eb48-362c-4abc-8932-07eb9747038b", OrderId: "22c2e38c-3879-461b-8799-4844ef47bd87" {"SourceContext":"OrderService.Consumers.PaymentSucceededConsumer"}
][2025-09-23 23:19:12.077 +08:00 INF Stock reduced - Product "6df8d3a1-75db-461a-a353-7a7564833d50" (Spam): Reduced by 2, New stock: 1 {"SourceContext":"OrderService.Consumers.PaymentSucceededConsumer"}
][2025-09-23 23:19:12.177 +08:00 INF Payment processing completed - OrderId: "22c2e38c-3879-461b-8799-4844ef47bd87", PaymentId: "6786eb48-362c-4abc-8932-07eb9747038b", Status: "Completed", Stock updates: Spam: 2 units (New stock: 1) {"SourceContext":"OrderService.Consumers.PaymentSucceededConsumer"}
][2025-09-23 23:20:28.210 +08:00 INF Usage Telemetry: {"id":"a41a0000-37b1-1901-a567-08ddfab40736","created":"2025-09-23T23:15:27.8558263\u002B08:00","host":{"framework_version":"8.0.17","mass_transit_version":"8.5.2.0","operating_system_version":"Microsoft Windows NT 10.0.26100.0","time_zone_info":"(UTC\u002B08:00) Kuala Lumpur, Singapore","commit_hash":"96adb565f7cc311488d1df104549f924203be760"},"bus":[{"created":"2025-09-23T23:15:27.8577675\u002B08:00","configured":"2025-09-23T23:15:27.9771551\u002B08:00","started":"2025-09-23T23:15:28.1794269\u002B08:00","name":"IBus","endpoints":[{"name":"DESKTOPHUMQD41_OrderService_endpoint_wopyyybzsrcona4qbdq9ipy8bz","type":"RabbitMQ","prefetch_count":16,"consumer_count":3,"message_count":3},{"name":"_bus_","type":"RabbitMQ","prefetch_count":16}]}]} {"SourceContext":"MassTransit"}
]