[2025-09-23 21:58:14.643 +08:00 INF Starting up NotificationService {}
][2025-09-23 21:58:14.824 +08:00 INF Configured endpoint DESKTOPHUMQD41_NotificationService_endpoint_qy8yyybzsrcod47fbdq9ikj7fx, Consumer: NotificationService.Consumers.OrderEvents.OrderCancelledConsumer {"SourceContext":"MassTransit"}
][2025-09-23 21:58:14.838 +08:00 INF Configured endpoint DESKTOPHUMQD41_NotificationService_endpoint_qy8yyybzsrcod47fbdq9ikj7fx, Consumer: NotificationService.Consumers.OrderEvents.OrderConfirmedConsumer {"SourceContext":"MassTransit"}
][2025-09-23 21:58:14.853 +08:00 INF Configured endpoint DESKTOPHUMQD41_NotificationService_endpoint_qy8yyybzsrcod47fbdq9ikj7fx, Consumer: NotificationService.Consumers.OrderEvents.OrderPlacedConsumer {"SourceContext":"MassTransit"}
][2025-09-23 21:58:14.885 +08:00 INF Configured endpoint DESKTOPHUMQD41_NotificationService_endpoint_qy8yyybzsrcod47fbdq9ikj7fx, Consumer: NotificationService.Consumers.OrderEvents.OrderUpdatedConsumer {"SourceContext":"MassTransit"}
][2025-09-23 21:58:14.890 +08:00 INF Configured endpoint DESKTOPHUMQD41_NotificationService_endpoint_qy8yyybzsrcod47fbdq9ikj7fx, Consumer: NotificationService.Consumers.PaymentEvents.PaymentFailedConsumer {"SourceContext":"MassTransit"}
][2025-09-23 21:58:14.896 +08:00 INF Configured endpoint DESKTOPHUMQD41_NotificationService_endpoint_qy8yyybzsrcod47fbdq9ikj7fx, Consumer: NotificationService.Consumers.PaymentEvents.PaymentSucceededConsumer {"SourceContext":"MassTransit"}
][2025-09-23 21:58:14.899 +08:00 INF Configured endpoint DESKTOPHUMQD41_NotificationService_endpoint_qy8yyybzsrcod47fbdq9ikj7fx, Consumer: NotificationService.Consumers.ProductEvents.ProductCreatedConsumer {"SourceContext":"MassTransit"}
][2025-09-23 21:58:14.902 +08:00 INF Configured endpoint DESKTOPHUMQD41_NotificationService_endpoint_qy8yyybzsrcod47fbdq9ikj7fx, Consumer: NotificationService.Consumers.ProductEvents.ProductDeletedConsumer {"SourceContext":"MassTransit"}
][2025-09-23 21:58:14.910 +08:00 INF Configured endpoint DESKTOPHUMQD41_NotificationService_endpoint_qy8yyybzsrcod47fbdq9ikj7fx, Consumer: NotificationService.Consumers.ProductEvents.ProductUpdatedConsumer {"SourceContext":"MassTransit"}
][2025-09-23 21:58:14.917 +08:00 INF Configured endpoint DESKTOPHUMQD41_NotificationService_endpoint_qy8yyybzsrcod47fbdq9ikj7fx, Consumer: NotificationService.Consumers.UserEvents.UserCreatedConsumer {"SourceContext":"MassTransit"}
][2025-09-23 21:58:14.921 +08:00 INF Configured endpoint DESKTOPHUMQD41_NotificationService_endpoint_qy8yyybzsrcod47fbdq9ikj7fx, Consumer: NotificationService.Consumers.UserEvents.UserDeletedConsumer {"SourceContext":"MassTransit"}
][2025-09-23 21:58:14.929 +08:00 INF Configured endpoint DESKTOPHUMQD41_NotificationService_endpoint_qy8yyybzsrcod47fbdq9ikj7fx, Consumer: NotificationService.Consumers.UserEvents.UserUpdatedConsumer {"SourceContext":"MassTransit"}
][2025-09-23 21:58:15.205 +08:00 INF Now listening on: http://localhost:5213 {"EventId":{"Id":14,"Name":"ListeningOnAddress"},"SourceContext":"Microsoft.Hosting.Lifetime"}
][2025-09-23 21:58:15.218 +08:00 INF Application started. Press Ctrl+C to shut down. {"SourceContext":"Microsoft.Hosting.Lifetime"}
][2025-09-23 21:58:15.222 +08:00 INF Hosting environment: Development {"SourceContext":"Microsoft.Hosting.Lifetime"}
][2025-09-23 21:58:15.223 +08:00 INF Content root path: C:\Users\jeffr\Documents\Programming\Chomp\NotificationService {"SourceContext":"Microsoft.Hosting.Lifetime"}
][2025-09-23 21:58:15.885 +08:00 INF Bus started: "rabbitmq://localhost/" {"SourceContext":"MassTransit"}
][2025-09-23 21:58:51.855 +08:00 WRN Failed to determine the https port for redirect. {"EventId":{"Id":3,"Name":"FailedToDeterminePort"},"SourceContext":"Microsoft.AspNetCore.HttpsPolicy.HttpsRedirectionMiddleware","RequestId":"0HNFQL59RG8IU:00000001","RequestPath":"/","ConnectionId":"0HNFQL59RG8IU"}
][2025-09-23 22:01:15.285 +08:00 ERR R-FAULT "rabbitmq://localhost/DESKTOPHUMQD41_NotificationService_endpoint_qy8yyybzsrcod47fbdq9ikj7fx?temporary=true" "28150000-37b1-1901-9149-08ddfaa9a8a6" Contracts.UserCreatedEvent NotificationService.Consumers.UserEvents.UserCreatedConsumer("00:00:00.6748531") {"SourceContext":"MassTransit.ReceiveTransport"}
System.InvalidOperationException: The entity type 'Notification' requires a primary key to be defined. If you intended to use a keyless entity type, call 'HasNoKey' in 'OnModelCreating'. For more information on keyless entity types, see https://go.microsoft.com/fwlink/?linkid=2141943.
   at Microsoft.EntityFrameworkCore.Infrastructure.ModelValidator.ValidateNonNullPrimaryKeys(IModel model, IDiagnosticsLogger`1 logger)
   at Microsoft.EntityFrameworkCore.Infrastructure.ModelValidator.Validate(IModel model, IDiagnosticsLogger`1 logger)
   at Microsoft.EntityFrameworkCore.Infrastructure.RelationalModelValidator.Validate(IModel model, IDiagnosticsLogger`1 logger)
   at Npgsql.EntityFrameworkCore.PostgreSQL.Infrastructure.Internal.NpgsqlModelValidator.Validate(IModel model, IDiagnosticsLogger`1 logger)
   at Microsoft.EntityFrameworkCore.Infrastructure.ModelRuntimeInitializer.Initialize(IModel model, Boolean designTime, IDiagnosticsLogger`1 validationLogger)
   at Microsoft.EntityFrameworkCore.Infrastructure.ModelSource.CreateModel(DbContext context, ModelCreationDependencies modelCreationDependencies, Boolean designTime)
   at Microsoft.EntityFrameworkCore.Infrastructure.ModelSource.GetModel(DbContext context, ModelCreationDependencies modelCreationDependencies, Boolean designTime)
   at Microsoft.EntityFrameworkCore.Internal.DbContextServices.CreateModel(Boolean designTime)
   at Microsoft.EntityFrameworkCore.Internal.DbContextServices.get_Model()
   at Microsoft.EntityFrameworkCore.Infrastructure.EntityFrameworkServicesBuilder.<>c.<TryAddCoreServices>b__8_4(IServiceProvider p)
   at Microsoft.Extensions.DependencyInjection.ServiceLookup.CallSiteVisitor`2.VisitCallSiteMain(ServiceCallSite callSite, TArgument argument)
   at Microsoft.Extensions.DependencyInjection.ServiceLookup.CallSiteRuntimeResolver.VisitCache(ServiceCallSite callSite, RuntimeResolverContext context, ServiceProviderEngineScope serviceProviderEngine, RuntimeResolverLock lockType)
   at Microsoft.Extensions.DependencyInjection.ServiceLookup.CallSiteRuntimeResolver.VisitScopeCache(ServiceCallSite callSite, RuntimeResolverContext context)
   at Microsoft.Extensions.DependencyInjection.ServiceLookup.CallSiteVisitor`2.VisitCallSite(ServiceCallSite callSite, TArgument argument)
   at Microsoft.Extensions.DependencyInjection.ServiceLookup.CallSiteVisitor`2.VisitCallSiteMain(ServiceCallSite callSite, TArgument argument)
   at Microsoft.Extensions.DependencyInjection.ServiceLookup.CallSiteRuntimeResolver.VisitCache(ServiceCallSite callSite, RuntimeResolverContext context, ServiceProviderEngineScope serviceProviderEngine, RuntimeResolverLock lockType)
   at Microsoft.Extensions.DependencyInjection.ServiceLookup.CallSiteRuntimeResolver.VisitScopeCache(ServiceCallSite callSite, RuntimeResolverContext context)
   at Microsoft.Extensions.DependencyInjection.ServiceLookup.CallSiteVisitor`2.VisitCallSite(ServiceCallSite callSite, TArgument argument)
   at Microsoft.Extensions.DependencyInjection.ServiceLookup.CallSiteVisitor`2.VisitCallSiteMain(ServiceCallSite callSite, TArgument argument)
   at Microsoft.Extensions.DependencyInjection.ServiceLookup.CallSiteRuntimeResolver.VisitCache(ServiceCallSite callSite, RuntimeResolverContext context, ServiceProviderEngineScope serviceProviderEngine, RuntimeResolverLock lockType)
   at Microsoft.Extensions.DependencyInjection.ServiceLookup.CallSiteRuntimeResolver.VisitScopeCache(ServiceCallSite callSite, RuntimeResolverContext context)
   at Microsoft.Extensions.DependencyInjection.ServiceLookup.CallSiteVisitor`2.VisitCallSite(ServiceCallSite callSite, TArgument argument)
   at Microsoft.Extensions.DependencyInjection.ServiceLookup.CallSiteVisitor`2.VisitCallSiteMain(ServiceCallSite callSite, TArgument argument)
   at Microsoft.Extensions.DependencyInjection.ServiceLookup.CallSiteRuntimeResolver.VisitCache(ServiceCallSite callSite, RuntimeResolverContext context, ServiceProviderEngineScope serviceProviderEngine, RuntimeResolverLock lockType)
   at Microsoft.Extensions.DependencyInjection.ServiceLookup.CallSiteRuntimeResolver.VisitScopeCache(ServiceCallSite callSite, RuntimeResolverContext context)
   at Microsoft.Extensions.DependencyInjection.ServiceLookup.CallSiteVisitor`2.VisitCallSite(ServiceCallSite callSite, TArgument argument)
   at Microsoft.Extensions.DependencyInjection.ServiceLookup.CallSiteVisitor`2.VisitCallSiteMain(ServiceCallSite callSite, TArgument argument)
   at Microsoft.Extensions.DependencyInjection.ServiceLookup.CallSiteRuntimeResolver.VisitCache(ServiceCallSite callSite, RuntimeResolverContext context, ServiceProviderEngineScope serviceProviderEngine, RuntimeResolverLock lockType)
   at Microsoft.Extensions.DependencyInjection.ServiceLookup.CallSiteRuntimeResolver.VisitScopeCache(ServiceCallSite callSite, RuntimeResolverContext context)
   at Microsoft.Extensions.DependencyInjection.ServiceLookup.CallSiteVisitor`2.VisitCallSite(ServiceCallSite callSite, TArgument argument)
   at Microsoft.Extensions.DependencyInjection.ServiceLookup.CallSiteVisitor`2.VisitCallSiteMain(ServiceCallSite callSite, TArgument argument)
   at Microsoft.Extensions.DependencyInjection.ServiceLookup.CallSiteRuntimeResolver.VisitCache(ServiceCallSite callSite, RuntimeResolverContext context, ServiceProviderEngineScope serviceProviderEngine, RuntimeResolverLock lockType)
   at Microsoft.Extensions.DependencyInjection.ServiceLookup.CallSiteRuntimeResolver.VisitScopeCache(ServiceCallSite callSite, RuntimeResolverContext context)
   at Microsoft.Extensions.DependencyInjection.ServiceLookup.CallSiteVisitor`2.VisitCallSite(ServiceCallSite callSite, TArgument argument)
   at Microsoft.Extensions.DependencyInjection.ServiceLookup.CallSiteRuntimeResolver.Resolve(ServiceCallSite callSite, ServiceProviderEngineScope scope)
   at Microsoft.Extensions.DependencyInjection.ServiceLookup.DynamicServiceProviderEngine.<>c__DisplayClass2_0.<RealizeService>b__0(ServiceProviderEngineScope scope)
   at Microsoft.Extensions.DependencyInjection.ServiceProviderServiceExtensions.GetRequiredService(IServiceProvider provider, Type serviceType)
   at Microsoft.Extensions.DependencyInjection.ServiceProviderServiceExtensions.GetRequiredService[T](IServiceProvider provider)
   at Microsoft.EntityFrameworkCore.DbContext.get_DbContextDependencies()
   at Microsoft.EntityFrameworkCore.DbContext.get_ContextServices()
   at Microsoft.EntityFrameworkCore.DbContext.get_InternalServiceProvider()
   at Microsoft.EntityFrameworkCore.DbContext.get_DbContextDependencies()
   at Microsoft.EntityFrameworkCore.DbContext.Microsoft.EntityFrameworkCore.Internal.IDbContextDependencies.get_StateManager()
   at Microsoft.EntityFrameworkCore.Internal.InternalDbSet`1.EntryWithoutDetectChanges(TEntity entity)
   at Microsoft.EntityFrameworkCore.Internal.InternalDbSet`1.Add(TEntity entity)
   at NotificationService.Services.NotificationDispatcher.DispatchAsync(Guid userId, String title, String message, NotificationChannel channel, String email) in C:\Users\jeffr\Documents\Programming\Chomp\NotificationService\Services\NotificationDispatcher.cs:line 36
   at NotificationService.Consumers.UserEvents.UserCreatedConsumer.Consume(ConsumeContext`1 context) in C:\Users\jeffr\Documents\Programming\Chomp\NotificationService\Consumers\UserEvents\UserCreatedConsumer.cs:line 24
   at MassTransit.DependencyInjection.ScopeConsumerFactory`1.Send[TMessage](ConsumeContext`1 context, IPipe`1 next) in /_/src/MassTransit/DependencyInjection/DependencyInjection/ScopeConsumerFactory.cs:line 22
   at MassTransit.DependencyInjection.ScopeConsumerFactory`1.Send[TMessage](ConsumeContext`1 context, IPipe`1 next) in /_/src/MassTransit/DependencyInjection/DependencyInjection/ScopeConsumerFactory.cs:line 22
   at MassTransit.Middleware.ConsumerMessageFilter`2.MassTransit.IFilter<MassTransit.ConsumeContext<TMessage>>.Send(ConsumeContext`1 context, IPipe`1 next) in /_/src/MassTransit/Middleware/ConsumerMessageFilter.cs:line 48
][2025-09-23 22:02:47.262 +08:00 INF Application is shutting down... {"SourceContext":"Microsoft.Hosting.Lifetime"}
][2025-09-23 22:02:47.319 +08:00 INF Bus stopped: "rabbitmq://localhost/" {"SourceContext":"MassTransit"}
][2025-09-23 22:03:25.522 +08:00 ERR Failed executing DbCommand (20ms) [Parameters=[], CommandType='"Text"', CommandTimeout='30']
SELECT "MigrationId", "ProductVersion"
FROM "__EFMigrationsHistory"
ORDER BY "MigrationId"; {"EventId":{"Id":20102,"Name":"Microsoft.EntityFrameworkCore.Database.Command.CommandError"},"SourceContext":"Microsoft.EntityFrameworkCore.Database.Command"}
][2025-09-23 22:04:16.327 +08:00 INF Starting up NotificationService {}
][2025-09-23 22:04:16.460 +08:00 INF Configured endpoint DESKTOPHUMQD41_NotificationService_endpoint_dy1yyybzsrcont9pbdq9ikoib9, Consumer: NotificationService.Consumers.OrderEvents.OrderCancelledConsumer {"SourceContext":"MassTransit"}
][2025-09-23 22:04:16.465 +08:00 INF Configured endpoint DESKTOPHUMQD41_NotificationService_endpoint_dy1yyybzsrcont9pbdq9ikoib9, Consumer: NotificationService.Consumers.OrderEvents.OrderConfirmedConsumer {"SourceContext":"MassTransit"}
][2025-09-23 22:04:16.469 +08:00 INF Configured endpoint DESKTOPHUMQD41_NotificationService_endpoint_dy1yyybzsrcont9pbdq9ikoib9, Consumer: NotificationService.Consumers.OrderEvents.OrderPlacedConsumer {"SourceContext":"MassTransit"}
][2025-09-23 22:04:16.472 +08:00 INF Configured endpoint DESKTOPHUMQD41_NotificationService_endpoint_dy1yyybzsrcont9pbdq9ikoib9, Consumer: NotificationService.Consumers.OrderEvents.OrderUpdatedConsumer {"SourceContext":"MassTransit"}
][2025-09-23 22:04:16.477 +08:00 INF Configured endpoint DESKTOPHUMQD41_NotificationService_endpoint_dy1yyybzsrcont9pbdq9ikoib9, Consumer: NotificationService.Consumers.PaymentEvents.PaymentFailedConsumer {"SourceContext":"MassTransit"}
][2025-09-23 22:04:16.483 +08:00 INF Configured endpoint DESKTOPHUMQD41_NotificationService_endpoint_dy1yyybzsrcont9pbdq9ikoib9, Consumer: NotificationService.Consumers.PaymentEvents.PaymentSucceededConsumer {"SourceContext":"MassTransit"}
][2025-09-23 22:04:16.487 +08:00 INF Configured endpoint DESKTOPHUMQD41_NotificationService_endpoint_dy1yyybzsrcont9pbdq9ikoib9, Consumer: NotificationService.Consumers.ProductEvents.ProductCreatedConsumer {"SourceContext":"MassTransit"}
][2025-09-23 22:04:16.490 +08:00 INF Configured endpoint DESKTOPHUMQD41_NotificationService_endpoint_dy1yyybzsrcont9pbdq9ikoib9, Consumer: NotificationService.Consumers.ProductEvents.ProductDeletedConsumer {"SourceContext":"MassTransit"}
][2025-09-23 22:04:16.493 +08:00 INF Configured endpoint DESKTOPHUMQD41_NotificationService_endpoint_dy1yyybzsrcont9pbdq9ikoib9, Consumer: NotificationService.Consumers.ProductEvents.ProductUpdatedConsumer {"SourceContext":"MassTransit"}
][2025-09-23 22:04:16.496 +08:00 INF Configured endpoint DESKTOPHUMQD41_NotificationService_endpoint_dy1yyybzsrcont9pbdq9ikoib9, Consumer: NotificationService.Consumers.UserEvents.UserCreatedConsumer {"SourceContext":"MassTransit"}
][2025-09-23 22:04:16.499 +08:00 INF Configured endpoint DESKTOPHUMQD41_NotificationService_endpoint_dy1yyybzsrcont9pbdq9ikoib9, Consumer: NotificationService.Consumers.UserEvents.UserDeletedConsumer {"SourceContext":"MassTransit"}
][2025-09-23 22:04:16.502 +08:00 INF Configured endpoint DESKTOPHUMQD41_NotificationService_endpoint_dy1yyybzsrcont9pbdq9ikoib9, Consumer: NotificationService.Consumers.UserEvents.UserUpdatedConsumer {"SourceContext":"MassTransit"}
][2025-09-23 22:04:16.678 +08:00 INF Now listening on: http://localhost:5213 {"EventId":{"Id":14,"Name":"ListeningOnAddress"},"SourceContext":"Microsoft.Hosting.Lifetime"}
][2025-09-23 22:04:16.680 +08:00 INF Application started. Press Ctrl+C to shut down. {"SourceContext":"Microsoft.Hosting.Lifetime"}
][2025-09-23 22:04:16.682 +08:00 INF Hosting environment: Development {"SourceContext":"Microsoft.Hosting.Lifetime"}
][2025-09-23 22:04:16.683 +08:00 INF Content root path: C:\Users\jeffr\Documents\Programming\Chomp\NotificationService {"SourceContext":"Microsoft.Hosting.Lifetime"}
][2025-09-23 22:04:16.816 +08:00 INF Bus started: "rabbitmq://localhost/" {"SourceContext":"MassTransit"}
][2025-09-23 22:07:54.955 +08:00 WRN Failed to determine the https port for redirect. {"EventId":{"Id":3,"Name":"FailedToDeterminePort"},"SourceContext":"Microsoft.AspNetCore.HttpsPolicy.HttpsRedirectionMiddleware","RequestId":"0HNFQL9VKDIQ6:00000002","RequestPath":"/api/notification/my-notifications","ConnectionId":"0HNFQL9VKDIQ6"}
][2025-09-23 22:07:54.990 +08:00 INF User "25c73b40-c4c3-4863-88d0-3472944444cc" requested their notifications. Page: 0, Size: 0 {"SourceContext":"NotificationService.Controllers.NotificationController","ActionId":"9c5c1b55-682e-4059-9dc9-f6aba66139d6","ActionName":"NotificationService.Controllers.NotificationController.GetMyNotifications (NotificationService)","RequestId":"0HNFQL9VKDIQ6:00000002","RequestPath":"/api/notification/my-notifications","ConnectionId":"0HNFQL9VKDIQ6"}
][2025-09-23 22:07:54.996 +08:00 WRN Invalid pagination for user "25c73b40-c4c3-4863-88d0-3472944444cc": pageNumber=0, pageSize=0 {"SourceContext":"NotificationService.Services.NotificationService","ActionId":"9c5c1b55-682e-4059-9dc9-f6aba66139d6","ActionName":"NotificationService.Controllers.NotificationController.GetMyNotifications (NotificationService)","RequestId":"0HNFQL9VKDIQ6:00000002","RequestPath":"/api/notification/my-notifications","ConnectionId":"0HNFQL9VKDIQ6"}
][2025-09-23 22:07:55.001 +08:00 ERR Unhandled exception occurred while processing /api/notification/my-notifications {"RequestId":"0HNFQL9VKDIQ6:00000002","RequestPath":"/api/notification/my-notifications","ConnectionId":"0HNFQL9VKDIQ6"}
System.ArgumentException: Invalid pagination parameters.
   at NotificationService.Services.NotificationService.GetMyNotifications(Guid userId, Int32 pageNumber, Int32 pageSize) in C:\Users\jeffr\Documents\Programming\Chomp\NotificationService\Services\NotificationService.cs:line 55
   at NotificationService.Controllers.NotificationController.GetMyNotifications(Int32 pageNumber, Int32 pageSize) in C:\Users\jeffr\Documents\Programming\Chomp\NotificationService\Controllers\NotificationController.cs:line 52
   at Microsoft.AspNetCore.Mvc.Infrastructure.ActionMethodExecutor.TaskOfIActionResultExecutor.Execute(ActionContext actionContext, IActionResultTypeMapper mapper, ObjectMethodExecutor executor, Object controller, Object[] arguments)
   at Microsoft.AspNetCore.Mvc.Infrastructure.ControllerActionInvoker.<InvokeActionMethodAsync>g__Awaited|12_0(ControllerActionInvoker invoker, ValueTask`1 actionResultValueTask)
   at Microsoft.AspNetCore.Mvc.Infrastructure.ControllerActionInvoker.<InvokeNextActionFilterAsync>g__Awaited|10_0(ControllerActionInvoker invoker, Task lastTask, State next, Scope scope, Object state, Boolean isCompleted)
   at Microsoft.AspNetCore.Mvc.Infrastructure.ControllerActionInvoker.Rethrow(ActionExecutedContextSealed context)
   at Microsoft.AspNetCore.Mvc.Infrastructure.ControllerActionInvoker.Next(State& next, Scope& scope, Object& state, Boolean& isCompleted)
   at Microsoft.AspNetCore.Mvc.Infrastructure.ControllerActionInvoker.InvokeInnerFilterAsync()
--- End of stack trace from previous location ---
   at Microsoft.AspNetCore.Mvc.Infrastructure.ResourceInvoker.<InvokeFilterPipelineAsync>g__Awaited|20_0(ResourceInvoker invoker, Task lastTask, State next, Scope scope, Object state, Boolean isCompleted)
   at Microsoft.AspNetCore.Mvc.Infrastructure.ResourceInvoker.<InvokeAsync>g__Awaited|17_0(ResourceInvoker invoker, Task task, IDisposable scope)
   at Microsoft.AspNetCore.Mvc.Infrastructure.ResourceInvoker.<InvokeAsync>g__Awaited|17_0(ResourceInvoker invoker, Task task, IDisposable scope)
   at Swashbuckle.AspNetCore.SwaggerUI.SwaggerUIMiddleware.Invoke(HttpContext httpContext)
   at Swashbuckle.AspNetCore.Swagger.SwaggerMiddleware.Invoke(HttpContext httpContext, ISwaggerProvider swaggerProvider)
   at Microsoft.AspNetCore.Authorization.AuthorizationMiddleware.Invoke(HttpContext context)
   at Microsoft.AspNetCore.Authentication.AuthenticationMiddleware.Invoke(HttpContext context)
   at NotificationService.Middleware.ExceptionHandlingMiddleware.InvokeAsync(HttpContext context) in C:\Users\jeffr\Documents\Programming\Chomp\NotificationService\Middleware\ExceptionHandlingMiddleware.cs:line 21
][2025-09-23 22:08:08.577 +08:00 INF User "25c73b40-c4c3-4863-88d0-3472944444cc" requested their notifications. Page: 1, Size: 12 {"SourceContext":"NotificationService.Controllers.NotificationController","ActionId":"9c5c1b55-682e-4059-9dc9-f6aba66139d6","ActionName":"NotificationService.Controllers.NotificationController.GetMyNotifications (NotificationService)","RequestId":"0HNFQL9VKDIQ6:00000003","RequestPath":"/api/notification/my-notifications","ConnectionId":"0HNFQL9VKDIQ6"}
][2025-09-23 22:08:08.581 +08:00 INF Fetching notifications for user "25c73b40-c4c3-4863-88d0-3472944444cc": page 1, size 12 {"SourceContext":"NotificationService.Services.NotificationService","ActionId":"9c5c1b55-682e-4059-9dc9-f6aba66139d6","ActionName":"NotificationService.Controllers.NotificationController.GetMyNotifications (NotificationService)","RequestId":"0HNFQL9VKDIQ6:00000003","RequestPath":"/api/notification/my-notifications","ConnectionId":"0HNFQL9VKDIQ6"}
][2025-09-23 22:08:08.843 +08:00 INF Retrieved 1 notifications for user "25c73b40-c4c3-4863-88d0-3472944444cc" {"SourceContext":"NotificationService.Services.NotificationService","ActionId":"9c5c1b55-682e-4059-9dc9-f6aba66139d6","ActionName":"NotificationService.Controllers.NotificationController.GetMyNotifications (NotificationService)","RequestId":"0HNFQL9VKDIQ6:00000003","RequestPath":"/api/notification/my-notifications","ConnectionId":"0HNFQL9VKDIQ6"}
][2025-09-23 22:08:08.848 +08:00 INF Retrieved 1 notifications for user "25c73b40-c4c3-4863-88d0-3472944444cc" {"SourceContext":"NotificationService.Controllers.NotificationController","ActionId":"9c5c1b55-682e-4059-9dc9-f6aba66139d6","ActionName":"NotificationService.Controllers.NotificationController.GetMyNotifications (NotificationService)","RequestId":"0HNFQL9VKDIQ6:00000003","RequestPath":"/api/notification/my-notifications","ConnectionId":"0HNFQL9VKDIQ6"}
][2025-09-23 22:09:16.850 +08:00 INF Usage Telemetry: {"id":"18240000-37b1-1901-9c02-08ddfaaa153e","created":"2025-09-23T22:04:16.4288212\u002B08:00","host":{"framework_version":"8.0.17","mass_transit_version":"8.5.2.0","operating_system_version":"Microsoft Windows NT 10.0.26100.0","time_zone_info":"(UTC\u002B08:00) Kuala Lumpur, Singapore","commit_hash":"96adb565f7cc311488d1df104549f924203be760"},"bus":[{"created":"2025-09-23T22:04:16.4304838\u002B08:00","configured":"2025-09-23T22:04:16.5971236\u002B08:00","started":"2025-09-23T22:04:16.8159677\u002B08:00","name":"IBus","endpoints":[{"name":"DESKTOPHUMQD41_NotificationService_endpoint_dy1yyybzsrcont9pbdq9ikoib9","type":"RabbitMQ","prefetch_count":16,"consumer_count":12,"message_count":12},{"name":"_bus_","type":"RabbitMQ","prefetch_count":16}]}]} {"SourceContext":"MassTransit"}
][2025-09-23 22:11:08.968 +08:00 INF User "25c73b40-c4c3-4863-88d0-3472944444cc" requested their notifications. Page: 1, Size: 12 {"SourceContext":"NotificationService.Controllers.NotificationController","ActionId":"9c5c1b55-682e-4059-9dc9-f6aba66139d6","ActionName":"NotificationService.Controllers.NotificationController.GetMyNotifications (NotificationService)","RequestId":"0HNFQL9VKDIQ8:00000001","RequestPath":"/api/notification/my-notifications","ConnectionId":"0HNFQL9VKDIQ8"}
][2025-09-23 22:11:08.971 +08:00 INF Fetching notifications for user "25c73b40-c4c3-4863-88d0-3472944444cc": page 1, size 12 {"SourceContext":"NotificationService.Services.NotificationService","ActionId":"9c5c1b55-682e-4059-9dc9-f6aba66139d6","ActionName":"NotificationService.Controllers.NotificationController.GetMyNotifications (NotificationService)","RequestId":"0HNFQL9VKDIQ8:00000001","RequestPath":"/api/notification/my-notifications","ConnectionId":"0HNFQL9VKDIQ8"}
][2025-09-23 22:11:08.979 +08:00 INF Retrieved 2 notifications for user "25c73b40-c4c3-4863-88d0-3472944444cc" {"SourceContext":"NotificationService.Services.NotificationService","ActionId":"9c5c1b55-682e-4059-9dc9-f6aba66139d6","ActionName":"NotificationService.Controllers.NotificationController.GetMyNotifications (NotificationService)","RequestId":"0HNFQL9VKDIQ8:00000001","RequestPath":"/api/notification/my-notifications","ConnectionId":"0HNFQL9VKDIQ8"}
][2025-09-23 22:11:08.983 +08:00 INF Retrieved 2 notifications for user "25c73b40-c4c3-4863-88d0-3472944444cc" {"SourceContext":"NotificationService.Controllers.NotificationController","ActionId":"9c5c1b55-682e-4059-9dc9-f6aba66139d6","ActionName":"NotificationService.Controllers.NotificationController.GetMyNotifications (NotificationService)","RequestId":"0HNFQL9VKDIQ8:00000001","RequestPath":"/api/notification/my-notifications","ConnectionId":"0HNFQL9VKDIQ8"}
][2025-09-23 23:22:07.002 +08:00 INF User "83b8fa56-a6b7-4a27-8c6b-6d19e33d92ef" requested their notifications. Page: 1, Size: 12 {"SourceContext":"NotificationService.Controllers.NotificationController","ActionId":"9c5c1b55-682e-4059-9dc9-f6aba66139d6","ActionName":"NotificationService.Controllers.NotificationController.GetMyNotifications (NotificationService)","RequestId":"0HNFQL9VKDIQC:00000001","RequestPath":"/api/Notification/my-notifications","ConnectionId":"0HNFQL9VKDIQC"}
][2025-09-23 23:22:07.007 +08:00 INF Fetching notifications for user "83b8fa56-a6b7-4a27-8c6b-6d19e33d92ef": page 1, size 12 {"SourceContext":"NotificationService.Services.NotificationService","ActionId":"9c5c1b55-682e-4059-9dc9-f6aba66139d6","ActionName":"NotificationService.Controllers.NotificationController.GetMyNotifications (NotificationService)","RequestId":"0HNFQL9VKDIQC:00000001","RequestPath":"/api/Notification/my-notifications","ConnectionId":"0HNFQL9VKDIQC"}
][2025-09-23 23:22:07.049 +08:00 INF Retrieved 12 notifications for user "83b8fa56-a6b7-4a27-8c6b-6d19e33d92ef" {"SourceContext":"NotificationService.Services.NotificationService","ActionId":"9c5c1b55-682e-4059-9dc9-f6aba66139d6","ActionName":"NotificationService.Controllers.NotificationController.GetMyNotifications (NotificationService)","RequestId":"0HNFQL9VKDIQC:00000001","RequestPath":"/api/Notification/my-notifications","ConnectionId":"0HNFQL9VKDIQC"}
][2025-09-23 23:22:07.053 +08:00 INF Retrieved 12 notifications for user "83b8fa56-a6b7-4a27-8c6b-6d19e33d92ef" {"SourceContext":"NotificationService.Controllers.NotificationController","ActionId":"9c5c1b55-682e-4059-9dc9-f6aba66139d6","ActionName":"NotificationService.Controllers.NotificationController.GetMyNotifications (NotificationService)","RequestId":"0HNFQL9VKDIQC:00000001","RequestPath":"/api/Notification/my-notifications","ConnectionId":"0HNFQL9VKDIQC"}
][2025-09-23 23:22:28.591 +08:00 INF User "83b8fa56-a6b7-4a27-8c6b-6d19e33d92ef" requested their notifications. Page: 1, Size: 12 {"SourceContext":"NotificationService.Controllers.NotificationController","ActionId":"9c5c1b55-682e-4059-9dc9-f6aba66139d6","ActionName":"NotificationService.Controllers.NotificationController.GetMyNotifications (NotificationService)","RequestId":"0HNFQL9VKDIQC:00000003","RequestPath":"/api/Notification/my-notifications","ConnectionId":"0HNFQL9VKDIQC"}
][2025-09-23 23:22:28.596 +08:00 INF Fetching notifications for user "83b8fa56-a6b7-4a27-8c6b-6d19e33d92ef": page 1, size 12 {"SourceContext":"NotificationService.Services.NotificationService","ActionId":"9c5c1b55-682e-4059-9dc9-f6aba66139d6","ActionName":"NotificationService.Controllers.NotificationController.GetMyNotifications (NotificationService)","RequestId":"0HNFQL9VKDIQC:00000003","RequestPath":"/api/Notification/my-notifications","ConnectionId":"0HNFQL9VKDIQC"}
][2025-09-23 23:22:28.601 +08:00 INF Retrieved 12 notifications for user "83b8fa56-a6b7-4a27-8c6b-6d19e33d92ef" {"SourceContext":"NotificationService.Services.NotificationService","ActionId":"9c5c1b55-682e-4059-9dc9-f6aba66139d6","ActionName":"NotificationService.Controllers.NotificationController.GetMyNotifications (NotificationService)","RequestId":"0HNFQL9VKDIQC:00000003","RequestPath":"/api/Notification/my-notifications","ConnectionId":"0HNFQL9VKDIQC"}
][2025-09-23 23:22:28.605 +08:00 INF Retrieved 12 notifications for user "83b8fa56-a6b7-4a27-8c6b-6d19e33d92ef" {"SourceContext":"NotificationService.Controllers.NotificationController","ActionId":"9c5c1b55-682e-4059-9dc9-f6aba66139d6","ActionName":"NotificationService.Controllers.NotificationController.GetMyNotifications (NotificationService)","RequestId":"0HNFQL9VKDIQC:00000003","RequestPath":"/api/Notification/my-notifications","ConnectionId":"0HNFQL9VKDIQC"}
][2025-09-23 23:22:40.520 +08:00 INF User "83b8fa56-a6b7-4a27-8c6b-6d19e33d92ef" requested Notification read endpoint. {"SourceContext":"NotificationService.Controllers.NotificationController","ActionId":"cd9f1ac6-3459-4e9d-8f5a-a950117627dd","ActionName":"NotificationService.Controllers.NotificationController.NotifRead (NotificationService)","RequestId":"0HNFQL9VKDIQC:00000004","RequestPath":"/api/Notification/0b54718b-0e38-478a-ae5a-ac6e0a95ac2a","ConnectionId":"0HNFQL9VKDIQC"}
][2025-09-23 23:23:06.835 +08:00 INF User "83b8fa56-a6b7-4a27-8c6b-6d19e33d92ef" requested their notifications. Page: 1, Size: 12 {"SourceContext":"NotificationService.Controllers.NotificationController","ActionId":"9c5c1b55-682e-4059-9dc9-f6aba66139d6","ActionName":"NotificationService.Controllers.NotificationController.GetMyNotifications (NotificationService)","RequestId":"0HNFQL9VKDIQC:00000005","RequestPath":"/api/Notification/my-notifications","ConnectionId":"0HNFQL9VKDIQC"}
][2025-09-23 23:23:06.839 +08:00 INF Fetching notifications for user "83b8fa56-a6b7-4a27-8c6b-6d19e33d92ef": page 1, size 12 {"SourceContext":"NotificationService.Services.NotificationService","ActionId":"9c5c1b55-682e-4059-9dc9-f6aba66139d6","ActionName":"NotificationService.Controllers.NotificationController.GetMyNotifications (NotificationService)","RequestId":"0HNFQL9VKDIQC:00000005","RequestPath":"/api/Notification/my-notifications","ConnectionId":"0HNFQL9VKDIQC"}
][2025-09-23 23:23:06.845 +08:00 INF Retrieved 12 notifications for user "83b8fa56-a6b7-4a27-8c6b-6d19e33d92ef" {"SourceContext":"NotificationService.Services.NotificationService","ActionId":"9c5c1b55-682e-4059-9dc9-f6aba66139d6","ActionName":"NotificationService.Controllers.NotificationController.GetMyNotifications (NotificationService)","RequestId":"0HNFQL9VKDIQC:00000005","RequestPath":"/api/Notification/my-notifications","ConnectionId":"0HNFQL9VKDIQC"}
][2025-09-23 23:23:06.849 +08:00 INF Retrieved 12 notifications for user "83b8fa56-a6b7-4a27-8c6b-6d19e33d92ef" {"SourceContext":"NotificationService.Controllers.NotificationController","ActionId":"9c5c1b55-682e-4059-9dc9-f6aba66139d6","ActionName":"NotificationService.Controllers.NotificationController.GetMyNotifications (NotificationService)","RequestId":"0HNFQL9VKDIQC:00000005","RequestPath":"/api/Notification/my-notifications","ConnectionId":"0HNFQL9VKDIQC"}
][2025-09-23 23:23:39.915 +08:00 INF Admin requested all notifications. Page: 0, Size: 0 {"SourceContext":"NotificationService.Controllers.NotificationController","ActionId":"44453ac6-7c6a-4ec2-bb2e-30dcf9865da2","ActionName":"NotificationService.Controllers.NotificationController.GetAll (NotificationService)","RequestId":"0HNFQL9VKDIQC:00000006","RequestPath":"/api/Notification","ConnectionId":"0HNFQL9VKDIQC"}
][2025-09-23 23:23:39.919 +08:00 WRN Invalid pagination parameters: pageNumber=0, pageSize=0 {"SourceContext":"NotificationService.Services.NotificationService","ActionId":"44453ac6-7c6a-4ec2-bb2e-30dcf9865da2","ActionName":"NotificationService.Controllers.NotificationController.GetAll (NotificationService)","RequestId":"0HNFQL9VKDIQC:00000006","RequestPath":"/api/Notification","ConnectionId":"0HNFQL9VKDIQC"}
][2025-09-23 23:23:39.925 +08:00 ERR Unhandled exception occurred while processing /api/Notification {"RequestId":"0HNFQL9VKDIQC:00000006","RequestPath":"/api/Notification","ConnectionId":"0HNFQL9VKDIQC"}
System.ArgumentException: Invalid pagination parameters.
   at NotificationService.Services.NotificationService.GetAllNotifications(Int32 pageNumber, Int32 pageSize) in C:\Users\jeffr\Documents\Programming\Chomp\NotificationService\Services\NotificationService.cs:line 25
   at NotificationService.Controllers.NotificationController.GetAll(Int32 pageNumber, Int32 pageSize) in C:\Users\jeffr\Documents\Programming\Chomp\NotificationService\Controllers\NotificationController.cs:line 33
   at Microsoft.AspNetCore.Mvc.Infrastructure.ActionMethodExecutor.TaskOfIActionResultExecutor.Execute(ActionContext actionContext, IActionResultTypeMapper mapper, ObjectMethodExecutor executor, Object controller, Object[] arguments)
   at Microsoft.AspNetCore.Mvc.Infrastructure.ControllerActionInvoker.<InvokeActionMethodAsync>g__Awaited|12_0(ControllerActionInvoker invoker, ValueTask`1 actionResultValueTask)
   at Microsoft.AspNetCore.Mvc.Infrastructure.ControllerActionInvoker.<InvokeNextActionFilterAsync>g__Awaited|10_0(ControllerActionInvoker invoker, Task lastTask, State next, Scope scope, Object state, Boolean isCompleted)
   at Microsoft.AspNetCore.Mvc.Infrastructure.ControllerActionInvoker.Rethrow(ActionExecutedContextSealed context)
   at Microsoft.AspNetCore.Mvc.Infrastructure.ControllerActionInvoker.Next(State& next, Scope& scope, Object& state, Boolean& isCompleted)
   at Microsoft.AspNetCore.Mvc.Infrastructure.ControllerActionInvoker.InvokeInnerFilterAsync()
--- End of stack trace from previous location ---
   at Microsoft.AspNetCore.Mvc.Infrastructure.ResourceInvoker.<InvokeFilterPipelineAsync>g__Awaited|20_0(ResourceInvoker invoker, Task lastTask, State next, Scope scope, Object state, Boolean isCompleted)
   at Microsoft.AspNetCore.Mvc.Infrastructure.ResourceInvoker.<InvokeAsync>g__Awaited|17_0(ResourceInvoker invoker, Task task, IDisposable scope)
   at Microsoft.AspNetCore.Mvc.Infrastructure.ResourceInvoker.<InvokeAsync>g__Awaited|17_0(ResourceInvoker invoker, Task task, IDisposable scope)
   at Swashbuckle.AspNetCore.SwaggerUI.SwaggerUIMiddleware.Invoke(HttpContext httpContext)
   at Swashbuckle.AspNetCore.Swagger.SwaggerMiddleware.Invoke(HttpContext httpContext, ISwaggerProvider swaggerProvider)
   at Microsoft.AspNetCore.Authorization.AuthorizationMiddleware.Invoke(HttpContext context)
   at Microsoft.AspNetCore.Authentication.AuthenticationMiddleware.Invoke(HttpContext context)
   at NotificationService.Middleware.ExceptionHandlingMiddleware.InvokeAsync(HttpContext context) in C:\Users\jeffr\Documents\Programming\Chomp\NotificationService\Middleware\ExceptionHandlingMiddleware.cs:line 21
][2025-09-23 23:23:49.666 +08:00 INF Admin requested all notifications. Page: 1, Size: 12 {"SourceContext":"NotificationService.Controllers.NotificationController","ActionId":"44453ac6-7c6a-4ec2-bb2e-30dcf9865da2","ActionName":"NotificationService.Controllers.NotificationController.GetAll (NotificationService)","RequestId":"0HNFQL9VKDIQC:00000007","RequestPath":"/api/Notification","ConnectionId":"0HNFQL9VKDIQC"}
][2025-09-23 23:23:49.671 +08:00 INF Fetching all notifications: page 1, size 12 {"SourceContext":"NotificationService.Services.NotificationService","ActionId":"44453ac6-7c6a-4ec2-bb2e-30dcf9865da2","ActionName":"NotificationService.Controllers.NotificationController.GetAll (NotificationService)","RequestId":"0HNFQL9VKDIQC:00000007","RequestPath":"/api/Notification","ConnectionId":"0HNFQL9VKDIQC"}
][2025-09-23 23:23:49.680 +08:00 INF Retrieved 12 notifications for admin {"SourceContext":"NotificationService.Services.NotificationService","ActionId":"44453ac6-7c6a-4ec2-bb2e-30dcf9865da2","ActionName":"NotificationService.Controllers.NotificationController.GetAll (NotificationService)","RequestId":"0HNFQL9VKDIQC:00000007","RequestPath":"/api/Notification","ConnectionId":"0HNFQL9VKDIQC"}
][2025-09-23 23:23:49.684 +08:00 INF Retrieved 12 notifications for admin {"SourceContext":"NotificationService.Controllers.NotificationController","ActionId":"44453ac6-7c6a-4ec2-bb2e-30dcf9865da2","ActionName":"NotificationService.Controllers.NotificationController.GetAll (NotificationService)","RequestId":"0HNFQL9VKDIQC:00000007","RequestPath":"/api/Notification","ConnectionId":"0HNFQL9VKDIQC"}
]